Archive member included because of file (symbol)

C:\Users\Jeff\Documents\svn\reclone-sdk.git\branches\develop\third-party\FreeRTOS_EC\Debug\libFreeRTOS_EC.a(AManagedTask.o)
                              ./src/BlinkyTask.o (AManagedTask::AManagedTask())
C:\Users\Jeff\Documents\svn\reclone-sdk.git\branches\develop\third-party\FreeRTOS_EC\Debug\libFreeRTOS_EC.a(CFreeRTOS.o)
                              ./src/main.o (CFreeRTOS::InitHardwareForManagedTasks())
C:\Users\Jeff\Documents\svn\reclone-sdk.git\branches\develop\third-party\FreeRTOS_EC\Debug\libFreeRTOS_EC.a(CTask.o)
                              C:\Users\Jeff\Documents\svn\reclone-sdk.git\branches\develop\third-party\FreeRTOS_EC\Debug\libFreeRTOS_EC.a(AManagedTask.o) (CTask::CTask())
C:\Users\Jeff\Documents\svn\reclone-sdk.git\branches\develop\third-party\FreeRTOS\Source\Debug\libFreeRTOS.a(port.o)
                              C:\Users\Jeff\Documents\svn\reclone-sdk.git\branches\develop\third-party\FreeRTOS_EC\Debug\libFreeRTOS_EC.a(AManagedTask.o) (vPortEnterCritical)
C:\Users\Jeff\Documents\svn\reclone-sdk.git\branches\develop\third-party\FreeRTOS\Source\Debug\libFreeRTOS.a(tasks.o)
                              C:\Users\Jeff\Documents\svn\reclone-sdk.git\branches\develop\third-party\FreeRTOS\Source\Debug\libFreeRTOS.a(port.o) (pxCurrentTCB)
C:\Users\Jeff\Documents\svn\reclone-sdk.git\branches\develop\third-party\FreeRTOS\Source\Debug\libFreeRTOS.a(timers.o)
                              C:\Users\Jeff\Documents\svn\reclone-sdk.git\branches\develop\third-party\FreeRTOS\Source\Debug\libFreeRTOS.a(tasks.o) (xTimerCreateTimerTask)
C:\Users\Jeff\Documents\svn\reclone-sdk.git\branches\develop\third-party\FreeRTOS\Source\Debug\libFreeRTOS.a(heap_1.o)
                              C:\Users\Jeff\Documents\svn\reclone-sdk.git\branches\develop\third-party\FreeRTOS\Source\Debug\libFreeRTOS.a(tasks.o) (pvPortMalloc)
C:\Users\Jeff\Documents\svn\reclone-sdk.git\branches\develop\third-party\FreeRTOS\Source\Debug\libFreeRTOS.a(list.o)
                              C:\Users\Jeff\Documents\svn\reclone-sdk.git\branches\develop\third-party\FreeRTOS\Source\Debug\libFreeRTOS.a(tasks.o) (vListInitialise)
C:\Users\Jeff\Documents\svn\reclone-sdk.git\branches\develop\third-party\FreeRTOS\Source\Debug\libFreeRTOS.a(queue.o)
                              C:\Users\Jeff\Documents\svn\reclone-sdk.git\branches\develop\third-party\FreeRTOS\Source\Debug\libFreeRTOS.a(timers.o) (xQueueGenericCreate)
C:\Users\Jeff\Documents\svn\reclone-sdk.git\branches\develop\third-party\STM32CubeF4\Debug\libSTM32CubeF4.a(stm32f4xx_hal_gpio.o)
                              ./src/BlinkyTask.o (HAL_GPIO_Init)
C:\Users\Jeff\Documents\svn\reclone-sdk.git\branches\develop\third-party\STM32CubeF4\Debug\libSTM32CubeF4.a(stm32f4xx_ll_fsmc.o)
                              ./src/FsmcTask.o (FSMC_NORSRAM_Init)
C:\Users\Jeff\Documents\svn\reclone-sdk.git\branches\develop\third-party\STM32CubeF4\Debug\libSTM32CubeF4.a(system_stm32f4xx.o)
                              ./src/main.o (SystemCoreClock)
C:\Users\Jeff\Documents\svn\reclone-sdk.git\branches\develop\third-party\STM32CubeF4\Debug\libSTM32CubeF4.a(stm32f4xx_hal.o)
                              C:\Users\Jeff\Documents\svn\reclone-sdk.git\branches\develop\third-party\STM32CubeF4\Debug\libSTM32CubeF4.a(stm32f4xx_ll_fsmc.o) (HAL_GetTick)
C:\Users\Jeff\Documents\svn\reclone-sdk.git\branches\develop\third-party\STM32CubeF4\Debug\libSTM32CubeF4.a(stm32f4xx_hal_cortex.o)
                              C:\Users\Jeff\Documents\svn\reclone-sdk.git\branches\develop\third-party\STM32CubeF4\Debug\libSTM32CubeF4.a(stm32f4xx_hal.o) (HAL_NVIC_SetPriorityGrouping)
C:\Users\Jeff\Documents\svn\reclone-sdk.git\branches\develop\third-party\STM32CubeF4\Debug\libSTM32CubeF4.a(stm32f4xx_hal_rcc.o)
                              C:\Users\Jeff\Documents\svn\reclone-sdk.git\branches\develop\third-party\STM32CubeF4\Debug\libSTM32CubeF4.a(stm32f4xx_hal.o) (HAL_RCC_GetHCLKFreq)
C:\Users\Jeff\Documents\svn\reclone-sdk.git\branches\develop\bsp\discovery_m6plus_bsp\Debug\libDiscovery_m6plus_BSP.a(_cxx.o)
                              C:\Users\Jeff\Documents\svn\reclone-sdk.git\branches\develop\third-party\FreeRTOS_EC\Debug\libFreeRTOS_EC.a(AManagedTask.o) (__cxa_pure_virtual)
C:\Users\Jeff\Documents\svn\reclone-sdk.git\branches\develop\bsp\discovery_m6plus_bsp\Debug\libDiscovery_m6plus_BSP.a(_exit.o)
                              (_exit)
C:\Users\Jeff\Documents\svn\reclone-sdk.git\branches\develop\bsp\discovery_m6plus_bsp\Debug\libDiscovery_m6plus_BSP.a(_sbrk.o)
                              (_sbrk)
C:\Users\Jeff\Documents\svn\reclone-sdk.git\branches\develop\bsp\discovery_m6plus_bsp\Debug\libDiscovery_m6plus_BSP.a(_startup.o)
                              (_start)
C:\Users\Jeff\Documents\svn\reclone-sdk.git\branches\develop\bsp\discovery_m6plus_bsp\Debug\libDiscovery_m6plus_BSP.a(_syscalls.o)
[...]
Memory Configuration

Name             Origin             Length             Attributes
RAM              0x20000000         0x00020000         xrw
CCMRAM           0x10000000         0x00010000         xrw
FLASH            0x08000000         0x00100000         xr
FLASHB1          0x00000000         0x00000000         xr
EXTMEMB0         0x00000000         0x00000000         xr
EXTMEMB1         0x00000000         0x00000000         xr
EXTMEMB2         0x00000000         0x00000000         xr
EXTMEMB3         0x00000000         0x00000000         xr
MEMORY_ARRAY     0x20002000         0x00000020         xrw
*default*        0x00000000         0xffffffff

Linker script and memory map

LOAD ./src/BlinkyTask.o
LOAD ./src/FsmcTask.o
LOAD ./src/main.o
LOAD C:\Users\Jeff\Documents\svn\reclone-sdk.git\branches\develop\third-party\FreeRTOS_EC\Debug\libFreeRTOS_EC.a
LOAD C:\Users\Jeff\Documents\svn\reclone-sdk.git\branches\develop\third-party\FreeRTOS\Source\Debug\libFreeRTOS.a
LOAD C:\Users\Jeff\Documents\svn\reclone-sdk.git\branches\develop\third-party\STM32CubeF4\Debug\libSTM32CubeF4.a
LOAD C:\Users\Jeff\Documents\svn\reclone-sdk.git\branches\develop\bsp\discovery_m6plus_bsp\Debug\libDiscovery_m6plus_BSP.a
LOAD c:/program files (x86)/gnu tools arm embedded/4.8 2014q2/bin/../lib/gcc/arm-none-eabi/4.8.4/../../../../arm-none-eabi/lib/armv7e-m/softfp\libstdc++_s.a
LOAD c:/program files (x86)/gnu tools arm embedded/4.8 2014q2/bin/../lib/gcc/arm-none-eabi/4.8.4/../../../../arm-none-eabi/lib/armv7e-m/softfp\libm.a
START GROUP
LOAD c:/program files (x86)/gnu tools arm embedded/4.8 2014q2/bin/../lib/gcc/arm-none-eabi/4.8.4/armv7e-m/softfp\libgcc.a
LOAD c:/program files (x86)/gnu tools arm embedded/4.8 2014q2/bin/../lib/gcc/arm-none-eabi/4.8.4/../../../../arm-none-eabi/lib/armv7e-m/softfp\libg_s.a
LOAD c:/program files (x86)/gnu tools arm embedded/4.8 2014q2/bin/../lib/gcc/arm-none-eabi/4.8.4/../../../../arm-none-eabi/lib/armv7e-m/softfp\libc_s.a
END GROUP
START GROUP
LOAD c:/program files (x86)/gnu tools arm embedded/4.8 2014q2/bin/../lib/gcc/arm-none-eabi/4.8.4/armv7e-m/softfp\libgcc.a
LOAD c:/program files (x86)/gnu tools arm embedded/4.8 2014q2/bin/../lib/gcc/arm-none-eabi/4.8.4/../../../../arm-none-eabi/lib/armv7e-m/softfp\libc_s.a
END GROUP
                0x20020000                __stack = (ORIGIN (RAM) + 0x20000)
                0x20020000                _estack = __stack
                0x00000400                __Main_Stack_Size = 0x400
                0x00000400                PROVIDE (_Main_Stack_Size, __Main_Stack_Size)
                0x2001fc00                __Main_Stack_Limit = (__stack - __Main_Stack_Size)
                0x2001fc00                PROVIDE (_Main_Stack_Limit, __Main_Stack_Limit)
                0x00000100                _Minimum_Stack_Size = 0x100
                0x20012ec0                PROVIDE (_Heap_Begin, _end_noinit)
                0x2001fc00                PROVIDE (_Heap_Limit, (__stack - __Main_Stack_Size))

.isr_vector     0x08000000      0x474
 FILL mask 0xff
                0x08000000                __vectors_start__ = ABSOLUTE (.)
 *(.isr_vector)
 .isr_vector    0x08000000      0x188 C:\Users\Jeff\Documents\svn\reclone-sdk.git\branches\develop\bsp\discovery_m6plus_bsp\Debug\libDiscovery_m6plus_BSP.a(vectors_stm32f4xx.o)
                0x08000000                __isr_vectors
 *(.cfmconfig)
 *(.after_vectors .after_vectors.*)
 .after_vectors
                0x08000188      0x178 C:\Users\Jeff\Documents\svn\reclone-sdk.git\branches\develop\bsp\discovery_m6plus_bsp\Debug\libDiscovery_m6plus_BSP.a(_startup.o)
                0x08000188                _start
 .after_vectors
                0x08000300        0x8 C:\Users\Jeff\Documents\svn\reclone-sdk.git\branches\develop\bsp\discovery_m6plus_bsp\Debug\libDiscovery_m6plus_BSP.a(vectors_stm32f4xx.o)
                0x08000300                RTC_Alarm_IRQHandler
                0x08000300                HASH_RNG_IRQHandler
                0x08000300                EXTI2_IRQHandler
                0x08000300                TIM8_CC_IRQHandler
                0x08000300                TIM1_CC_IRQHandler
                0x08000300                DMA2_Stream5_IRQHandler
                0x08000300                DMA1_Stream5_IRQHandler
                0x08000300                PVD_IRQHandler
                0x08000300                SDIO_IRQHandler
                0x08000300                TAMP_STAMP_IRQHandler
                0x08000300                CAN2_RX1_IRQHandler
                0x08000300                EXTI3_IRQHandler
                0x08000300                TIM8_TRG_COM_TIM14_IRQHandler
                0x08000300                TIM1_UP_TIM10_IRQHandler
                0x08000300                TIM8_UP_TIM13_IRQHandler
                0x08000300                I2C3_ER_IRQHandler
                0x08000300                EXTI0_IRQHandler
                0x08000300                I2C2_EV_IRQHandler
                0x08000300                DMA1_Stream2_IRQHandler
                0x08000300                CAN1_RX0_IRQHandler
                0x08000300                FPU_IRQHandler
                0x08000300                OTG_HS_WKUP_IRQHandler
                0x08000300                CAN2_SCE_IRQHandler
                0x08000300                DMA2_Stream2_IRQHandler
                0x08000300                SPI1_IRQHandler
                0x08000300                TIM6_DAC_IRQHandler
                0x08000300                TIM1_BRK_TIM9_IRQHandler
                0x08000300                DCMI_IRQHandler
                0x08000300                CAN2_RX0_IRQHandler
                0x08000300                DMA2_Stream3_IRQHandler
                0x08000300                USART6_IRQHandler
                0x08000300                USART3_IRQHandler
                0x08000300                CAN1_RX1_IRQHandler
                0x08000300                UART5_IRQHandler
                0x08000300                DMA2_Stream0_IRQHandler
                0x08000300                TIM4_IRQHandler
                0x08000300                I2C1_EV_IRQHandler
                0x08000300                DMA1_Stream6_IRQHandler
                0x08000300                DMA1_Stream1_IRQHandler
                0x08000300                UART4_IRQHandler
                0x08000300                TIM3_IRQHandler
                0x08000300                RCC_IRQHandler
                0x08000300                TIM8_BRK_TIM12_IRQHandler
                0x08000300                Default_Handler
                0x08000300                EXTI15_10_IRQHandler
                0x08000300                ADC_IRQHandler
                0x08000300                DMA1_Stream7_IRQHandler
                0x08000300                TIM7_IRQHandler
                0x08000300                CAN2_TX_IRQHandler
                0x08000300                TIM5_IRQHandler
                0x08000300                DMA2_Stream7_IRQHandler
                0x08000300                I2C3_EV_IRQHandler
                0x08000300                EXTI9_5_IRQHandler
                0x08000300                RTC_WKUP_IRQHandler
                0x08000300                ETH_WKUP_IRQHandler
                0x08000300                SPI2_IRQHandler
                0x08000300                OTG_HS_EP1_IN_IRQHandler
                0x08000300                DMA1_Stream0_IRQHandler
                0x08000300                CAN1_TX_IRQHandler
                0x08000300                EXTI4_IRQHandler
                0x08000300                FSMC_IRQHandler
                0x08000300                ETH_IRQHandler
                0x08000300                OTG_HS_EP1_OUT_IRQHandler
                0x08000300                WWDG_IRQHandler
                0x08000300                TIM2_IRQHandler
                0x08000300                OTG_FS_WKUP_IRQHandler
                0x08000300                TIM1_TRG_COM_TIM11_IRQHandler
                0x08000300                OTG_HS_IRQHandler
                0x08000300                EXTI1_IRQHandler
                0x08000300                USART2_IRQHandler
                0x08000300                I2C2_ER_IRQHandler
                0x08000300                DMA2_Stream1_IRQHandler
                0x08000300                CAN1_SCE_IRQHandler
                0x08000300                FLASH_IRQHandler
                0x08000300                DMA2_Stream4_IRQHandler
                0x08000300                USART1_IRQHandler
                0x08000300                OTG_FS_IRQHandler
                0x08000300                SPI3_IRQHandler
                0x08000300                DMA1_Stream4_IRQHandler
                0x08000300                I2C1_ER_IRQHandler
                0x08000300                DMA2_Stream6_IRQHandler
                0x08000300                DMA1_Stream3_IRQHandler
 .after_vectors
                0x08000308      0x16c C:\Users\Jeff\Documents\svn\reclone-sdk.git\branches\develop\bsp\discovery_m6plus_bsp\Debug\libDiscovery_m6plus_BSP.a(exception_handlers.o)
                0x08000308                Reset_Handler
                0x08000310                NMI_Handler
                0x08000318                HardFault_Handler
                0x0800032c                HardFault_Handler_C
                0x0800039c                MemManage_Handler
                0x080003a4                BusFault_Handler
                0x080003b8                BusFault_Handler_C
                0x080003f4                UsageFault_Handler
                0x08000408                UsageFault_Handler_C
                0x0800044c                DebugMon_Handler

.inits          0x08000474       0x28
                0x08000474                __data_regions_array_start = .
                0x08000474        0x4 LONG 0x8007160 LOADADDR (.data)
                0x08000478        0x4 LONG 0x20000000 ADDR (.data)
                0x0800047c        0x4 LONG 0x20000084 (ADDR (.data) + SIZEOF (.data))
                0x08000480        0x4 LONG 0x8007160 LOADADDR (.data_CCMRAM)
                0x08000484        0x4 LONG 0x10000000 ADDR (.data_CCMRAM)
                0x08000488        0x4 LONG 0x10000000 (ADDR (.data_CCMRAM) + SIZEOF (.data_CCMRAM))
                0x0800048c                __data_regions_array_end = .
                0x0800048c                __bss_regions_array_start = .
                0x0800048c        0x4 LONG 0x20000084 ADDR (.bss)
                0x08000490        0x4 LONG 0x20012ec0 (ADDR (.bss) + SIZEOF (.bss))
                0x08000494        0x4 LONG 0x10000000 ADDR (.bss_CCMRAM)
                0x08000498        0x4 LONG 0x10000000 (ADDR (.bss_CCMRAM) + SIZEOF (.bss_CCMRAM))
                0x0800049c                __bss_regions_array_end = .
 *(.init)
 *(.fini)
                0x0800049c                . = ALIGN (0x4)
                0x0800049c                PROVIDE (__preinit_array_start, .)
 *(.preinit_array_sysinit .preinit_array_sysinit.*)
 *(.preinit_array_platform .preinit_array_platform.*)
 *(.preinit_array .preinit_array.*)
                0x0800049c                PROVIDE (__preinit_array_end, .)
                0x0800049c                . = ALIGN (0x4)
                0x0800049c                PROVIDE (__init_array_start, .)
 *(SORT(.init_array.*))
 *(.init_array)
                0x0800049c                PROVIDE (__init_array_end, .)
                0x0800049c                . = ALIGN (0x4)
                0x0800049c                PROVIDE (__fini_array_start, .)
 *(SORT(.fini_array.*))
 *(.fini_array)
                0x0800049c                PROVIDE (__fini_array_end, .)

.flashtext
 *(.flashtext .flashtext.*)

.text           0x080004a0     0x6a95
 *(.text .text.*)
 .text._ZNK5CTask7IsValidEv
                0x080004a0       0x24 ./src/BlinkyTask.o
                0x080004a0                CTask::IsValid() const
 .text._ZN5CTask6DetachEv
                0x080004c4       0x24 ./src/BlinkyTask.o
                0x080004c4                CTask::Detach()
 .text._ZN12AManagedTask8OnCreateEPKctm
                0x080004e8       0x20 ./src/BlinkyTask.o
                0x080004e8                AManagedTask::OnCreate(char const*, unsigned short, unsigned long)
 .text._ZN5CTask5DelayEm
                0x08000508       0x14 ./src/FsmcTask.o
                0x08000508                CTask::Delay(unsigned long)
 .text._ZN8FsmcTaskC2Ev
                0x0800051c       0x2c ./src/FsmcTask.o
                0x0800051c                FsmcTask::FsmcTask()
                0x0800051c                FsmcTask::FsmcTask()
 .text._ZN8FsmcTask3RunEv
                0x08000548       0xb0 ./src/FsmcTask.o
                0x08000548                FsmcTask::Run()
 .text._ZN8FsmcTask12HardwareInitEv
                0x080005f8      0x178 ./src/FsmcTask.o
                0x080005f8                FsmcTask::HardwareInit()
 .text._ZN8FsmcTaskD2Ev
                0x08000770       0x30 ./src/FsmcTask.o
                0x08000770                FsmcTask::~FsmcTask()
                0x08000770                FsmcTask::~FsmcTask()
 .text._ZN8FsmcTaskD0Ev
                0x080007a0       0x20 ./src/FsmcTask.o
                0x080007a0                FsmcTask::~FsmcTask()
 .text._ZN9CFreeRTOS14StartSchedulerEv
                0x080007c0        0xc ./src/main.o
                0x080007c0                CFreeRTOS::StartScheduler()
 .text.main     0x080007cc       0x58 ./src/main.o
                0x080007cc                main
 .text._ZN5CTask13EnterCriticalEv
                0x08000824        0xc C:\Users\Jeff\Documents\svn\reclone-sdk.git\branches\develop\third-party\FreeRTOS_EC\Debug\libFreeRTOS_EC.a(AManagedTask.o)
                0x08000824                CTask::EnterCritical()
 .text._ZN5CTask12ExitCriticalEv
                0x08000830        0xc C:\Users\Jeff\Documents\svn\reclone-sdk.git\branches\develop\third-party\FreeRTOS_EC\Debug\libFreeRTOS_EC.a(AManagedTask.o)
                0x08000830                CTask::ExitCritical()
 .text._ZN12AManagedTask12HardwareInitEv
                0x0800083c       0x18 C:\Users\Jeff\Documents\svn\reclone-sdk.git\branches\develop\third-party\FreeRTOS_EC\Debug\libFreeRTOS_EC.a(AManagedTask.o)
                0x0800083c                AManagedTask::HardwareInit()
 .text._ZN9CFreeRTOS15SuspendAllTasksEv
                0x08000854        0xc C:\Users\Jeff\Documents\svn\reclone-sdk.git\branches\develop\third-party\FreeRTOS_EC\Debug\libFreeRTOS_EC.a(AManagedTask.o)
                0x08000854                CFreeRTOS::SuspendAllTasks()
 .text._ZN9CFreeRTOS14ResumeAllTasksEv
                0x08000860       0x10 C:\Users\Jeff\Documents\svn\reclone-sdk.git\branches\develop\third-party\FreeRTOS_EC\Debug\libFreeRTOS_EC.a(AManagedTask.o)
                0x08000860                CFreeRTOS::ResumeAllTasks()
 .text._ZN12AManagedTaskC2Ev
                0x08000870       0x40 C:\Users\Jeff\Documents\svn\reclone-sdk.git\branches\develop\third-party\FreeRTOS_EC\Debug\libFreeRTOS_EC.a(AManagedTask.o)
                0x08000870                AManagedTask::AManagedTask()
                0x08000870                AManagedTask::AManagedTask()
 .text._ZN12AManagedTaskD2Ev
                0x080008b0       0x38 C:\Users\Jeff\Documents\svn\reclone-sdk.git\branches\develop\third-party\FreeRTOS_EC\Debug\libFreeRTOS_EC.a(AManagedTask.o)
                0x080008b0                AManagedTask::~AManagedTask()
                0x080008b0                AManagedTask::~AManagedTask()
 .text._ZN12AManagedTaskD0Ev
                0x080008e8       0x20 C:\Users\Jeff\Documents\svn\reclone-sdk.git\branches\develop\third-party\FreeRTOS_EC\Debug\libFreeRTOS_EC.a(AManagedTask.o)
                0x080008e8                AManagedTask::~AManagedTask()
 .text._ZN12AManagedTask6CreateEPKctm
                0x08000908       0x58 C:\Users\Jeff\Documents\svn\reclone-sdk.git\branches\develop\third-party\FreeRTOS_EC\Debug\libFreeRTOS_EC.a(AManagedTask.o)
                0x08000908                AManagedTask::Create(char const*, unsigned short, unsigned long)
 .text._ZN12AManagedTask15taskControlFuncEPv
                0x08000960       0x1c C:\Users\Jeff\Documents\svn\reclone-sdk.git\branches\develop\third-party\FreeRTOS_EC\Debug\libFreeRTOS_EC.a(AManagedTask.o)
                0x08000960                AManagedTask::taskControlFunc(void*)
 .text._ZN12AManagedTask16AddToManagedTaskEPS_
                0x0800097c       0x3c C:\Users\Jeff\Documents\svn\reclone-sdk.git\branches\develop\third-party\FreeRTOS_EC\Debug\libFreeRTOS_EC.a(AManagedTask.o)
                0x0800097c                AManagedTask::AddToManagedTask(AManagedTask*)
 .text._ZN12AManagedTask21RemoveFromManagedTaskEPS_
                0x080009b8       0x68 C:\Users\Jeff\Documents\svn\reclone-sdk.git\branches\develop\third-party\FreeRTOS_EC\Debug\libFreeRTOS_EC.a(AManagedTask.o)
                0x080009b8                AManagedTask::RemoveFromManagedTask(AManagedTask*)
 .text._ZN12AManagedTask27InitHardwareForManagedTasksEv
                0x08000a20       0x48 C:\Users\Jeff\Documents\svn\reclone-sdk.git\branches\develop\third-party\FreeRTOS_EC\Debug\libFreeRTOS_EC.a(AManagedTask.o)
                0x08000a20                AManagedTask::InitHardwareForManagedTasks()
 .text._ZN9CFreeRTOS27InitHardwareForManagedTasksEv
                0x08000a68       0x10 C:\Users\Jeff\Documents\svn\reclone-sdk.git\branches\develop\third-party\FreeRTOS_EC\Debug\libFreeRTOS_EC.a(CFreeRTOS.o)
                0x08000a68                CFreeRTOS::InitHardwareForManagedTasks()
 .text._ZN12IFreeRTOSObjC2Ev
                0x08000a78       0x20 C:\Users\Jeff\Documents\svn\reclone-sdk.git\branches\develop\third-party\FreeRTOS_EC\Debug\libFreeRTOS_EC.a(CTask.o)
                0x08000a78                IFreeRTOSObj::IFreeRTOSObj()
                0x08000a78                IFreeRTOSObj::IFreeRTOSObj()
 .text._ZN5CTaskC2Ev
                0x08000a98       0x2c C:\Users\Jeff\Documents\svn\reclone-sdk.git\branches\develop\third-party\FreeRTOS_EC\Debug\libFreeRTOS_EC.a(CTask.o)
                0x08000a98                CTask::CTask()
                0x08000a98                CTask::CTask()
 .text._ZN5CTaskD2Ev
                0x08000ac4       0x3c C:\Users\Jeff\Documents\svn\reclone-sdk.git\branches\develop\third-party\FreeRTOS_EC\Debug\libFreeRTOS_EC.a(CTask.o)
                0x08000ac4                CTask::~CTask()
                0x08000ac4                CTask::~CTask()
 .text._ZN5CTaskD0Ev
                0x08000b00       0x20 C:\Users\Jeff\Documents\svn\reclone-sdk.git\branches\develop\third-party\FreeRTOS_EC\Debug\libFreeRTOS_EC.a(CTask.o)
                0x08000b00                CTask::~CTask()
 .text._ZN5CTask6AttachEPv
                0x08000b20       0x4c C:\Users\Jeff\Documents\svn\reclone-sdk.git\branches\develop\third-party\FreeRTOS_EC\Debug\libFreeRTOS_EC.a(CTask.o)
                0x08000b20                CTask::Attach(void*)
 .text._ZN5CTask6CreateEPFvPvEPKctS0_m
                0x08000b6c       0x54 C:\Users\Jeff\Documents\svn\reclone-sdk.git\branches\develop\third-party\FreeRTOS_EC\Debug\libFreeRTOS_EC.a(CTask.o)
                0x08000b6c                CTask::Create(void (*)(void*), char const*, unsigned short, void*, unsigned long)
 .text._ZN5CTask6DeleteEv
                0x08000bc0       0x30 C:\Users\Jeff\Documents\svn\reclone-sdk.git\branches\develop\third-party\FreeRTOS_EC\Debug\libFreeRTOS_EC.a(CTask.o)
                0x08000bc0                CTask::Delete()
 .text.pxPortInitialiseStack
                0x08000bf0       0x64 C:\Users\Jeff\Documents\svn\reclone-sdk.git\branches\develop\third-party\FreeRTOS\Source\Debug\libFreeRTOS.a(port.o)
                0x08000bf0                pxPortInitialiseStack
 .text.prvTaskExitError
                0x08000c54       0x3c C:\Users\Jeff\Documents\svn\reclone-sdk.git\branches\develop\third-party\FreeRTOS\Source\Debug\libFreeRTOS.a(port.o)
 .text.SVC_Handler
                0x08000c90       0x20 C:\Users\Jeff\Documents\svn\reclone-sdk.git\branches\develop\third-party\FreeRTOS\Source\Debug\libFreeRTOS.a(port.o)
                0x08000c90                SVC_Handler
 .text.prvPortStartFirstTask
                0x08000cb0       0x20 C:\Users\Jeff\Documents\svn\reclone-sdk.git\branches\develop\third-party\FreeRTOS\Source\Debug\libFreeRTOS.a(port.o)
 .text.xPortStartScheduler
                0x08000cd0      0x118 C:\Users\Jeff\Documents\svn\reclone-sdk.git\branches\develop\third-party\FreeRTOS\Source\Debug\libFreeRTOS.a(port.o)
                0x08000cd0                xPortStartScheduler
 .text.vPortEnterCritical
                0x08000de8       0x5c C:\Users\Jeff\Documents\svn\reclone-sdk.git\branches\develop\third-party\FreeRTOS\Source\Debug\libFreeRTOS.a(port.o)
                0x08000de8                vPortEnterCritical
 .text.vPortExitCritical
                0x08000e44       0x4c C:\Users\Jeff\Documents\svn\reclone-sdk.git\branches\develop\third-party\FreeRTOS\Source\Debug\libFreeRTOS.a(port.o)
                0x08000e44                vPortExitCritical
 .text.PendSV_Handler
                0x08000e90       0x60 C:\Users\Jeff\Documents\svn\reclone-sdk.git\branches\develop\third-party\FreeRTOS\Source\Debug\libFreeRTOS.a(port.o)
                0x08000e90                PendSV_Handler
 .text.SysTick_Handler
                0x08000ef0       0x44 C:\Users\Jeff\Documents\svn\reclone-sdk.git\branches\develop\third-party\FreeRTOS\Source\Debug\libFreeRTOS.a(port.o)
                0x08000ef0                SysTick_Handler
 .text.vPortSetupTimerInterrupt
                0x08000f34       0x34 C:\Users\Jeff\Documents\svn\reclone-sdk.git\branches\develop\third-party\FreeRTOS\Source\Debug\libFreeRTOS.a(port.o)
                0x08000f34                vPortSetupTimerInterrupt
 .text.vPortEnableVFP
                0x08000f68       0x14 C:\Users\Jeff\Documents\svn\reclone-sdk.git\branches\develop\third-party\FreeRTOS\Source\Debug\libFreeRTOS.a(port.o)
 .text.vPortValidateInterruptPriority
                0x08000f7c       0x78 C:\Users\Jeff\Documents\svn\reclone-sdk.git\branches\develop\third-party\FreeRTOS\Source\Debug\libFreeRTOS.a(port.o)
                0x08000f7c                vPortValidateInterruptPriority
 .text.xTaskGenericCreate
                0x08000ff4      0x1a0 C:\Users\Jeff\Documents\svn\reclone-sdk.git\branches\develop\third-party\FreeRTOS\Source\Debug\libFreeRTOS.a(tasks.o)
                0x08000ff4                xTaskGenericCreate
 .text.vTaskDelete
                0x08001194      0x104 C:\Users\Jeff\Documents\svn\reclone-sdk.git\branches\develop\third-party\FreeRTOS\Source\Debug\libFreeRTOS.a(tasks.o)
                0x08001194                vTaskDelete
 .text.vTaskDelay
                0x08001298       0xa4 C:\Users\Jeff\Documents\svn\reclone-sdk.git\branches\develop\third-party\FreeRTOS\Source\Debug\libFreeRTOS.a(tasks.o)
                0x08001298                vTaskDelay
 .text.vTaskStartScheduler
                0x0800133c       0x98 C:\Users\Jeff\Documents\svn\reclone-sdk.git\branches\develop\third-party\FreeRTOS\Source\Debug\libFreeRTOS.a(tasks.o)
                0x0800133c                vTaskStartScheduler
 .text.vTaskSuspendAll
                0x080013d4       0x1c C:\Users\Jeff\Documents\svn\reclone-sdk.git\branches\develop\third-party\FreeRTOS\Source\Debug\libFreeRTOS.a(tasks.o)
                0x080013d4                vTaskSuspendAll
 .text.xTaskResumeAll
                0x080013f0      0x128 C:\Users\Jeff\Documents\svn\reclone-sdk.git\branches\develop\third-party\FreeRTOS\Source\Debug\libFreeRTOS.a(tasks.o)
                0x080013f0                xTaskResumeAll
 .text.xTaskGetTickCount
                0x08001518       0x20 C:\Users\Jeff\Documents\svn\reclone-sdk.git\branches\develop\third-party\FreeRTOS\Source\Debug\libFreeRTOS.a(tasks.o)
                0x08001518                xTaskGetTickCount
 .text.xTaskIncrementTick
                0x08001538      0x18c C:\Users\Jeff\Documents\svn\reclone-sdk.git\branches\develop\third-party\FreeRTOS\Source\Debug\libFreeRTOS.a(tasks.o)
                0x08001538                xTaskIncrementTick
 .text.vTaskSwitchContext
                0x080016c4       0xfc C:\Users\Jeff\Documents\svn\reclone-sdk.git\branches\develop\third-party\FreeRTOS\Source\Debug\libFreeRTOS.a(tasks.o)
                0x080016c4                vTaskSwitchContext
 .text.vTaskPlaceOnEventList
                0x080017c0       0x9c C:\Users\Jeff\Documents\svn\reclone-sdk.git\branches\develop\third-party\FreeRTOS\Source\Debug\libFreeRTOS.a(tasks.o)
                0x080017c0                vTaskPlaceOnEventList
 .text.vTaskPlaceOnEventListRestricted
                0x0800185c       0x9c C:\Users\Jeff\Documents\svn\reclone-sdk.git\branches\develop\third-party\FreeRTOS\Source\Debug\libFreeRTOS.a(tasks.o)
                0x0800185c                vTaskPlaceOnEventListRestricted
 .text.xTaskRemoveFromEventList
                0x080018f8       0xc4 C:\Users\Jeff\Documents\svn\reclone-sdk.git\branches\develop\third-party\FreeRTOS\Source\Debug\libFreeRTOS.a(tasks.o)
                0x080018f8                xTaskRemoveFromEventList
 .text.vTaskSetTimeOutState
                0x080019bc       0x44 C:\Users\Jeff\Documents\svn\reclone-sdk.git\branches\develop\third-party\FreeRTOS\Source\Debug\libFreeRTOS.a(tasks.o)
                0x080019bc                vTaskSetTimeOutState
 .text.xTaskCheckForTimeOut
                0x08001a00       0xbc C:\Users\Jeff\Documents\svn\reclone-sdk.git\branches\develop\third-party\FreeRTOS\Source\Debug\libFreeRTOS.a(tasks.o)
                0x08001a00                xTaskCheckForTimeOut
 .text.vTaskMissedYield
                0x08001abc       0x18 C:\Users\Jeff\Documents\svn\reclone-sdk.git\branches\develop\third-party\FreeRTOS\Source\Debug\libFreeRTOS.a(tasks.o)
                0x08001abc                vTaskMissedYield
 .text.prvIdleTask
                0x08001ad4       0x34 C:\Users\Jeff\Documents\svn\reclone-sdk.git\branches\develop\third-party\FreeRTOS\Source\Debug\libFreeRTOS.a(tasks.o)
 .text.prvInitialiseTCBVariables
                0x08001b08       0xa4 C:\Users\Jeff\Documents\svn\reclone-sdk.git\branches\develop\third-party\FreeRTOS\Source\Debug\libFreeRTOS.a(tasks.o)
 .text.prvInitialiseTaskLists
                0x08001bac       0x7c C:\Users\Jeff\Documents\svn\reclone-sdk.git\branches\develop\third-party\FreeRTOS\Source\Debug\libFreeRTOS.a(tasks.o)
 .text.prvCheckTasksWaitingTermination
                0x08001c28       0x74 C:\Users\Jeff\Documents\svn\reclone-sdk.git\branches\develop\third-party\FreeRTOS\Source\Debug\libFreeRTOS.a(tasks.o)
 .text.prvAddCurrentTaskToDelayedList
                0x08001c9c       0x6c C:\Users\Jeff\Documents\svn\reclone-sdk.git\branches\develop\third-party\FreeRTOS\Source\Debug\libFreeRTOS.a(tasks.o)
 .text.prvAllocateTCBAndStack
                0x08001d08       0x70 C:\Users\Jeff\Documents\svn\reclone-sdk.git\branches\develop\third-party\FreeRTOS\Source\Debug\libFreeRTOS.a(tasks.o)
 .text.prvDeleteTCB
                0x08001d78       0x20 C:\Users\Jeff\Documents\svn\reclone-sdk.git\branches\develop\third-party\FreeRTOS\Source\Debug\libFreeRTOS.a(tasks.o)
 .text.prvResetNextTaskUnblockTime
                0x08001d98       0x48 C:\Users\Jeff\Documents\svn\reclone-sdk.git\branches\develop\third-party\FreeRTOS\Source\Debug\libFreeRTOS.a(tasks.o)
 .text.xTaskGetSchedulerState
                0x08001de0       0x3c C:\Users\Jeff\Documents\svn\reclone-sdk.git\branches\develop\third-party\FreeRTOS\Source\Debug\libFreeRTOS.a(tasks.o)
                0x08001de0                xTaskGetSchedulerState
 .text.vTaskPriorityInherit
                0x08001e1c       0xec C:\Users\Jeff\Documents\svn\reclone-sdk.git\branches\develop\third-party\FreeRTOS\Source\Debug\libFreeRTOS.a(tasks.o)
                0x08001e1c                vTaskPriorityInherit
 .text.xTaskPriorityDisinherit
                0x08001f08      0x108 C:\Users\Jeff\Documents\svn\reclone-sdk.git\branches\develop\third-party\FreeRTOS\Source\Debug\libFreeRTOS.a(tasks.o)
                0x08001f08                xTaskPriorityDisinherit
 .text.pvTaskIncrementMutexHeldCount
                0x08002010       0x28 C:\Users\Jeff\Documents\svn\reclone-sdk.git\branches\develop\third-party\FreeRTOS\Source\Debug\libFreeRTOS.a(tasks.o)
                0x08002010                pvTaskIncrementMutexHeldCount
 .text.xTimerCreateTimerTask
                0x08002038       0x68 C:\Users\Jeff\Documents\svn\reclone-sdk.git\branches\develop\third-party\FreeRTOS\Source\Debug\libFreeRTOS.a(timers.o)
                0x08002038                xTimerCreateTimerTask
 .text.xTimerGenericCommand
                0x080020a0       0x8c C:\Users\Jeff\Documents\svn\reclone-sdk.git\branches\develop\third-party\FreeRTOS\Source\Debug\libFreeRTOS.a(timers.o)
                0x080020a0                xTimerGenericCommand
 .text.prvProcessExpiredTimer
                0x0800212c       0x80 C:\Users\Jeff\Documents\svn\reclone-sdk.git\branches\develop\third-party\FreeRTOS\Source\Debug\libFreeRTOS.a(timers.o)
 .text.prvTimerTask
                0x080021ac       0x24 C:\Users\Jeff\Documents\svn\reclone-sdk.git\branches\develop\third-party\FreeRTOS\Source\Debug\libFreeRTOS.a(timers.o)
 .text.prvProcessTimerOrBlockTask
                0x080021d0       0x80 C:\Users\Jeff\Documents\svn\reclone-sdk.git\branches\develop\third-party\FreeRTOS\Source\Debug\libFreeRTOS.a(timers.o)
 .text.prvGetNextExpireTime
                0x08002250       0x48 C:\Users\Jeff\Documents\svn\reclone-sdk.git\branches\develop\third-party\FreeRTOS\Source\Debug\libFreeRTOS.a(timers.o)
 .text.prvSampleTimeNow
                0x08002298       0x40 C:\Users\Jeff\Documents\svn\reclone-sdk.git\branches\develop\third-party\FreeRTOS\Source\Debug\libFreeRTOS.a(timers.o)
 .text.prvInsertTimerInActiveList
                0x080022d8       0x84 C:\Users\Jeff\Documents\svn\reclone-sdk.git\branches\develop\third-party\FreeRTOS\Source\Debug\libFreeRTOS.a(timers.o)
 .text.prvProcessReceivedCommands
                0x0800235c      0x12c C:\Users\Jeff\Documents\svn\reclone-sdk.git\branches\develop\third-party\FreeRTOS\Source\Debug\libFreeRTOS.a(timers.o)
 .text.prvSwitchTimerLists
                0x08002488       0xc0 C:\Users\Jeff\Documents\svn\reclone-sdk.git\branches\develop\third-party\FreeRTOS\Source\Debug\libFreeRTOS.a(timers.o)
 .text.prvCheckForValidListAndQueue
                0x08002548       0x8c C:\Users\Jeff\Documents\svn\reclone-sdk.git\branches\develop\third-party\FreeRTOS\Source\Debug\libFreeRTOS.a(timers.o)
 .text.pvPortMalloc
                0x080025d4       0x98 C:\Users\Jeff\Documents\svn\reclone-sdk.git\branches\develop\third-party\FreeRTOS\Source\Debug\libFreeRTOS.a(heap_1.o)
                0x080025d4                pvPortMalloc
 .text.vPortFree
                0x0800266c       0x2c C:\Users\Jeff\Documents\svn\reclone-sdk.git\branches\develop\third-party\FreeRTOS\Source\Debug\libFreeRTOS.a(heap_1.o)
                0x0800266c                vPortFree
 .text.vListInitialise
                0x08002698       0x40 C:\Users\Jeff\Documents\svn\reclone-sdk.git\branches\develop\third-party\FreeRTOS\Source\Debug\libFreeRTOS.a(list.o)
                0x08002698                vListInitialise
 .text.vListInitialiseItem
                0x080026d8       0x18 C:\Users\Jeff\Documents\svn\reclone-sdk.git\branches\develop\third-party\FreeRTOS\Source\Debug\libFreeRTOS.a(list.o)
                0x080026d8                vListInitialiseItem
 .text.vListInsertEnd
                0x080026f0       0x48 C:\Users\Jeff\Documents\svn\reclone-sdk.git\branches\develop\third-party\FreeRTOS\Source\Debug\libFreeRTOS.a(list.o)
                0x080026f0                vListInsertEnd
 .text.vListInsert
                0x08002738       0x70 C:\Users\Jeff\Documents\svn\reclone-sdk.git\branches\develop\third-party\FreeRTOS\Source\Debug\libFreeRTOS.a(list.o)
                0x08002738                vListInsert
 .text.uxListRemove
                0x080027a8       0x54 C:\Users\Jeff\Documents\svn\reclone-sdk.git\branches\develop\third-party\FreeRTOS\Source\Debug\libFreeRTOS.a(list.o)
                0x080027a8                uxListRemove
 .text.xQueueGenericReset
                0x080027fc       0xd0 C:\Users\Jeff\Documents\svn\reclone-sdk.git\branches\develop\third-party\FreeRTOS\Source\Debug\libFreeRTOS.a(queue.o)
                0x080027fc                xQueueGenericReset
 .text.xQueueGenericCreate
                0x080028cc       0xb4 C:\Users\Jeff\Documents\svn\reclone-sdk.git\branches\develop\third-party\FreeRTOS\Source\Debug\libFreeRTOS.a(queue.o)
                0x080028cc                xQueueGenericCreate
 .text.xQueueGenericSend
                0x08002980      0x1ec C:\Users\Jeff\Documents\svn\reclone-sdk.git\branches\develop\third-party\FreeRTOS\Source\Debug\libFreeRTOS.a(queue.o)
                0x08002980                xQueueGenericSend
 .text.xQueueGenericSendFromISR
                0x08002b6c      0x118 C:\Users\Jeff\Documents\svn\reclone-sdk.git\branches\develop\third-party\FreeRTOS\Source\Debug\libFreeRTOS.a(queue.o)
                0x08002b6c                xQueueGenericSendFromISR
 .text.xQueueGenericReceive
                0x08002c84      0x20c C:\Users\Jeff\Documents\svn\reclone-sdk.git\branches\develop\third-party\FreeRTOS\Source\Debug\libFreeRTOS.a(queue.o)
                0x08002c84                xQueueGenericReceive
 .text.prvCopyDataToQueue
                0x08002e90       0xdc C:\Users\Jeff\Documents\svn\reclone-sdk.git\branches\develop\third-party\FreeRTOS\Source\Debug\libFreeRTOS.a(queue.o)
 .text.prvCopyDataFromQueue
                0x08002f6c       0x4c C:\Users\Jeff\Documents\svn\reclone-sdk.git\branches\develop\third-party\FreeRTOS\Source\Debug\libFreeRTOS.a(queue.o)
 .text.prvUnlockQueue
                0x08002fb8       0x98 C:\Users\Jeff\Documents\svn\reclone-sdk.git\branches\develop\third-party\FreeRTOS\Source\Debug\libFreeRTOS.a(queue.o)
 .text.prvIsQueueEmpty
                0x08003050       0x2c C:\Users\Jeff\Documents\svn\reclone-sdk.git\branches\develop\third-party\FreeRTOS\Source\Debug\libFreeRTOS.a(queue.o)
 .text.prvIsQueueFull
                0x0800307c       0x30 C:\Users\Jeff\Documents\svn\reclone-sdk.git\branches\develop\third-party\FreeRTOS\Source\Debug\libFreeRTOS.a(queue.o)
 .text.vQueueAddToRegistry
                0x080030ac       0x50 C:\Users\Jeff\Documents\svn\reclone-sdk.git\branches\develop\third-party\FreeRTOS\Source\Debug\libFreeRTOS.a(queue.o)
                0x080030ac                vQueueAddToRegistry
 .text.vQueueWaitForMessageRestricted
                0x080030fc       0x5c C:\Users\Jeff\Documents\svn\reclone-sdk.git\branches\develop\third-party\FreeRTOS\Source\Debug\libFreeRTOS.a(queue.o)
                0x080030fc                vQueueWaitForMessageRestricted
 .text.HAL_GPIO_Init
                0x08003158      0x340 C:\Users\Jeff\Documents\svn\reclone-sdk.git\branches\develop\third-party\STM32CubeF4\Debug\libSTM32CubeF4.a(stm32f4xx_hal_gpio.o)
                0x08003158                HAL_GPIO_Init
 .text.FSMC_NORSRAM_Init
                0x08003498       0x9c C:\Users\Jeff\Documents\svn\reclone-sdk.git\branches\develop\third-party\STM32CubeF4\Debug\libSTM32CubeF4.a(stm32f4xx_ll_fsmc.o)
                0x08003498                FSMC_NORSRAM_Init
 .text.FSMC_NORSRAM_DeInit
                0x08003534       0x68 C:\Users\Jeff\Documents\svn\reclone-sdk.git\branches\develop\third-party\STM32CubeF4\Debug\libSTM32CubeF4.a(stm32f4xx_ll_fsmc.o)
                0x08003534                FSMC_NORSRAM_DeInit
 .text.FSMC_NORSRAM_Timing_Init
                0x0800359c       0x7c C:\Users\Jeff\Documents\svn\reclone-sdk.git\branches\develop\third-party\STM32CubeF4\Debug\libSTM32CubeF4.a(stm32f4xx_ll_fsmc.o)
                0x0800359c                FSMC_NORSRAM_Timing_Init
 .text.FSMC_NORSRAM_Extended_Timing_Init
                0x08003618       0x90 C:\Users\Jeff\Documents\svn\reclone-sdk.git\branches\develop\third-party\STM32CubeF4\Debug\libSTM32CubeF4.a(stm32f4xx_ll_fsmc.o)
                0x08003618                FSMC_NORSRAM_Extended_Timing_Init
 .text.FSMC_NORSRAM_WriteOperation_Enable
                0x080036a8       0x2c C:\Users\Jeff\Documents\svn\reclone-sdk.git\branches\develop\third-party\STM32CubeF4\Debug\libSTM32CubeF4.a(stm32f4xx_ll_fsmc.o)
                0x080036a8                FSMC_NORSRAM_WriteOperation_Enable
 .text.SystemInit
                0x080036d4       0x6c C:\Users\Jeff\Documents\svn\reclone-sdk.git\branches\develop\third-party\STM32CubeF4\Debug\libSTM32CubeF4.a(system_stm32f4xx.o)
                0x080036d4                SystemInit
 .text.SystemCoreClockUpdate
                0x08003740       0xf4 C:\Users\Jeff\Documents\svn\reclone-sdk.git\branches\develop\third-party\STM32CubeF4\Debug\libSTM32CubeF4.a(system_stm32f4xx.o)
                0x08003740                SystemCoreClockUpdate
 .text.HAL_InitTick
                0x08003834       0x38 C:\Users\Jeff\Documents\svn\reclone-sdk.git\branches\develop\third-party\STM32CubeF4\Debug\libSTM32CubeF4.a(stm32f4xx_hal.o)
                0x08003834                HAL_InitTick
 .text.HAL_GetTick
                0x0800386c       0x18 C:\Users\Jeff\Documents\svn\reclone-sdk.git\branches\develop\third-party\STM32CubeF4\Debug\libSTM32CubeF4.a(stm32f4xx_hal.o)
                0x0800386c                HAL_GetTick
 .text.NVIC_GetPriorityGrouping
                0x08003884       0x1c C:\Users\Jeff\Documents\svn\reclone-sdk.git\branches\develop\third-party\STM32CubeF4\Debug\libSTM32CubeF4.a(stm32f4xx_hal_cortex.o)
 .text.NVIC_SetPriority
                0x080038a0       0x54 C:\Users\Jeff\Documents\svn\reclone-sdk.git\branches\develop\third-party\STM32CubeF4\Debug\libSTM32CubeF4.a(stm32f4xx_hal_cortex.o)
 .text.NVIC_EncodePriority
                0x080038f4       0x64 C:\Users\Jeff\Documents\svn\reclone-sdk.git\branches\develop\third-party\STM32CubeF4\Debug\libSTM32CubeF4.a(stm32f4xx_hal_cortex.o)
 .text.SysTick_Config
                0x08003958       0x44 C:\Users\Jeff\Documents\svn\reclone-sdk.git\branches\develop\third-party\STM32CubeF4\Debug\libSTM32CubeF4.a(stm32f4xx_hal_cortex.o)
 .text.HAL_NVIC_SetPriority
                0x0800399c       0x38 C:\Users\Jeff\Documents\svn\reclone-sdk.git\branches\develop\third-party\STM32CubeF4\Debug\libSTM32CubeF4.a(stm32f4xx_hal_cortex.o)
                0x0800399c                HAL_NVIC_SetPriority
 .text.HAL_SYSTICK_Config
                0x080039d4       0x18 C:\Users\Jeff\Documents\svn\reclone-sdk.git\branches\develop\third-party\STM32CubeF4\Debug\libSTM32CubeF4.a(stm32f4xx_hal_cortex.o)
                0x080039d4                HAL_SYSTICK_Config
 .text.HAL_RCC_OscConfig
                0x080039ec      0x48c C:\Users\Jeff\Documents\svn\reclone-sdk.git\branches\develop\third-party\STM32CubeF4\Debug\libSTM32CubeF4.a(stm32f4xx_hal_rcc.o)
                0x080039ec                HAL_RCC_OscConfig
 .text.HAL_RCC_ClockConfig
                0x08003e78      0x31c C:\Users\Jeff\Documents\svn\reclone-sdk.git\branches\develop\third-party\STM32CubeF4\Debug\libSTM32CubeF4.a(stm32f4xx_hal_rcc.o)
                0x08003e78                HAL_RCC_ClockConfig
 .text.HAL_RCC_GetSysClockFreq
                0x08004194       0xfc C:\Users\Jeff\Documents\svn\reclone-sdk.git\branches\develop\third-party\STM32CubeF4\Debug\libSTM32CubeF4.a(stm32f4xx_hal_rcc.o)
                0x08004194                HAL_RCC_GetSysClockFreq
 .text.HAL_RCC_GetHCLKFreq
                0x08004290       0x4c C:\Users\Jeff\Documents\svn\reclone-sdk.git\branches\develop\third-party\STM32CubeF4\Debug\libSTM32CubeF4.a(stm32f4xx_hal_rcc.o)
                0x08004290                HAL_RCC_GetHCLKFreq
 .text._ZN9__gnu_cxx27__verbose_terminate_handlerEv
                0x080042dc       0x14 C:\Users\Jeff\Documents\svn\reclone-sdk.git\branches\develop\bsp\discovery_m6plus_bsp\Debug\libDiscovery_m6plus_BSP.a(_cxx.o)
                0x080042dc                __gnu_cxx::__verbose_terminate_handler()
 .text.__cxa_pure_virtual
                0x080042f0       0x14 C:\Users\Jeff\Documents\svn\reclone-sdk.git\branches\develop\bsp\discovery_m6plus_bsp\Debug\libDiscovery_m6plus_BSP.a(_cxx.o)
                0x080042f0                __cxa_pure_virtual
 .text._exit    0x08004304        0xc C:\Users\Jeff\Documents\svn\reclone-sdk.git\branches\develop\bsp\discovery_m6plus_bsp\Debug\libDiscovery_m6plus_BSP.a(_exit.o)
                0x08004304                _exit
 .text.abort    0x08004310       0x14 C:\Users\Jeff\Documents\svn\reclone-sdk.git\branches\develop\bsp\discovery_m6plus_bsp\Debug\libDiscovery_m6plus_BSP.a(_exit.o)
                0x08004310                abort
 .text._sbrk    0x08004324       0x68 C:\Users\Jeff\Documents\svn\reclone-sdk.git\branches\develop\bsp\discovery_m6plus_bsp\Debug\libDiscovery_m6plus_BSP.a(_sbrk.o)
                0x08004324                _sbrk
 .text.__initialize_args
                0x0800438c       0x28 C:\Users\Jeff\Documents\svn\reclone-sdk.git\branches\develop\bsp\discovery_m6plus_bsp\Debug\libDiscovery_m6plus_BSP.a(_syscalls.o)
                0x0800438c                __initialize_args
 .text.__assert_func
                0x080043b4       0x48 C:\Users\Jeff\Documents\svn\reclone-sdk.git\branches\develop\bsp\discovery_m6plus_bsp\Debug\libDiscovery_m6plus_BSP.a(assert.o)
                0x080043b4                __assert_func
 .text.assert_failed
                0x080043fc       0x1c C:\Users\Jeff\Documents\svn\reclone-sdk.git\branches\develop\bsp\discovery_m6plus_bsp\Debug\libDiscovery_m6plus_BSP.a(assert.o)
                0x080043fc                assert_failed
 .text.trace_printf
                0x08004418       0x44 C:\Users\Jeff\Documents\svn\reclone-sdk.git\branches\develop\bsp\discovery_m6plus_bsp\Debug\libDiscovery_m6plus_BSP.a(Trace.o)
                0x08004418                trace_printf
 .text.trace_puts
                0x0800445c       0x30 C:\Users\Jeff\Documents\svn\reclone-sdk.git\branches\develop\bsp\discovery_m6plus_bsp\Debug\libDiscovery_m6plus_BSP.a(Trace.o)
                0x0800445c                trace_puts
 .text.trace_write
                0x0800448c       0x1c C:\Users\Jeff\Documents\svn\reclone-sdk.git\branches\develop\bsp\discovery_m6plus_bsp\Debug\libDiscovery_m6plus_BSP.a(trace_impl.o)
                0x0800448c                trace_write
 .text._trace_write_semihosting_debug
                0x080044a8       0xa4 C:\Users\Jeff\Documents\svn\reclone-sdk.git\branches\develop\bsp\discovery_m6plus_bsp\Debug\libDiscovery_m6plus_BSP.a(trace_impl.o)
 .text.__initialize_hardware_early
                0x0800454c       0x20 C:\Users\Jeff\Documents\svn\reclone-sdk.git\branches\develop\bsp\discovery_m6plus_bsp\Debug\libDiscovery_m6plus_BSP.a(_initialize_hardware.o)
                0x0800454c                __initialize_hardware_early
 .text.__initialize_hardware
                0x0800456c       0x10 C:\Users\Jeff\Documents\svn\reclone-sdk.git\branches\develop\bsp\discovery_m6plus_bsp\Debug\libDiscovery_m6plus_BSP.a(_initialize_hardware.o)
                0x0800456c                __initialize_hardware
 .text.configure_system_clock
                0x0800457c       0x98 C:\Users\Jeff\Documents\svn\reclone-sdk.git\branches\develop\bsp\discovery_m6plus_bsp\Debug\libDiscovery_m6plus_BSP.a(_initialize_hardware.o)
 .text.vApplicationMallocFailedHook
                0x08004614        0x8 C:\Users\Jeff\Documents\svn\reclone-sdk.git\branches\develop\bsp\discovery_m6plus_bsp\Debug\libDiscovery_m6plus_BSP.a(_hooks.o)
                0x08004614                vApplicationMallocFailedHook
 .text.vApplicationStackOverflowHook
                0x0800461c        0xc C:\Users\Jeff\Documents\svn\reclone-sdk.git\branches\develop\bsp\discovery_m6plus_bsp\Debug\libDiscovery_m6plus_BSP.a(_hooks.o)
                0x0800461c                vApplicationStackOverflowHook
 .text.vApplicationTickHook
                0x08004628        0xc C:\Users\Jeff\Documents\svn\reclone-sdk.git\branches\develop\bsp\discovery_m6plus_bsp\Debug\libDiscovery_m6plus_BSP.a(_hooks.o)
                0x08004628                vApplicationTickHook
 .text.vApplicationIdleHook
                0x08004634        0xc C:\Users\Jeff\Documents\svn\reclone-sdk.git\branches\develop\bsp\discovery_m6plus_bsp\Debug\libDiscovery_m6plus_BSP.a(_hooks.o)
                0x08004634                vApplicationIdleHook
 .text.dumpExceptionStack
                0x08004640      0x12c C:\Users\Jeff\Documents\svn\reclone-sdk.git\branches\develop\bsp\discovery_m6plus_bsp\Debug\libDiscovery_m6plus_BSP.a(exception_handlers.o)
                0x08004640                dumpExceptionStack
 .text.isSemihosting
                0x0800476c       0x54 C:\Users\Jeff\Documents\svn\reclone-sdk.git\branches\develop\bsp\discovery_m6plus_bsp\Debug\libDiscovery_m6plus_BSP.a(exception_handlers.o)
                0x0800476c                isSemihosting
 .text._ZdlPv   0x080047c0        0x8 c:/program files (x86)/gnu tools arm embedded/4.8 2014q2/bin/../lib/gcc/arm-none-eabi/4.8.4/../../../../arm-none-eabi/lib/armv7e-m/softfp\libstdc++_s.a(del_op.o)
                0x080047c0                operator delete(void*)
 .text._ZL12read_uleb128PKhPm
                0x080047c8       0x20 c:/program files (x86)/gnu tools arm embedded/4.8 2014q2/bin/../lib/gcc/arm-none-eabi/4.8.4/../../../../arm-none-eabi/lib/armv7e-m/softfp\libstdc++_s.a(eh_personality.o)
 .text._ZL12read_sleb128PKhPl
                0x080047e8       0x30 c:/program files (x86)/gnu tools arm embedded/4.8 2014q2/bin/../lib/gcc/arm-none-eabi/4.8.4/../../../../arm-none-eabi/lib/armv7e-m/softfp\libstdc++_s.a(eh_personality.o)
 .text._ZL28read_encoded_value_with_basehjPKhPj
                0x08004818       0x8e c:/program files (x86)/gnu tools arm embedded/4.8 2014q2/bin/../lib/gcc/arm-none-eabi/4.8.4/../../../../arm-none-eabi/lib/armv7e-m/softfp\libstdc++_s.a(eh_personality.o)
 .text._ZL21base_of_encoded_valuehP15_Unwind_Context
                0x080048a6       0x48 c:/program files (x86)/gnu tools arm embedded/4.8 2014q2/bin/../lib/gcc/arm-none-eabi/4.8.4/../../../../arm-none-eabi/lib/armv7e-m/softfp\libstdc++_s.a(eh_personality.o)
 .text._ZL18read_encoded_valueP15_Unwind_ContexthPKhPj
                0x080048ee       0x24 c:/program files (x86)/gnu tools arm embedded/4.8 2014q2/bin/../lib/gcc/arm-none-eabi/4.8.4/../../../../arm-none-eabi/lib/armv7e-m/softfp\libstdc++_s.a(eh_personality.o)
 .text._ZL17parse_lsda_headerP15_Unwind_ContextPKhP16lsda_header_info
                0x08004912       0x60 c:/program files (x86)/gnu tools arm embedded/4.8 2014q2/bin/../lib/gcc/arm-none-eabi/4.8.4/../../../../arm-none-eabi/lib/armv7e-m/softfp\libstdc++_s.a(eh_personality.o)
 .text._Unwind_GetGR
                0x08004972       0x18 c:/program files (x86)/gnu tools arm embedded/4.8 2014q2/bin/../lib/gcc/arm-none-eabi/4.8.4/../../../../arm-none-eabi/lib/armv7e-m/softfp\libstdc++_s.a(eh_personality.o)
 *fill*         0x0800498a        0x2 
 .text.__gxx_personality_v0
                0x0800498c      0x344 c:/program files (x86)/gnu tools arm embedded/4.8 2014q2/bin/../lib/gcc/arm-none-eabi/4.8.4/../../../../arm-none-eabi/lib/armv7e-m/softfp\libstdc++_s.a(eh_personality.o)
                0x0800498c                __gxx_personality_v0
 .text.__cxa_end_cleanup
                0x08004cd0        0xc c:/program files (x86)/gnu tools arm embedded/4.8 2014q2/bin/../lib/gcc/arm-none-eabi/4.8.4/../../../../arm-none-eabi/lib/armv7e-m/softfp\libstdc++_s.a(eh_arm.o)
                0x08004cd0                __cxa_end_cleanup
 .text._ZN10__cxxabiv1L24__is_gxx_exception_classEPc
                0x08004cdc       0x3a c:/program files (x86)/gnu tools arm embedded/4.8 2014q2/bin/../lib/gcc/arm-none-eabi/4.8.4/../../../../arm-none-eabi/lib/armv7e-m/softfp\libstdc++_s.a(eh_arm.o)
 *fill*         0x08004d16        0x2 
 .text.__cxa_type_match
                0x08004d18       0xbc c:/program files (x86)/gnu tools arm embedded/4.8 2014q2/bin/../lib/gcc/arm-none-eabi/4.8.4/../../../../arm-none-eabi/lib/armv7e-m/softfp\libstdc++_s.a(eh_arm.o)
                0x08004d18                __cxa_type_match
 .text.__cxa_begin_cleanup
                0x08004dd4       0x3a c:/program files (x86)/gnu tools arm embedded/4.8 2014q2/bin/../lib/gcc/arm-none-eabi/4.8.4/../../../../arm-none-eabi/lib/armv7e-m/softfp\libstdc++_s.a(eh_arm.o)
                0x08004dd4                __cxa_begin_cleanup
 .text.__gnu_end_cleanup
                0x08004e0e       0x32 c:/program files (x86)/gnu tools arm embedded/4.8 2014q2/bin/../lib/gcc/arm-none-eabi/4.8.4/../../../../arm-none-eabi/lib/armv7e-m/softfp\libstdc++_s.a(eh_arm.o)
                0x08004e0e                __gnu_end_cleanup
 .text.__cxa_get_globals
                0x08004e40        0x8 c:/program files (x86)/gnu tools arm embedded/4.8 2014q2/bin/../lib/gcc/arm-none-eabi/4.8.4/../../../../arm-none-eabi/lib/armv7e-m/softfp\libstdc++_s.a(eh_globals.o)
                0x08004e40                __cxa_get_globals
 .text._Znwj    0x08004e48       0x28 c:/program files (x86)/gnu tools arm embedded/4.8 2014q2/bin/../lib/gcc/arm-none-eabi/4.8.4/../../../../arm-none-eabi/lib/armv7e-m/softfp\libstdc++_s.a(new_op.o)
                0x08004e48                operator new(unsigned int)
 .text._ZN10__cxxabiv1L24__is_gxx_exception_classEPc
                0x08004e70       0x3a c:/program files (x86)/gnu tools arm embedded/4.8 2014q2/bin/../lib/gcc/arm-none-eabi/4.8.4/../../../../arm-none-eabi/lib/armv7e-m/softfp\libstdc++_s.a(eh_call.o)
 .text.__cxa_call_terminate
                0x08004eaa       0x1e c:/program files (x86)/gnu tools arm embedded/4.8 2014q2/bin/../lib/gcc/arm-none-eabi/4.8.4/../../../../arm-none-eabi/lib/armv7e-m/softfp\libstdc++_s.a(eh_call.o)
                0x08004eaa                __cxa_call_terminate
 .text.__cxa_call_unexpected
                0x08004ec8       0x28 c:/program files (x86)/gnu tools arm embedded/4.8 2014q2/bin/../lib/gcc/arm-none-eabi/4.8.4/../../../../arm-none-eabi/lib/armv7e-m/softfp\libstdc++_s.a(eh_call.o)
                0x08004ec8                __cxa_call_unexpected
 .text._ZNK10__cxxabiv117__class_type_info11__do_upcastEPKS0_PPv
                0x08004ef0       0x34 c:/program files (x86)/gnu tools arm embedded/4.8 2014q2/bin/../lib/gcc/arm-none-eabi/4.8.4/../../../../arm-none-eabi/lib/armv7e-m/softfp\libstdc++_s.a(class_type_info.o)
                0x08004ef0                __cxxabiv1::__class_type_info::__do_upcast(__cxxabiv1::__class_type_info const*, void**) const
 .text._ZNK10__cxxabiv117__class_type_info20__do_find_public_srcEiPKvPKS0_S2_
                0x08004f24        0xc c:/program files (x86)/gnu tools arm embedded/4.8 2014q2/bin/../lib/gcc/arm-none-eabi/4.8.4/../../../../arm-none-eabi/lib/armv7e-m/softfp\libstdc++_s.a(class_type_info.o)
                0x08004f24                __cxxabiv1::__class_type_info::__do_find_public_src(int, void const*, __cxxabiv1::__class_type_info const*, void const*) const
 .text._ZN10__cxxabiv117__class_type_infoD2Ev
                0x08004f30       0x14 c:/program files (x86)/gnu tools arm embedded/4.8 2014q2/bin/../lib/gcc/arm-none-eabi/4.8.4/../../../../arm-none-eabi/lib/armv7e-m/softfp\libstdc++_s.a(class_type_info.o)
                0x08004f30                __cxxabiv1::__class_type_info::~__class_type_info()
                0x08004f30                __cxxabiv1::__class_type_info::~__class_type_info()
 .text._ZN10__cxxabiv117__class_type_infoD0Ev
                0x08004f44       0x12 c:/program files (x86)/gnu tools arm embedded/4.8 2014q2/bin/../lib/gcc/arm-none-eabi/4.8.4/../../../../arm-none-eabi/lib/armv7e-m/softfp\libstdc++_s.a(class_type_info.o)
                0x08004f44                __cxxabiv1::__class_type_info::~__class_type_info()
 .text._ZNK10__cxxabiv117__class_type_info11__do_upcastEPKS0_PKvRNS0_15__upcast_resultE
                0x08004f56       0x1a c:/program files (x86)/gnu tools arm embedded/4.8 2014q2/bin/../lib/gcc/arm-none-eabi/4.8.4/../../../../arm-none-eabi/lib/armv7e-m/softfp\libstdc++_s.a(class_type_info.o)
                0x08004f56                __cxxabiv1::__class_type_info::__do_upcast(__cxxabiv1::__class_type_info const*, void const*, __cxxabiv1::__class_type_info::__upcast_result&) const
 .text._ZNK10__cxxabiv117__class_type_info10__do_catchEPKSt9type_infoPPvj
                0x08004f70       0x26 c:/program files (x86)/gnu tools arm embedded/4.8 2014q2/bin/../lib/gcc/arm-none-eabi/4.8.4/../../../../arm-none-eabi/lib/armv7e-m/softfp\libstdc++_s.a(class_type_info.o)
                0x08004f70                __cxxabiv1::__class_type_info::__do_catch(std::type_info const*, void**, unsigned int) const
 .text._ZNK10__cxxabiv117__class_type_info12__do_dyncastEiNS0_10__sub_kindEPKS0_PKvS3_S5_RNS0_16__dyncast_resultE
                0x08004f96       0x38 c:/program files (x86)/gnu tools arm embedded/4.8 2014q2/bin/../lib/gcc/arm-none-eabi/4.8.4/../../../../arm-none-eabi/lib/armv7e-m/softfp\libstdc++_s.a(class_type_info.o)
                0x08004f96                __cxxabiv1::__class_type_info::__do_dyncast(int, __cxxabiv1::__class_type_info::__sub_kind, __cxxabiv1::__class_type_info const*, void const*, __cxxabiv1::__class_type_info const*, void const*, __cxxabiv1::__class_type_info::__dyncast_result&) const
 *fill*         0x08004fce        0x2 
 .text._ZN10__cxxabiv120__si_class_type_infoD2Ev
                0x08004fd0       0x14 c:/program files (x86)/gnu tools arm embedded/4.8 2014q2/bin/../lib/gcc/arm-none-eabi/4.8.4/../../../../arm-none-eabi/lib/armv7e-m/softfp\libstdc++_s.a(si_class_type_info.o)
                0x08004fd0                __cxxabiv1::__si_class_type_info::~__si_class_type_info()
                0x08004fd0                __cxxabiv1::__si_class_type_info::~__si_class_type_info()
 .text._ZN10__cxxabiv120__si_class_type_infoD0Ev
                0x08004fe4       0x12 c:/program files (x86)/gnu tools arm embedded/4.8 2014q2/bin/../lib/gcc/arm-none-eabi/4.8.4/../../../../arm-none-eabi/lib/armv7e-m/softfp\libstdc++_s.a(si_class_type_info.o)
                0x08004fe4                __cxxabiv1::__si_class_type_info::~__si_class_type_info()
 .text._ZNK10__cxxabiv120__si_class_type_info20__do_find_public_srcEiPKvPKNS_17__class_type_infoES2_
                0x08004ff6       0x34 c:/program files (x86)/gnu tools arm embedded/4.8 2014q2/bin/../lib/gcc/arm-none-eabi/4.8.4/../../../../arm-none-eabi/lib/armv7e-m/softfp\libstdc++_s.a(si_class_type_info.o)
                0x08004ff6                __cxxabiv1::__si_class_type_info::__do_find_public_src(int, void const*, __cxxabiv1::__class_type_info const*, void const*) const
 .text._ZNK10__cxxabiv120__si_class_type_info12__do_dyncastEiNS_17__class_type_info10__sub_kindEPKS1_PKvS4_S6_RNS1_16__dyncast_resultE
                0x0800502a       0x7c c:/program files (x86)/gnu tools arm embedded/4.8 2014q2/bin/../lib/gcc/arm-none-eabi/4.8.4/../../../../arm-none-eabi/lib/armv7e-m/softfp\libstdc++_s.a(si_class_type_info.o)
                0x0800502a                __cxxabiv1::__si_class_type_info::__do_dyncast(int, __cxxabiv1::__class_type_info::__sub_kind, __cxxabiv1::__class_type_info const*, void const*, __cxxabiv1::__class_type_info const*, void const*, __cxxabiv1::__class_type_info::__dyncast_result&) const
 .text._ZNK10__cxxabiv120__si_class_type_info11__do_upcastEPKNS_17__class_type_infoEPKvRNS1_15__upcast_resultE
                0x080050a6       0x24 c:/program files (x86)/gnu tools arm embedded/4.8 2014q2/bin/../lib/gcc/arm-none-eabi/4.8.4/../../../../arm-none-eabi/lib/armv7e-m/softfp\libstdc++_s.a(si_class_type_info.o)
                0x080050a6                __cxxabiv1::__si_class_type_info::__do_upcast(__cxxabiv1::__class_type_info const*, void const*, __cxxabiv1::__class_type_info::__upcast_result&) const
 .text._ZN10__cxxabiv111__terminateEPFvvE
                0x080050ca        0x8 c:/program files (x86)/gnu tools arm embedded/4.8 2014q2/bin/../lib/gcc/arm-none-eabi/4.8.4/../../../../arm-none-eabi/lib/armv7e-m/softfp\libstdc++_s.a(eh_terminate.o)
                0x080050ca                __cxxabiv1::__terminate(void (*)())
 *fill*         0x080050d2        0x2 
 .text._ZSt9terminatev
                0x080050d4       0x10 c:/program files (x86)/gnu tools arm embedded/4.8 2014q2/bin/../lib/gcc/arm-none-eabi/4.8.4/../../../../arm-none-eabi/lib/armv7e-m/softfp\libstdc++_s.a(eh_terminate.o)
                0x080050d4                std::terminate()
 .text._ZN10__cxxabiv112__unexpectedEPFvvE
                0x080050e4        0x8 c:/program files (x86)/gnu tools arm embedded/4.8 2014q2/bin/../lib/gcc/arm-none-eabi/4.8.4/../../../../arm-none-eabi/lib/armv7e-m/softfp\libstdc++_s.a(eh_terminate.o)
                0x080050e4                __cxxabiv1::__unexpected(void (*)())
 .text._ZSt10unexpectedv
                0x080050ec       0x10 c:/program files (x86)/gnu tools arm embedded/4.8 2014q2/bin/../lib/gcc/arm-none-eabi/4.8.4/../../../../arm-none-eabi/lib/armv7e-m/softfp\libstdc++_s.a(eh_terminate.o)
                0x080050ec                std::unexpected()
 .text._ZN10__cxxabiv1L24__is_gxx_exception_classEPc
                0x080050fc       0x3a c:/program files (x86)/gnu tools arm embedded/4.8 2014q2/bin/../lib/gcc/arm-none-eabi/4.8.4/../../../../arm-none-eabi/lib/armv7e-m/softfp\libstdc++_s.a(eh_catch.o)
 .text.__cxa_begin_catch
                0x08005136       0x52 c:/program files (x86)/gnu tools arm embedded/4.8 2014q2/bin/../lib/gcc/arm-none-eabi/4.8.4/../../../../arm-none-eabi/lib/armv7e-m/softfp\libstdc++_s.a(eh_catch.o)
                0x08005136                __cxa_begin_catch
 .text._ZNSt9type_infoD2Ev
                0x08005188        0xc c:/program files (x86)/gnu tools arm embedded/4.8 2014q2/bin/../lib/gcc/arm-none-eabi/4.8.4/../../../../arm-none-eabi/lib/armv7e-m/softfp\libstdc++_s.a(tinfo.o)
                0x08005188                std::type_info::~type_info()
                0x08005188                std::type_info::~type_info()
 .text._ZNKSt9type_info14__is_pointer_pEv
                0x08005194        0x4 c:/program files (x86)/gnu tools arm embedded/4.8 2014q2/bin/../lib/gcc/arm-none-eabi/4.8.4/../../../../arm-none-eabi/lib/armv7e-m/softfp\libstdc++_s.a(tinfo.o)
                0x08005194                std::type_info::__is_pointer_p() const
 .text._ZNKSt9type_info15__is_function_pEv
                0x08005198        0x4 c:/program files (x86)/gnu tools arm embedded/4.8 2014q2/bin/../lib/gcc/arm-none-eabi/4.8.4/../../../../arm-none-eabi/lib/armv7e-m/softfp\libstdc++_s.a(tinfo.o)
                0x08005198                std::type_info::__is_function_p() const
 .text._ZNKSt9type_info11__do_upcastEPKN10__cxxabiv117__class_type_infoEPPv
                0x0800519c        0x4 c:/program files (x86)/gnu tools arm embedded/4.8 2014q2/bin/../lib/gcc/arm-none-eabi/4.8.4/../../../../arm-none-eabi/lib/armv7e-m/softfp\libstdc++_s.a(tinfo.o)
                0x0800519c                std::type_info::__do_upcast(__cxxabiv1::__class_type_info const*, void**) const
 .text._ZNSt9type_infoD0Ev
                0x080051a0       0x14 c:/program files (x86)/gnu tools arm embedded/4.8 2014q2/bin/../lib/gcc/arm-none-eabi/4.8.4/../../../../arm-none-eabi/lib/armv7e-m/softfp\libstdc++_s.a(tinfo.o)
                0x080051a0                std::type_info::~type_info()
 .text._ZNKSt9type_infoeqERKS_
                0x080051b4       0x2e c:/program files (x86)/gnu tools arm embedded/4.8 2014q2/bin/../lib/gcc/arm-none-eabi/4.8.4/../../../../arm-none-eabi/lib/armv7e-m/softfp\libstdc++_s.a(tinfo.o)
                0x080051b4                std::type_info::operator==(std::type_info const&) const
 .text._ZNKSt9type_info10__do_catchEPKS_PPvj
                0x080051e2        0x4 c:/program files (x86)/gnu tools arm embedded/4.8 2014q2/bin/../lib/gcc/arm-none-eabi/4.8.4/../../../../arm-none-eabi/lib/armv7e-m/softfp\libstdc++_s.a(tinfo.o)
                0x080051e2                std::type_info::__do_catch(std::type_info const*, void**, unsigned int) const
 *fill*         0x080051e6        0x2 
 .text          0x080051e8      0xa1c c:/program files (x86)/gnu tools arm embedded/4.8 2014q2/bin/../lib/gcc/arm-none-eabi/4.8.4/armv7e-m/softfp\libgcc.a(unwind-arm.o)
                0x080054cc                _Unwind_GetCFA
                0x080054d0                __gnu_Unwind_RaiseException
                0x08005530                __gnu_Unwind_ForcedUnwind
                0x08005544                __gnu_Unwind_Resume
                0x08005588                __gnu_Unwind_Resume_or_Rethrow
                0x08005598                _Unwind_Complete
                0x0800559c                _Unwind_DeleteException
                0x080055ac                _Unwind_VRS_Get
                0x080055fc                _Unwind_VRS_Set
                0x0800564c                __gnu_Unwind_Backtrace
                0x080059a0                __aeabi_unwind_cpp_pr0
                0x080059a8                __aeabi_unwind_cpp_pr1
                0x080059b0                __aeabi_unwind_cpp_pr2
                0x080059b8                _Unwind_VRS_Pop
 .text          0x08005c04      0x1ac c:/program files (x86)/gnu tools arm embedded/4.8 2014q2/bin/../lib/gcc/arm-none-eabi/4.8.4/armv7e-m/softfp\libgcc.a(libunwind.o)
                0x08005c04                __restore_core_regs
                0x08005c04                restore_core_regs
                0x08005c1c                __gnu_Unwind_Restore_VFP
                0x08005c24                __gnu_Unwind_Save_VFP
                0x08005c2c                __gnu_Unwind_Restore_VFP_D
                0x08005c34                __gnu_Unwind_Save_VFP_D
                0x08005c3c                __gnu_Unwind_Restore_VFP_D_16_to_31
                0x08005c44                __gnu_Unwind_Save_VFP_D_16_to_31
                0x08005c4c                __gnu_Unwind_Restore_WMMXD
                0x08005c90                __gnu_Unwind_Save_WMMXD
                0x08005cd4                __gnu_Unwind_Restore_WMMXC
                0x08005ce8                __gnu_Unwind_Save_WMMXC
                0x08005cfc                ___Unwind_RaiseException
                0x08005cfc                _Unwind_RaiseException
                0x08005d20                _Unwind_Resume
                0x08005d20                ___Unwind_Resume
                0x08005d44                _Unwind_Resume_or_Rethrow
                0x08005d44                ___Unwind_Resume_or_Rethrow
                0x08005d68                _Unwind_ForcedUnwind
                0x08005d68                ___Unwind_ForcedUnwind
                0x08005d8c                ___Unwind_Backtrace
                0x08005d8c                _Unwind_Backtrace
 .text          0x08005db0      0x33c c:/program files (x86)/gnu tools arm embedded/4.8 2014q2/bin/../lib/gcc/arm-none-eabi/4.8.4/armv7e-m/softfp\libgcc.a(pr-support.o)
                0x08005e04                __gnu_unwind_execute
                0x08006090                __gnu_unwind_frame
                0x080060bc                _Unwind_GetRegionStart
                0x080060c8                _Unwind_GetLanguageSpecificData
                0x080060dc                _Unwind_GetDataRelBase
                0x080060e4                _Unwind_GetTextRelBase
 .text.__errno  0x080060ec        0xc c:/program files (x86)/gnu tools arm embedded/4.8 2014q2/bin/../lib/gcc/arm-none-eabi/4.8.4/../../../../arm-none-eabi/lib/armv7e-m/softfp\libg_s.a(lib_a-errno.o)
                0x080060ec                __errno
 .text.malloc   0x080060f8       0x10 c:/program files (x86)/gnu tools arm embedded/4.8 2014q2/bin/../lib/gcc/arm-none-eabi/4.8.4/../../../../arm-none-eabi/lib/armv7e-m/softfp\libg_s.a(lib_a-malloc.o)
                0x080060f8                malloc
 .text.free     0x08006108       0x10 c:/program files (x86)/gnu tools arm embedded/4.8 2014q2/bin/../lib/gcc/arm-none-eabi/4.8.4/../../../../arm-none-eabi/lib/armv7e-m/softfp\libg_s.a(lib_a-malloc.o)
                0x08006108                free
 .text.memcmp   0x08006118       0x1e c:/program files (x86)/gnu tools arm embedded/4.8 2014q2/bin/../lib/gcc/arm-none-eabi/4.8.4/../../../../arm-none-eabi/lib/armv7e-m/softfp\libg_s.a(lib_a-memcmp.o)
                0x08006118                memcmp
 .text.memcpy   0x08006136       0x12 c:/program files (x86)/gnu tools arm embedded/4.8 2014q2/bin/../lib/gcc/arm-none-eabi/4.8.4/../../../../arm-none-eabi/lib/armv7e-m/softfp\libg_s.a(lib_a-memcpy-stub.o)
                0x08006136                memcpy
 .text.memset   0x08006148       0x10 c:/program files (x86)/gnu tools arm embedded/4.8 2014q2/bin/../lib/gcc/arm-none-eabi/4.8.4/../../../../arm-none-eabi/lib/armv7e-m/softfp\libg_s.a(lib_a-memset.o)
                0x08006148                memset
 .text._free_r  0x08006158       0x88 c:/program files (x86)/gnu tools arm embedded/4.8 2014q2/bin/../lib/gcc/arm-none-eabi/4.8.4/../../../../arm-none-eabi/lib/armv7e-m/softfp\libg_s.a(lib_a-nano-freer.o)
                0x08006158                _free_r
 .text._malloc_r
                0x080061e0       0xa8 c:/program files (x86)/gnu tools arm embedded/4.8 2014q2/bin/../lib/gcc/arm-none-eabi/4.8.4/../../../../arm-none-eabi/lib/armv7e-m/softfp\libg_s.a(lib_a-nano-mallocr.o)
                0x080061e0                _malloc_r
 .text._sbrk_r  0x08006288       0x20 c:/program files (x86)/gnu tools arm embedded/4.8 2014q2/bin/../lib/gcc/arm-none-eabi/4.8.4/../../../../arm-none-eabi/lib/armv7e-m/softfp\libg_s.a(lib_a-sbrkr.o)
                0x08006288                _sbrk_r
 .text          0x080062a8       0x14 c:/program files (x86)/gnu tools arm embedded/4.8 2014q2/bin/../lib/gcc/arm-none-eabi/4.8.4/../../../../arm-none-eabi/lib/armv7e-m/softfp\libg_s.a(lib_a-strcmp.o)
                0x080062a8                strcmp
 .text.strlen   0x080062bc       0x10 c:/program files (x86)/gnu tools arm embedded/4.8 2014q2/bin/../lib/gcc/arm-none-eabi/4.8.4/../../../../arm-none-eabi/lib/armv7e-m/softfp\libg_s.a(lib_a-strlen.o)
                0x080062bc                strlen
 .text._vsnprintf_r
                0x080062cc       0x52 c:/program files (x86)/gnu tools arm embedded/4.8 2014q2/bin/../lib/gcc/arm-none-eabi/4.8.4/../../../../arm-none-eabi/lib/armv7e-m/softfp\libg_s.a(lib_a-vsnprintf.o)
                0x080062cc                _vsniprintf_r
                0x080062cc                _vsnprintf_r
 *fill*         0x0800631e        0x2 
 .text.vsnprintf
                0x08006320       0x20 c:/program files (x86)/gnu tools arm embedded/4.8 2014q2/bin/../lib/gcc/arm-none-eabi/4.8.4/../../../../arm-none-eabi/lib/armv7e-m/softfp\libg_s.a(lib_a-vsnprintf.o)
                0x08006320                vsniprintf
                0x08006320                vsnprintf
 .text.__ssputs_r
                0x08006340       0xb8 c:/program files (x86)/gnu tools arm embedded/4.8 2014q2/bin/../lib/gcc/arm-none-eabi/4.8.4/../../../../arm-none-eabi/lib/armv7e-m/softfp\libg_s.a(lib_a-svfprintf.o)
                0x08006340                __ssputs_r
 .text._svfprintf_r
                0x080063f8      0x1dc c:/program files (x86)/gnu tools arm embedded/4.8 2014q2/bin/../lib/gcc/arm-none-eabi/4.8.4/../../../../arm-none-eabi/lib/armv7e-m/softfp\libg_s.a(lib_a-svfprintf.o)
                0x080063f8                _svfiprintf_r
                0x080063f8                _svfprintf_r
 .text._printf_common
                0x080065d4       0xe4 c:/program files (x86)/gnu tools arm embedded/4.8 2014q2/bin/../lib/gcc/arm-none-eabi/4.8.4/../../../../arm-none-eabi/lib/armv7e-m/softfp\libg_s.a(lib_a-vfprintf_i.o)
                0x080065d4                _printf_common
 .text._printf_i
                0x080066b8      0x228 c:/program files (x86)/gnu tools arm embedded/4.8 2014q2/bin/../lib/gcc/arm-none-eabi/4.8.4/../../../../arm-none-eabi/lib/armv7e-m/softfp\libg_s.a(lib_a-vfprintf_i.o)
                0x080066b8                _printf_i
 .text.memchr   0x080068e0       0x1e c:/program files (x86)/gnu tools arm embedded/4.8 2014q2/bin/../lib/gcc/arm-none-eabi/4.8.4/../../../../arm-none-eabi/lib/armv7e-m/softfp\libg_s.a(lib_a-memchr-stub.o)
                0x080068e0                memchr
 .text.memmove  0x080068fe       0x36 c:/program files (x86)/gnu tools arm embedded/4.8 2014q2/bin/../lib/gcc/arm-none-eabi/4.8.4/../../../../arm-none-eabi/lib/armv7e-m/softfp\libg_s.a(lib_a-memmove.o)
                0x080068fe                memmove
 .text._realloc_r
                0x08006934       0x4c c:/program files (x86)/gnu tools arm embedded/4.8 2014q2/bin/../lib/gcc/arm-none-eabi/4.8.4/../../../../arm-none-eabi/lib/armv7e-m/softfp\libg_s.a(lib_a-nano-reallocr.o)
                0x08006934                _realloc_r
 .text._malloc_usable_size_r
                0x08006980       0x12 c:/program files (x86)/gnu tools arm embedded/4.8 2014q2/bin/../lib/gcc/arm-none-eabi/4.8.4/../../../../arm-none-eabi/lib/armv7e-m/softfp\libg_s.a(lib_a-nano-msizer.o)
                0x08006980                _malloc_usable_size_r
 *(.rodata .rodata.* .constdata .constdata.*)
 *fill*         0x08006992        0x2 
 .rodata        0x08006994       0x40 ./src/FsmcTask.o
 *fill*         0x080069d4        0x4 
 .rodata._ZTV8FsmcTask
                0x080069d8       0x28 ./src/FsmcTask.o
                0x080069d8                vtable for FsmcTask
 .rodata        0x08006a00       0x34 ./src/main.o
 *fill*         0x08006a34        0x4 
 .rodata._ZTV12AManagedTask
                0x08006a38       0x28 C:\Users\Jeff\Documents\svn\reclone-sdk.git\branches\develop\third-party\FreeRTOS_EC\Debug\libFreeRTOS_EC.a(AManagedTask.o)
                0x08006a38                vtable for AManagedTask
 .rodata._ZTI12AManagedTask
                0x08006a60        0xc C:\Users\Jeff\Documents\svn\reclone-sdk.git\branches\develop\third-party\FreeRTOS_EC\Debug\libFreeRTOS_EC.a(AManagedTask.o)
                0x08006a60                typeinfo for AManagedTask
 .rodata._ZTS12AManagedTask
                0x08006a6c       0x10 C:\Users\Jeff\Documents\svn\reclone-sdk.git\branches\develop\third-party\FreeRTOS_EC\Debug\libFreeRTOS_EC.a(AManagedTask.o)
                0x08006a6c                typeinfo name for AManagedTask
 .rodata        0x08006a7c       0x20 C:\Users\Jeff\Documents\svn\reclone-sdk.git\branches\develop\third-party\FreeRTOS_EC\Debug\libFreeRTOS_EC.a(CTask.o)
 *fill*         0x08006a9c        0x4 
 .rodata._ZTV5CTask
                0x08006aa0       0x20 C:\Users\Jeff\Documents\svn\reclone-sdk.git\branches\develop\third-party\FreeRTOS_EC\Debug\libFreeRTOS_EC.a(CTask.o)
                0x08006aa0                vtable for CTask
 .rodata._ZTV12IFreeRTOSObj
                0x08006ac0       0x18 C:\Users\Jeff\Documents\svn\reclone-sdk.git\branches\develop\third-party\FreeRTOS_EC\Debug\libFreeRTOS_EC.a(CTask.o)
                0x08006ac0                vtable for IFreeRTOSObj
 .rodata._ZTI5CTask
                0x08006ad8        0xc C:\Users\Jeff\Documents\svn\reclone-sdk.git\branches\develop\third-party\FreeRTOS_EC\Debug\libFreeRTOS_EC.a(CTask.o)
                0x08006ad8                typeinfo for CTask
 .rodata._ZTS5CTask
                0x08006ae4        0x8 C:\Users\Jeff\Documents\svn\reclone-sdk.git\branches\develop\third-party\FreeRTOS_EC\Debug\libFreeRTOS_EC.a(CTask.o)
                0x08006ae4                typeinfo name for CTask
 .rodata._ZTS12IFreeRTOSObj
                0x08006aec       0x10 C:\Users\Jeff\Documents\svn\reclone-sdk.git\branches\develop\third-party\FreeRTOS_EC\Debug\libFreeRTOS_EC.a(CTask.o)
                0x08006aec                typeinfo name for IFreeRTOSObj
 .rodata._ZTI12IFreeRTOSObj
                0x08006afc        0x8 C:\Users\Jeff\Documents\svn\reclone-sdk.git\branches\develop\third-party\FreeRTOS_EC\Debug\libFreeRTOS_EC.a(CTask.o)
                0x08006afc                typeinfo for IFreeRTOSObj
 .rodata._ZZN5CTask6AttachEPvE19__PRETTY_FUNCTION__
                0x08006b04       0x2c C:\Users\Jeff\Documents\svn\reclone-sdk.git\branches\develop\third-party\FreeRTOS_EC\Debug\libFreeRTOS_EC.a(CTask.o)
 .rodata        0x08006b30        0x8 C:\Users\Jeff\Documents\svn\reclone-sdk.git\branches\develop\third-party\FreeRTOS\Source\Debug\libFreeRTOS.a(tasks.o)
 .rodata.ucExpectedStackBytes.5372
                0x08006b38       0x14 C:\Users\Jeff\Documents\svn\reclone-sdk.git\branches\develop\third-party\FreeRTOS\Source\Debug\libFreeRTOS.a(tasks.o)
 .rodata        0x08006b4c       0x10 C:\Users\Jeff\Documents\svn\reclone-sdk.git\branches\develop\third-party\FreeRTOS\Source\Debug\libFreeRTOS.a(timers.o)
 .rodata.AHBPrescTable
                0x08006b5c       0x10 C:\Users\Jeff\Documents\svn\reclone-sdk.git\branches\develop\third-party\STM32CubeF4\Debug\libSTM32CubeF4.a(system_stm32f4xx.o)
                0x08006b5c                AHBPrescTable
 .rodata.APBAHBPrescTable
                0x08006b6c       0x10 C:\Users\Jeff\Documents\svn\reclone-sdk.git\branches\develop\third-party\STM32CubeF4\Debug\libSTM32CubeF4.a(stm32f4xx_hal_rcc.o)
                0x08006b6c                APBAHBPrescTable
 .rodata._ZZN9__gnu_cxx27__verbose_terminate_handlerEvE8__func__
                0x08006b7c       0x1c C:\Users\Jeff\Documents\svn\reclone-sdk.git\branches\develop\bsp\discovery_m6plus_bsp\Debug\libDiscovery_m6plus_BSP.a(_cxx.o)
 .rodata._ZZ18__cxa_pure_virtualE8__func__
                0x08006b98       0x14 C:\Users\Jeff\Documents\svn\reclone-sdk.git\branches\develop\bsp\discovery_m6plus_bsp\Debug\libDiscovery_m6plus_BSP.a(_cxx.o)
 .rodata        0x08006bac       0x14 C:\Users\Jeff\Documents\svn\reclone-sdk.git\branches\develop\bsp\discovery_m6plus_bsp\Debug\libDiscovery_m6plus_BSP.a(_exit.o)
 .rodata        0x08006bc0       0x70 C:\Users\Jeff\Documents\svn\reclone-sdk.git\branches\develop\bsp\discovery_m6plus_bsp\Debug\libDiscovery_m6plus_BSP.a(assert.o)
 .rodata        0x08006c30       0x30 C:\Users\Jeff\Documents\svn\reclone-sdk.git\branches\develop\bsp\discovery_m6plus_bsp\Debug\libDiscovery_m6plus_BSP.a(Trace.o)
 .rodata        0x08006c60      0x148 C:\Users\Jeff\Documents\svn\reclone-sdk.git\branches\develop\bsp\discovery_m6plus_bsp\Debug\libDiscovery_m6plus_BSP.a(exception_handlers.o)
 .rodata._ZTVN10__cxxabiv117__class_type_infoE
                0x08006da8       0x30 c:/program files (x86)/gnu tools arm embedded/4.8 2014q2/bin/../lib/gcc/arm-none-eabi/4.8.4/../../../../arm-none-eabi/lib/armv7e-m/softfp\libstdc++_s.a(class_type_info.o)
                0x08006da8                vtable for __cxxabiv1::__class_type_info
 .rodata._ZTIN10__cxxabiv117__class_type_infoE
                0x08006dd8        0xc c:/program files (x86)/gnu tools arm embedded/4.8 2014q2/bin/../lib/gcc/arm-none-eabi/4.8.4/../../../../arm-none-eabi/lib/armv7e-m/softfp\libstdc++_s.a(class_type_info.o)
                0x08006dd8                typeinfo for __cxxabiv1::__class_type_info
 .rodata._ZTSN10__cxxabiv117__class_type_infoE
                0x08006de4       0x22 c:/program files (x86)/gnu tools arm embedded/4.8 2014q2/bin/../lib/gcc/arm-none-eabi/4.8.4/../../../../arm-none-eabi/lib/armv7e-m/softfp\libstdc++_s.a(class_type_info.o)
                0x08006de4                typeinfo name for __cxxabiv1::__class_type_info
 *fill*         0x08006e06        0x2 
 .rodata._ZTIN10__cxxabiv115__forced_unwindE
                0x08006e08        0x8 c:/program files (x86)/gnu tools arm embedded/4.8 2014q2/bin/../lib/gcc/arm-none-eabi/4.8.4/../../../../arm-none-eabi/lib/armv7e-m/softfp\libstdc++_s.a(eh_exception.o)
                0x08006e08                typeinfo for __cxxabiv1::__forced_unwind
 .rodata._ZTSN10__cxxabiv119__foreign_exceptionE
                0x08006e10       0x24 c:/program files (x86)/gnu tools arm embedded/4.8 2014q2/bin/../lib/gcc/arm-none-eabi/4.8.4/../../../../arm-none-eabi/lib/armv7e-m/softfp\libstdc++_s.a(eh_exception.o)
                0x08006e10                typeinfo name for __cxxabiv1::__foreign_exception
 .rodata._ZTIN10__cxxabiv119__foreign_exceptionE
                0x08006e34        0x8 c:/program files (x86)/gnu tools arm embedded/4.8 2014q2/bin/../lib/gcc/arm-none-eabi/4.8.4/../../../../arm-none-eabi/lib/armv7e-m/softfp\libstdc++_s.a(eh_exception.o)
                0x08006e34                typeinfo for __cxxabiv1::__foreign_exception
 .rodata._ZTSN10__cxxabiv115__forced_unwindE
                0x08006e3c       0x20 c:/program files (x86)/gnu tools arm embedded/4.8 2014q2/bin/../lib/gcc/arm-none-eabi/4.8.4/../../../../arm-none-eabi/lib/armv7e-m/softfp\libstdc++_s.a(eh_exception.o)
                0x08006e3c                typeinfo name for __cxxabiv1::__forced_unwind
 *fill*         0x08006e5c        0x4 
 .rodata._ZTVN10__cxxabiv120__si_class_type_infoE
                0x08006e60       0x30 c:/program files (x86)/gnu tools arm embedded/4.8 2014q2/bin/../lib/gcc/arm-none-eabi/4.8.4/../../../../arm-none-eabi/lib/armv7e-m/softfp\libstdc++_s.a(si_class_type_info.o)
                0x08006e60                vtable for __cxxabiv1::__si_class_type_info
 .rodata._ZTIN10__cxxabiv120__si_class_type_infoE
                0x08006e90        0xc c:/program files (x86)/gnu tools arm embedded/4.8 2014q2/bin/../lib/gcc/arm-none-eabi/4.8.4/../../../../arm-none-eabi/lib/armv7e-m/softfp\libstdc++_s.a(si_class_type_info.o)
                0x08006e90                typeinfo for __cxxabiv1::__si_class_type_info
 .rodata._ZTSN10__cxxabiv120__si_class_type_infoE
                0x08006e9c       0x25 c:/program files (x86)/gnu tools arm embedded/4.8 2014q2/bin/../lib/gcc/arm-none-eabi/4.8.4/../../../../arm-none-eabi/lib/armv7e-m/softfp\libstdc++_s.a(si_class_type_info.o)
                0x08006e9c                typeinfo name for __cxxabiv1::__si_class_type_info
 *fill*         0x08006ec1        0x3 
 .rodata._ZTISt9type_info
                0x08006ec4        0x8 c:/program files (x86)/gnu tools arm embedded/4.8 2014q2/bin/../lib/gcc/arm-none-eabi/4.8.4/../../../../arm-none-eabi/lib/armv7e-m/softfp\libstdc++_s.a(tinfo.o)
                0x08006ec4                typeinfo for std::type_info
 .rodata._ZTSSt9type_info
                0x08006ecc        0xd c:/program files (x86)/gnu tools arm embedded/4.8 2014q2/bin/../lib/gcc/arm-none-eabi/4.8.4/../../../../arm-none-eabi/lib/armv7e-m/softfp\libstdc++_s.a(tinfo.o)
                0x08006ecc                typeinfo name for std::type_info
 *fill*         0x08006ed9        0x7 
 .rodata._ZTVSt9type_info
                0x08006ee0       0x20 c:/program files (x86)/gnu tools arm embedded/4.8 2014q2/bin/../lib/gcc/arm-none-eabi/4.8.4/../../../../arm-none-eabi/lib/armv7e-m/softfp\libstdc++_s.a(tinfo.o)
                0x08006ee0                vtable for std::type_info
 .rodata.str1.1
                0x08006f00        0x2 c:/program files (x86)/gnu tools arm embedded/4.8 2014q2/bin/../lib/gcc/arm-none-eabi/4.8.4/../../../../arm-none-eabi/lib/armv7e-m/softfp\libg_s.a(lib_a-impure.o)
 .rodata.str1.1
                0x08006f02       0x11 c:/program files (x86)/gnu tools arm embedded/4.8 2014q2/bin/../lib/gcc/arm-none-eabi/4.8.4/../../../../arm-none-eabi/lib/armv7e-m/softfp\libg_s.a(lib_a-svfprintf.o)
 .rodata.str1.1
                0x08006f13       0x22 c:/program files (x86)/gnu tools arm embedded/4.8 2014q2/bin/../lib/gcc/arm-none-eabi/4.8.4/../../../../arm-none-eabi/lib/armv7e-m/softfp\libg_s.a(lib_a-vfprintf_i.o)
 *(vtable)
 *(.eh_frame*)
 *(.glue_7)
 .glue_7        0x00000000        0x0 linker stubs
 *(.glue_7t)
 .glue_7t       0x00000000        0x0 linker stubs

.vfp11_veneer   0x08006f38        0x0
 .vfp11_veneer  0x00000000        0x0 linker stubs

.v4_bx          0x08006f38        0x0
 .v4_bx         0x00000000        0x0 linker stubs

.iplt           0x08006f38        0x0
 .iplt          0x00000000        0x0 ./src/BlinkyTask.o

.ARM.extab      0x08006f38       0xc0
 *(.ARM.extab* .gnu.linkonce.armextab.*)
 .ARM.extab.text._ZN5CTask13EnterCriticalEv
                0x08006f38        0x0 C:\Users\Jeff\Documents\svn\reclone-sdk.git\branches\develop\third-party\FreeRTOS_EC\Debug\libFreeRTOS_EC.a(AManagedTask.o)
 .ARM.extab.text._ZN5CTask12ExitCriticalEv
                0x08006f38        0x0 C:\Users\Jeff\Documents\svn\reclone-sdk.git\branches\develop\third-party\FreeRTOS_EC\Debug\libFreeRTOS_EC.a(AManagedTask.o)
 .ARM.extab.text._ZN12AManagedTask12HardwareInitEv
                0x08006f38        0x0 C:\Users\Jeff\Documents\svn\reclone-sdk.git\branches\develop\third-party\FreeRTOS_EC\Debug\libFreeRTOS_EC.a(AManagedTask.o)
 .ARM.extab.text._ZN9CFreeRTOS15SuspendAllTasksEv
                0x08006f38        0x0 C:\Users\Jeff\Documents\svn\reclone-sdk.git\branches\develop\third-party\FreeRTOS_EC\Debug\libFreeRTOS_EC.a(AManagedTask.o)
 .ARM.extab.text._ZN9CFreeRTOS14ResumeAllTasksEv
                0x08006f38        0x0 C:\Users\Jeff\Documents\svn\reclone-sdk.git\branches\develop\third-party\FreeRTOS_EC\Debug\libFreeRTOS_EC.a(AManagedTask.o)
 .ARM.extab.text._ZN12AManagedTaskC2Ev
                0x08006f38       0x1c C:\Users\Jeff\Documents\svn\reclone-sdk.git\branches\develop\third-party\FreeRTOS_EC\Debug\libFreeRTOS_EC.a(AManagedTask.o)
 .ARM.extab.text._ZN12AManagedTaskD2Ev
                0x08006f54       0x10 C:\Users\Jeff\Documents\svn\reclone-sdk.git\branches\develop\third-party\FreeRTOS_EC\Debug\libFreeRTOS_EC.a(AManagedTask.o)
 .ARM.extab.text._ZN12AManagedTask6CreateEPKctm
                0x08006f64        0xc C:\Users\Jeff\Documents\svn\reclone-sdk.git\branches\develop\third-party\FreeRTOS_EC\Debug\libFreeRTOS_EC.a(AManagedTask.o)
 .ARM.extab.text._ZN12AManagedTask15taskControlFuncEPv
                0x08006f70        0xc C:\Users\Jeff\Documents\svn\reclone-sdk.git\branches\develop\third-party\FreeRTOS_EC\Debug\libFreeRTOS_EC.a(AManagedTask.o)
 .ARM.extab.text._ZN12AManagedTask16AddToManagedTaskEPS_
                0x08006f7c        0xc C:\Users\Jeff\Documents\svn\reclone-sdk.git\branches\develop\third-party\FreeRTOS_EC\Debug\libFreeRTOS_EC.a(AManagedTask.o)
 .ARM.extab.text._ZN12AManagedTask21RemoveFromManagedTaskEPS_
                0x08006f88        0xc C:\Users\Jeff\Documents\svn\reclone-sdk.git\branches\develop\third-party\FreeRTOS_EC\Debug\libFreeRTOS_EC.a(AManagedTask.o)
 .ARM.extab.text._ZN12AManagedTask27InitHardwareForManagedTasksEv
                0x08006f94        0xc C:\Users\Jeff\Documents\svn\reclone-sdk.git\branches\develop\third-party\FreeRTOS_EC\Debug\libFreeRTOS_EC.a(AManagedTask.o)
 .ARM.extab.text._ZN12IFreeRTOSObjC2Ev
                0x08006fa0        0x0 C:\Users\Jeff\Documents\svn\reclone-sdk.git\branches\develop\third-party\FreeRTOS_EC\Debug\libFreeRTOS_EC.a(CTask.o)
 .ARM.extab.text._ZN5CTaskD2Ev
                0x08006fa0       0x10 C:\Users\Jeff\Documents\svn\reclone-sdk.git\branches\develop\third-party\FreeRTOS_EC\Debug\libFreeRTOS_EC.a(CTask.o)
 .ARM.extab.text._ZN5CTask6AttachEPv
                0x08006fb0        0xc C:\Users\Jeff\Documents\svn\reclone-sdk.git\branches\develop\third-party\FreeRTOS_EC\Debug\libFreeRTOS_EC.a(CTask.o)
 .ARM.extab.text._ZN5CTask6CreateEPFvPvEPKctS0_m
                0x08006fbc        0xc C:\Users\Jeff\Documents\svn\reclone-sdk.git\branches\develop\third-party\FreeRTOS_EC\Debug\libFreeRTOS_EC.a(CTask.o)
 .ARM.extab.text._ZN5CTask6DeleteEv
                0x08006fc8        0xc C:\Users\Jeff\Documents\svn\reclone-sdk.git\branches\develop\third-party\FreeRTOS_EC\Debug\libFreeRTOS_EC.a(CTask.o)
 .ARM.extab     0x08006fd4        0xc c:/program files (x86)/gnu tools arm embedded/4.8 2014q2/bin/../lib/gcc/arm-none-eabi/4.8.4/armv7e-m/softfp\libgcc.a(unwind-arm.o)
 .ARM.extab     0x08006fe0       0x18 c:/program files (x86)/gnu tools arm embedded/4.8 2014q2/bin/../lib/gcc/arm-none-eabi/4.8.4/armv7e-m/softfp\libgcc.a(pr-support.o)
                0x08006ff8                . = ALIGN (0x4)
                0x08006ff8                __exidx_start = .

.ARM.exidx      0x08006ff8      0x168
 *(.ARM.exidx* .gnu.linkonce.armexidx.*)
 .ARM.exidx.text._ZN5CTask13EnterCriticalEv
                0x08006ff8        0x8 C:\Users\Jeff\Documents\svn\reclone-sdk.git\branches\develop\third-party\FreeRTOS_EC\Debug\libFreeRTOS_EC.a(AManagedTask.o)
 .ARM.exidx.text._ZN5CTask12ExitCriticalEv
                0x08007000        0x0 C:\Users\Jeff\Documents\svn\reclone-sdk.git\branches\develop\third-party\FreeRTOS_EC\Debug\libFreeRTOS_EC.a(AManagedTask.o)
                                  0x8 (size before relaxing)
 .ARM.exidx.text._ZN12AManagedTask12HardwareInitEv
                0x08007000        0x8 C:\Users\Jeff\Documents\svn\reclone-sdk.git\branches\develop\third-party\FreeRTOS_EC\Debug\libFreeRTOS_EC.a(AManagedTask.o)
 .ARM.exidx.text._ZN9CFreeRTOS15SuspendAllTasksEv
                0x08007008        0x8 C:\Users\Jeff\Documents\svn\reclone-sdk.git\branches\develop\third-party\FreeRTOS_EC\Debug\libFreeRTOS_EC.a(AManagedTask.o)
 .ARM.exidx.text._ZN9CFreeRTOS14ResumeAllTasksEv
                0x08007010        0x0 C:\Users\Jeff\Documents\svn\reclone-sdk.git\branches\develop\third-party\FreeRTOS_EC\Debug\libFreeRTOS_EC.a(AManagedTask.o)
                                  0x8 (size before relaxing)
 .ARM.exidx.text._ZN12AManagedTaskC2Ev
                0x08007010        0x8 C:\Users\Jeff\Documents\svn\reclone-sdk.git\branches\develop\third-party\FreeRTOS_EC\Debug\libFreeRTOS_EC.a(AManagedTask.o)
 .ARM.exidx.text._ZN12AManagedTaskD2Ev
                0x08007018        0x8 C:\Users\Jeff\Documents\svn\reclone-sdk.git\branches\develop\third-party\FreeRTOS_EC\Debug\libFreeRTOS_EC.a(AManagedTask.o)
 .ARM.exidx.text._ZN12AManagedTaskD0Ev
                0x08007020        0x8 C:\Users\Jeff\Documents\svn\reclone-sdk.git\branches\develop\third-party\FreeRTOS_EC\Debug\libFreeRTOS_EC.a(AManagedTask.o)
 .ARM.exidx.text._ZN12AManagedTask6CreateEPKctm
                0x08007028        0x8 C:\Users\Jeff\Documents\svn\reclone-sdk.git\branches\develop\third-party\FreeRTOS_EC\Debug\libFreeRTOS_EC.a(AManagedTask.o)
 .ARM.exidx.text._ZN12AManagedTask15taskControlFuncEPv
                0x08007030        0x8 C:\Users\Jeff\Documents\svn\reclone-sdk.git\branches\develop\third-party\FreeRTOS_EC\Debug\libFreeRTOS_EC.a(AManagedTask.o)
 .ARM.exidx.text._ZN12AManagedTask16AddToManagedTaskEPS_
                0x08007038        0x8 C:\Users\Jeff\Documents\svn\reclone-sdk.git\branches\develop\third-party\FreeRTOS_EC\Debug\libFreeRTOS_EC.a(AManagedTask.o)
 .ARM.exidx.text._ZN12AManagedTask21RemoveFromManagedTaskEPS_
                0x08007040        0x8 C:\Users\Jeff\Documents\svn\reclone-sdk.git\branches\develop\third-party\FreeRTOS_EC\Debug\libFreeRTOS_EC.a(AManagedTask.o)
 .ARM.exidx.text._ZN12AManagedTask27InitHardwareForManagedTasksEv
                0x08007048        0x8 C:\Users\Jeff\Documents\svn\reclone-sdk.git\branches\develop\third-party\FreeRTOS_EC\Debug\libFreeRTOS_EC.a(AManagedTask.o)
 .ARM.exidx.text._ZN9CFreeRTOS27InitHardwareForManagedTasksEv
                0x08007050        0x8 C:\Users\Jeff\Documents\svn\reclone-sdk.git\branches\develop\third-party\FreeRTOS_EC\Debug\libFreeRTOS_EC.a(CFreeRTOS.o)
 .ARM.exidx.text._ZN12IFreeRTOSObjC2Ev
                0x08007058        0x8 C:\Users\Jeff\Documents\svn\reclone-sdk.git\branches\develop\third-party\FreeRTOS_EC\Debug\libFreeRTOS_EC.a(CTask.o)
 .ARM.exidx.text._ZN5CTaskC2Ev
                0x08007060        0x0 C:\Users\Jeff\Documents\svn\reclone-sdk.git\branches\develop\third-party\FreeRTOS_EC\Debug\libFreeRTOS_EC.a(CTask.o)
                                  0x8 (size before relaxing)
 .ARM.exidx.text._ZN5CTaskD2Ev
                0x08007060        0x8 C:\Users\Jeff\Documents\svn\reclone-sdk.git\branches\develop\third-party\FreeRTOS_EC\Debug\libFreeRTOS_EC.a(CTask.o)
 .ARM.exidx.text._ZN5CTaskD0Ev
                0x08007068        0x8 C:\Users\Jeff\Documents\svn\reclone-sdk.git\branches\develop\third-party\FreeRTOS_EC\Debug\libFreeRTOS_EC.a(CTask.o)
 .ARM.exidx.text._ZN5CTask6AttachEPv
                0x08007070        0x8 C:\Users\Jeff\Documents\svn\reclone-sdk.git\branches\develop\third-party\FreeRTOS_EC\Debug\libFreeRTOS_EC.a(CTask.o)
 .ARM.exidx.text._ZN5CTask6CreateEPFvPvEPKctS0_m
                0x08007078        0x8 C:\Users\Jeff\Documents\svn\reclone-sdk.git\branches\develop\third-party\FreeRTOS_EC\Debug\libFreeRTOS_EC.a(CTask.o)
 .ARM.exidx.text._ZN5CTask6DeleteEv
                0x08007080       0x10 C:\Users\Jeff\Documents\svn\reclone-sdk.git\branches\develop\third-party\FreeRTOS_EC\Debug\libFreeRTOS_EC.a(CTask.o)
                                  0x8 (size before relaxing)
 .ARM.exidx.text._ZN9__gnu_cxx27__verbose_terminate_handlerEv
                0x08007090        0x8 C:\Users\Jeff\Documents\svn\reclone-sdk.git\branches\develop\bsp\discovery_m6plus_bsp\Debug\libDiscovery_m6plus_BSP.a(_cxx.o)
 .ARM.exidx.text.__cxa_pure_virtual
                0x08007098        0x8 C:\Users\Jeff\Documents\svn\reclone-sdk.git\branches\develop\bsp\discovery_m6plus_bsp\Debug\libDiscovery_m6plus_BSP.a(_cxx.o)
 .ARM.exidx     0x080070a0       0x88 c:/program files (x86)/gnu tools arm embedded/4.8 2014q2/bin/../lib/gcc/arm-none-eabi/4.8.4/armv7e-m/softfp\libgcc.a(unwind-arm.o)
                                 0xd8 (size before relaxing)
 .ARM.exidx     0x08007128       0x38 c:/program files (x86)/gnu tools arm embedded/4.8 2014q2/bin/../lib/gcc/arm-none-eabi/4.8.4/armv7e-m/softfp\libgcc.a(pr-support.o)
                                 0x48 (size before relaxing)
                0x08007160                __exidx_end = .

.rel.dyn        0x08007160        0x0
 .rel.iplt      0x00000000        0x0 ./src/BlinkyTask.o
                0x08007160                . = ALIGN (0x4)
                0x08007160                _etext = .
                0x08007160                __etext = .

.data_CCMRAM    0x10000000        0x0 load address 0x08007160
 FILL mask 0xff
 *(.data.CCMRAM .data.CCMRAM.*)
                0x10000000                . = ALIGN (0x4)
                0x08007160                _sidata = LOADADDR (.data)

.data           0x20000000       0x84 load address 0x08007160
 FILL mask 0xff
                0x20000000                _sdata = .
                0x20000000                __data_start__ = .
 *(.data_begin .data_begin.*)
 .data_begin    0x20000000        0x4 C:\Users\Jeff\Documents\svn\reclone-sdk.git\branches\develop\bsp\discovery_m6plus_bsp\Debug\libDiscovery_m6plus_BSP.a(_startup.o)
 *(.data .data.*)
 .data.uxCriticalNesting
                0x20000004        0x4 C:\Users\Jeff\Documents\svn\reclone-sdk.git\branches\develop\third-party\FreeRTOS\Source\Debug\libFreeRTOS.a(port.o)
 .data.SystemCoreClock
                0x20000008        0x4 C:\Users\Jeff\Documents\svn\reclone-sdk.git\branches\develop\third-party\STM32CubeF4\Debug\libSTM32CubeF4.a(system_stm32f4xx.o)
                0x20000008                SystemCoreClock
 .data.argv.4461
                0x2000000c        0x8 C:\Users\Jeff\Documents\svn\reclone-sdk.git\branches\develop\bsp\discovery_m6plus_bsp\Debug\libDiscovery_m6plus_BSP.a(_syscalls.o)
 .data._ZN10__cxxabiv119__terminate_handlerE
                0x20000014        0x4 c:/program files (x86)/gnu tools arm embedded/4.8 2014q2/bin/../lib/gcc/arm-none-eabi/4.8.4/../../../../arm-none-eabi/lib/armv7e-m/softfp\libstdc++_s.a(eh_term_handler.o)
                0x20000014                __cxxabiv1::__terminate_handler
 .data._ZN10__cxxabiv120__unexpected_handlerE
                0x20000018        0x4 c:/program files (x86)/gnu tools arm embedded/4.8 2014q2/bin/../lib/gcc/arm-none-eabi/4.8.4/../../../../arm-none-eabi/lib/armv7e-m/softfp\libstdc++_s.a(eh_unex_handler.o)
                0x20000018                __cxxabiv1::__unexpected_handler
 .data.impure_data
                0x2000001c       0x60 c:/program files (x86)/gnu tools arm embedded/4.8 2014q2/bin/../lib/gcc/arm-none-eabi/4.8.4/../../../../arm-none-eabi/lib/armv7e-m/softfp\libg_s.a(lib_a-impure.o)
 .data._impure_ptr
                0x2000007c        0x4 c:/program files (x86)/gnu tools arm embedded/4.8 2014q2/bin/../lib/gcc/arm-none-eabi/4.8.4/../../../../arm-none-eabi/lib/armv7e-m/softfp\libg_s.a(lib_a-impure.o)
                0x2000007c                _impure_ptr
 *(.data_end .data_end.*)
 .data_end      0x20000080        0x4 C:\Users\Jeff\Documents\svn\reclone-sdk.git\branches\develop\bsp\discovery_m6plus_bsp\Debug\libDiscovery_m6plus_BSP.a(_startup.o)
                0x20000084                . = ALIGN (0x4)
                0x20000084                _edata = .
                0x20000084                __data_end__ = .

.igot.plt       0x20000084        0x0 load address 0x080071e4
 .igot.plt      0x00000000        0x0 ./src/BlinkyTask.o

.bss_CCMRAM     0x10000000        0x0
 *(.bss.CCMRAM .bss.CCMRAM.*)

.bss            0x20000084    0x12e3c
                0x20000084                __bss_start__ = .
                0x20000084                _sbss = .
 *(.bss_begin .bss_begin.*)
 .bss_begin     0x20000084        0x4 C:\Users\Jeff\Documents\svn\reclone-sdk.git\branches\develop\bsp\discovery_m6plus_bsp\Debug\libDiscovery_m6plus_BSP.a(_startup.o)
 *(.bss .bss.*)
 .bss._ZN12AManagedTask22s_pManagedTaskListHeadE
                0x20000088        0x4 C:\Users\Jeff\Documents\svn\reclone-sdk.git\branches\develop\third-party\FreeRTOS_EC\Debug\libFreeRTOS_EC.a(AManagedTask.o)
                0x20000088                AManagedTask::s_pManagedTaskListHead
 .bss.ucMaxSysCallPriority
                0x2000008c        0x1 C:\Users\Jeff\Documents\svn\reclone-sdk.git\branches\develop\third-party\FreeRTOS\Source\Debug\libFreeRTOS.a(port.o)
 *fill*         0x2000008d        0x3 
 .bss.ulMaxPRIGROUPValue
                0x20000090        0x4 C:\Users\Jeff\Documents\svn\reclone-sdk.git\branches\develop\third-party\FreeRTOS\Source\Debug\libFreeRTOS.a(port.o)
 .bss.pxCurrentTCB