Archive member included because of file (symbol)

C:\Users\Jeff\Documents\svn\reclone-sdk.git\branches\develop\ports\Esp8266LwipPort\Debug\libEsp8266LwipPort.a(esp_wifi_task.o)
                              ./src/main.o (ESP_WiFi_Init)
C:\Users\Jeff\Documents\svn\reclone-sdk.git\branches\develop\ports\Esp8266LwipPort\Debug\libEsp8266LwipPort.a(esp_sdio_if.o)
                              C:\Users\Jeff\Documents\svn\reclone-sdk.git\branches\develop\ports\Esp8266LwipPort\Debug\libEsp8266LwipPort.a(esp_wifi_task.o) (ESP_SDIO_InitHardware)
C:\Users\Jeff\Documents\svn\reclone-sdk.git\branches\develop\third-party\FreeRTOS_EC\Debug\libFreeRTOS_EC.a(AManagedTask.o)
                              ./src/BlinkyTask.o (AManagedTask::AManagedTask())
C:\Users\Jeff\Documents\svn\reclone-sdk.git\branches\develop\third-party\FreeRTOS_EC\Debug\libFreeRTOS_EC.a(CFreeRTOS.o)
                              ./src/main.o (CFreeRTOS::InitHardwareForManagedTasks())
C:\Users\Jeff\Documents\svn\reclone-sdk.git\branches\develop\third-party\FreeRTOS_EC\Debug\libFreeRTOS_EC.a(CTask.o)
                              C:\Users\Jeff\Documents\svn\reclone-sdk.git\branches\develop\third-party\FreeRTOS_EC\Debug\libFreeRTOS_EC.a(AManagedTask.o) (CTask::CTask())
C:\Users\Jeff\Documents\svn\reclone-sdk.git\branches\develop\third-party\FreeRTOS\Source\Debug\libFreeRTOS.a(port.o)
                              C:\Users\Jeff\Documents\svn\reclone-sdk.git\branches\develop\third-party\FreeRTOS_EC\Debug\libFreeRTOS_EC.a(AManagedTask.o) (vPortEnterCritical)
C:\Users\Jeff\Documents\svn\reclone-sdk.git\branches\develop\third-party\FreeRTOS\Source\Debug\libFreeRTOS.a(queue.o)
                              C:\Users\Jeff\Documents\svn\reclone-sdk.git\branches\develop\ports\Esp8266LwipPort\Debug\libEsp8266LwipPort.a(esp_sdio_if.o) (xQueueGenericCreate)
C:\Users\Jeff\Documents\svn\reclone-sdk.git\branches\develop\third-party\FreeRTOS\Source\Debug\libFreeRTOS.a(tasks.o)
                              C:\Users\Jeff\Documents\svn\reclone-sdk.git\branches\develop\third-party\FreeRTOS\Source\Debug\libFreeRTOS.a(port.o) (pxCurrentTCB)
C:\Users\Jeff\Documents\svn\reclone-sdk.git\branches\develop\third-party\FreeRTOS\Source\Debug\libFreeRTOS.a(timers.o)
                              C:\Users\Jeff\Documents\svn\reclone-sdk.git\branches\develop\third-party\FreeRTOS\Source\Debug\libFreeRTOS.a(tasks.o) (xTimerCreateTimerTask)
C:\Users\Jeff\Documents\svn\reclone-sdk.git\branches\develop\third-party\FreeRTOS\Source\Debug\libFreeRTOS.a(heap_1.o)
                              C:\Users\Jeff\Documents\svn\reclone-sdk.git\branches\develop\third-party\FreeRTOS\Source\Debug\libFreeRTOS.a(queue.o) (pvPortMalloc)
C:\Users\Jeff\Documents\svn\reclone-sdk.git\branches\develop\third-party\FreeRTOS\Source\Debug\libFreeRTOS.a(list.o)
                              C:\Users\Jeff\Documents\svn\reclone-sdk.git\branches\develop\third-party\FreeRTOS\Source\Debug\libFreeRTOS.a(queue.o) (vListInitialise)
C:\Users\Jeff\Documents\svn\reclone-sdk.git\branches\develop\third-party\STM32CubeF4\Debug\libSTM32CubeF4.a(stm32f4xx_hal_cortex.o)
                              C:\Users\Jeff\Documents\svn\reclone-sdk.git\branches\develop\ports\Esp8266LwipPort\Debug\libEsp8266LwipPort.a(esp_sdio_if.o) (HAL_NVIC_SetPriority)
C:\Users\Jeff\Documents\svn\reclone-sdk.git\branches\develop\third-party\STM32CubeF4\Debug\libSTM32CubeF4.a(stm32f4xx_hal_dma.o)
                              C:\Users\Jeff\Documents\svn\reclone-sdk.git\branches\develop\ports\Esp8266LwipPort\Debug\libEsp8266LwipPort.a(esp_sdio_if.o) (HAL_DMA_Init)
C:\Users\Jeff\Documents\svn\reclone-sdk.git\branches\develop\third-party\STM32CubeF4\Debug\libSTM32CubeF4.a(stm32f4xx_hal_gpio.o)
                              ./src/BlinkyTask.o (HAL_GPIO_Init)
C:\Users\Jeff\Documents\svn\reclone-sdk.git\branches\develop\third-party\STM32CubeF4\Debug\libSTM32CubeF4.a(stm32f4xx_hal_rcc.o)
                              (HAL_RCC_OscConfig)
C:\Users\Jeff\Documents\svn\reclone-sdk.git\branches\develop\third-party\STM32CubeF4\Debug\libSTM32CubeF4.a(stm32f4xx_ll_sdmmc.o)
                              ./src/SdioWifiTask.o (SDIO_Init)
C:\Users\Jeff\Documents\svn\reclone-sdk.git\branches\develop\third-party\STM32CubeF4\Debug\libSTM32CubeF4.a(system_stm32f4xx.o)
                              ./src/main.o (SystemCoreClock)
C:\Users\Jeff\Documents\svn\reclone-sdk.git\branches\develop\third-party\STM32CubeF4\Debug\libSTM32CubeF4.a(stm32f4xx_hal.o)
                              C:\Users\Jeff\Documents\svn\reclone-sdk.git\branches\develop\third-party\STM32CubeF4\Debug\libSTM32CubeF4.a(stm32f4xx_hal_rcc.o) (HAL_InitTick)
C:\Users\Jeff\Documents\svn\reclone-sdk.git\branches\develop\bsp\discovery_m6plus_bsp\Debug\libDiscovery_m6plus_BSP.a(_cxx.o)
                              C:\Users\Jeff\Documents\svn\reclone-sdk.git\branches\develop\third-party\FreeRTOS_EC\Debug\libFreeRTOS_EC.a(AManagedTask.o) (__cxa_pure_virtual)
[...]
Memory Configuration

Name             Origin             Length             Attributes
RAM              0x20000000         0x00020000         xrw
CCMRAM           0x10000000         0x00010000         xrw
FLASH            0x08000000         0x00100000         xr
FLASHB1          0x00000000         0x00000000         xr
EXTMEMB0         0x00000000         0x00000000         xr
EXTMEMB1         0x00000000         0x00000000         xr
EXTMEMB2         0x00000000         0x00000000         xr
EXTMEMB3         0x00000000         0x00000000         xr
MEMORY_ARRAY     0x20002000         0x00000020         xrw
*default*        0x00000000         0xffffffff

Linker script and memory map

LOAD ./src/BlinkyTask.o
LOAD ./src/SdioWifiTask.o
LOAD ./src/main.o
LOAD C:\Users\Jeff\Documents\svn\reclone-sdk.git\branches\develop\ports\Esp8266LwipPort\Debug\libEsp8266LwipPort.a
LOAD C:\Users\Jeff\Documents\svn\reclone-sdk.git\branches\develop\third-party\FreeRTOS_EC\Debug\libFreeRTOS_EC.a
LOAD C:\Users\Jeff\Documents\svn\reclone-sdk.git\branches\develop\third-party\FreeRTOS\Source\Debug\libFreeRTOS.a
LOAD C:\Users\Jeff\Documents\svn\reclone-sdk.git\branches\develop\third-party\STM32CubeF4\Debug\libSTM32CubeF4.a
LOAD C:\Users\Jeff\Documents\svn\reclone-sdk.git\branches\develop\bsp\discovery_m6plus_bsp\Debug\libDiscovery_m6plus_BSP.a
LOAD c:/program files (x86)/gnu tools arm embedded/4.8 2014q2/bin/../lib/gcc/arm-none-eabi/4.8.4/../../../../arm-none-eabi/lib/armv7e-m/softfp\libstdc++_s.a
LOAD c:/program files (x86)/gnu tools arm embedded/4.8 2014q2/bin/../lib/gcc/arm-none-eabi/4.8.4/../../../../arm-none-eabi/lib/armv7e-m/softfp\libm.a
START GROUP
LOAD c:/program files (x86)/gnu tools arm embedded/4.8 2014q2/bin/../lib/gcc/arm-none-eabi/4.8.4/armv7e-m/softfp\libgcc.a
LOAD c:/program files (x86)/gnu tools arm embedded/4.8 2014q2/bin/../lib/gcc/arm-none-eabi/4.8.4/../../../../arm-none-eabi/lib/armv7e-m/softfp\libg_s.a
LOAD c:/program files (x86)/gnu tools arm embedded/4.8 2014q2/bin/../lib/gcc/arm-none-eabi/4.8.4/../../../../arm-none-eabi/lib/armv7e-m/softfp\libc_s.a
END GROUP
START GROUP
LOAD c:/program files (x86)/gnu tools arm embedded/4.8 2014q2/bin/../lib/gcc/arm-none-eabi/4.8.4/armv7e-m/softfp\libgcc.a
LOAD c:/program files (x86)/gnu tools arm embedded/4.8 2014q2/bin/../lib/gcc/arm-none-eabi/4.8.4/../../../../arm-none-eabi/lib/armv7e-m/softfp\libc_s.a
END GROUP
                0x20020000                __stack = (ORIGIN (RAM) + 0x20000)
                0x20020000                _estack = __stack
                0x00000400                __Main_Stack_Size = 0x400
                0x00000400                PROVIDE (_Main_Stack_Size, __Main_Stack_Size)
                0x2001fc00                __Main_Stack_Limit = (__stack - __Main_Stack_Size)
                0x2001fc00                PROVIDE (_Main_Stack_Limit, __Main_Stack_Limit)
                0x00000100                _Minimum_Stack_Size = 0x100
                0x200130b4                PROVIDE (_Heap_Begin, _end_noinit)
                0x2001fc00                PROVIDE (_Heap_Limit, (__stack - __Main_Stack_Size))

.isr_vector     0x08000000      0x478
 FILL mask 0xff
                0x08000000                __vectors_start__ = ABSOLUTE (.)
 *(.isr_vector)
 .isr_vector    0x08000000      0x188 C:\Users\Jeff\Documents\svn\reclone-sdk.git\branches\develop\bsp\discovery_m6plus_bsp\Debug\libDiscovery_m6plus_BSP.a(vectors_stm32f4xx.o)
                0x08000000                __isr_vectors
 *(.cfmconfig)
 *(.after_vectors .after_vectors.*)
 .after_vectors
                0x08000188      0x178 C:\Users\Jeff\Documents\svn\reclone-sdk.git\branches\develop\bsp\discovery_m6plus_bsp\Debug\libDiscovery_m6plus_BSP.a(_startup.o)
                0x08000188                _start
 .after_vectors
                0x08000300        0x8 C:\Users\Jeff\Documents\svn\reclone-sdk.git\branches\develop\bsp\discovery_m6plus_bsp\Debug\libDiscovery_m6plus_BSP.a(vectors_stm32f4xx.o)
                0x08000300                RTC_Alarm_IRQHandler
                0x08000300                HASH_RNG_IRQHandler
                0x08000300                EXTI2_IRQHandler
                0x08000300                TIM8_CC_IRQHandler
                0x08000300                TIM1_CC_IRQHandler
                0x08000300                DMA2_Stream5_IRQHandler
                0x08000300                DMA1_Stream5_IRQHandler
                0x08000300                PVD_IRQHandler
                0x08000300                TAMP_STAMP_IRQHandler
                0x08000300                CAN2_RX1_IRQHandler
                0x08000300                EXTI3_IRQHandler
                0x08000300                TIM8_TRG_COM_TIM14_IRQHandler
                0x08000300                TIM1_UP_TIM10_IRQHandler
                0x08000300                TIM8_UP_TIM13_IRQHandler
                0x08000300                I2C3_ER_IRQHandler
                0x08000300                EXTI0_IRQHandler
                0x08000300                I2C2_EV_IRQHandler
                0x08000300                DMA1_Stream2_IRQHandler
                0x08000300                CAN1_RX0_IRQHandler
                0x08000300                FPU_IRQHandler
                0x08000300                OTG_HS_WKUP_IRQHandler
                0x08000300                CAN2_SCE_IRQHandler
                0x08000300                DMA2_Stream2_IRQHandler
                0x08000300                SPI1_IRQHandler
                0x08000300                TIM6_DAC_IRQHandler
                0x08000300                TIM1_BRK_TIM9_IRQHandler
                0x08000300                DCMI_IRQHandler
                0x08000300                CAN2_RX0_IRQHandler
                0x08000300                USART6_IRQHandler
                0x08000300                USART3_IRQHandler
                0x08000300                CAN1_RX1_IRQHandler
                0x08000300                UART5_IRQHandler
                0x08000300                DMA2_Stream0_IRQHandler
                0x08000300                TIM4_IRQHandler
                0x08000300                I2C1_EV_IRQHandler
                0x08000300                DMA1_Stream6_IRQHandler
                0x08000300                DMA1_Stream1_IRQHandler
                0x08000300                UART4_IRQHandler
                0x08000300                TIM3_IRQHandler
                0x08000300                RCC_IRQHandler
                0x08000300                TIM8_BRK_TIM12_IRQHandler
                0x08000300                Default_Handler
                0x08000300                EXTI15_10_IRQHandler
                0x08000300                ADC_IRQHandler
                0x08000300                DMA1_Stream7_IRQHandler
                0x08000300                TIM7_IRQHandler
                0x08000300                CAN2_TX_IRQHandler
                0x08000300                TIM5_IRQHandler
                0x08000300                DMA2_Stream7_IRQHandler
                0x08000300                I2C3_EV_IRQHandler
                0x08000300                EXTI9_5_IRQHandler
                0x08000300                RTC_WKUP_IRQHandler
                0x08000300                ETH_WKUP_IRQHandler
                0x08000300                SPI2_IRQHandler
                0x08000300                OTG_HS_EP1_IN_IRQHandler
                0x08000300                DMA1_Stream0_IRQHandler
                0x08000300                CAN1_TX_IRQHandler
                0x08000300                EXTI4_IRQHandler
                0x08000300                FSMC_IRQHandler
                0x08000300                ETH_IRQHandler
                0x08000300                OTG_HS_EP1_OUT_IRQHandler
                0x08000300                WWDG_IRQHandler
                0x08000300                TIM2_IRQHandler
                0x08000300                OTG_FS_WKUP_IRQHandler
                0x08000300                TIM1_TRG_COM_TIM11_IRQHandler
                0x08000300                OTG_HS_IRQHandler
                0x08000300                EXTI1_IRQHandler
                0x08000300                USART2_IRQHandler
                0x08000300                I2C2_ER_IRQHandler
                0x08000300                DMA2_Stream1_IRQHandler
                0x08000300                CAN1_SCE_IRQHandler
                0x08000300                FLASH_IRQHandler
                0x08000300                DMA2_Stream4_IRQHandler
                0x08000300                USART1_IRQHandler
                0x08000300                OTG_FS_IRQHandler
                0x08000300                SPI3_IRQHandler
                0x08000300                DMA1_Stream4_IRQHandler
                0x08000300                I2C1_ER_IRQHandler
                0x08000300                DMA2_Stream6_IRQHandler
                0x08000300                DMA1_Stream3_IRQHandler
 .after_vectors
                0x08000308      0x170 C:\Users\Jeff\Documents\svn\reclone-sdk.git\branches\develop\bsp\discovery_m6plus_bsp\Debug\libDiscovery_m6plus_BSP.a(exception_handlers.o)
                0x08000308                Reset_Handler
                0x08000310                NMI_Handler
                0x08000318                HardFault_Handler
                0x08000330                HardFault_Handler_C
                0x080003a0                MemManage_Handler
                0x080003a8                BusFault_Handler
                0x080003bc                BusFault_Handler_C
                0x080003f8                UsageFault_Handler
                0x0800040c                UsageFault_Handler_C
                0x08000450                DebugMon_Handler

.inits          0x08000478       0x28
                0x08000478                __data_regions_array_start = .
                0x08000478        0x4 LONG 0x80151e8 LOADADDR (.data)
                0x0800047c        0x4 LONG 0x20000000 ADDR (.data)
                0x08000480        0x4 LONG 0x20000084 (ADDR (.data) + SIZEOF (.data))
                0x08000484        0x4 LONG 0x80151e8 LOADADDR (.data_CCMRAM)
                0x08000488        0x4 LONG 0x10000000 ADDR (.data_CCMRAM)
                0x0800048c        0x4 LONG 0x10000000 (ADDR (.data_CCMRAM) + SIZEOF (.data_CCMRAM))
                0x08000490                __data_regions_array_end = .
                0x08000490                __bss_regions_array_start = .
                0x08000490        0x4 LONG 0x20000084 ADDR (.bss)
                0x08000494        0x4 LONG 0x200130b4 (ADDR (.bss) + SIZEOF (.bss))
                0x08000498        0x4 LONG 0x10000000 ADDR (.bss_CCMRAM)
                0x0800049c        0x4 LONG 0x10000000 (ADDR (.bss_CCMRAM) + SIZEOF (.bss_CCMRAM))
                0x080004a0                __bss_regions_array_end = .
 *(.init)
 *(.fini)
                0x080004a0                . = ALIGN (0x4)
                0x080004a0                PROVIDE (__preinit_array_start, .)
 *(.preinit_array_sysinit .preinit_array_sysinit.*)
 *(.preinit_array_platform .preinit_array_platform.*)
 *(.preinit_array .preinit_array.*)
                0x080004a0                PROVIDE (__preinit_array_end, .)
                0x080004a0                . = ALIGN (0x4)
                0x080004a0                PROVIDE (__init_array_start, .)
 *(SORT(.init_array.*))
 *(.init_array)
                0x080004a0                PROVIDE (__init_array_end, .)
                0x080004a0                . = ALIGN (0x4)
                0x080004a0                PROVIDE (__fini_array_start, .)
 *(SORT(.fini_array.*))
 *(.fini_array)
                0x080004a0                PROVIDE (__fini_array_end, .)

.flashtext
 *(.flashtext .flashtext.*)

.text           0x080004a0    0x14b1d
 *(.text .text.*)
 .text._ZNK5CTask7IsValidEv
                0x080004a0        0xc ./src/BlinkyTask.o
                0x080004a0                CTask::IsValid() const
 .text._ZN5CTask6DetachEv
                0x080004ac        0xc ./src/BlinkyTask.o
                0x080004ac                CTask::Detach()
 .text._ZN12AManagedTask8OnCreateEPKctm
                0x080004b8        0x4 ./src/BlinkyTask.o
                0x080004b8                AManagedTask::OnCreate(char const*, unsigned short, unsigned long)
 .text._ZN10BlinkyTask3RunEv
                0x080004bc       0x3c ./src/BlinkyTask.o
                0x080004bc                BlinkyTask::Run()
 .text._ZN10BlinkyTask12HardwareInitEv
                0x080004f8       0x40 ./src/BlinkyTask.o
                0x080004f8                BlinkyTask::HardwareInit()
 .text._ZN10BlinkyTaskD2Ev
                0x08000538       0x14 ./src/BlinkyTask.o
                0x08000538                BlinkyTask::~BlinkyTask()
                0x08000538                BlinkyTask::~BlinkyTask()
 .text._ZN10BlinkyTaskD0Ev
                0x0800054c       0x1c ./src/BlinkyTask.o
                0x0800054c                BlinkyTask::~BlinkyTask()
 .text._ZN10BlinkyTaskC2Ettm
                0x08000568       0x24 ./src/BlinkyTask.o
                0x08000568                BlinkyTask::BlinkyTask(unsigned short, unsigned short, unsigned long)
                0x08000568                BlinkyTask::BlinkyTask(unsigned short, unsigned short, unsigned long)
 .text.main     0x0800058c       0x58 ./src/main.o
                0x0800058c                main
 .text.ESP_WiFi_Init
                0x080005e4       0x40 C:\Users\Jeff\Documents\svn\reclone-sdk.git\branches\develop\ports\Esp8266LwipPort\Debug\libEsp8266LwipPort.a(esp_wifi_task.o)
                0x080005e4                ESP_WiFi_Init
 .text.ESP_WiFi_Task
                0x08000624       0x7c C:\Users\Jeff\Documents\svn\reclone-sdk.git\branches\develop\ports\Esp8266LwipPort\Debug\libEsp8266LwipPort.a(esp_wifi_task.o)
 .text.DMA2_Stream3_IRQHandler
                0x080006a0       0x70 C:\Users\Jeff\Documents\svn\reclone-sdk.git\branches\develop\ports\Esp8266LwipPort\Debug\libEsp8266LwipPort.a(esp_sdio_if.o)
                0x080006a0                DMA2_Stream3_IRQHandler
 .text.SDIO_IRQHandler
                0x08000710       0xc4 C:\Users\Jeff\Documents\svn\reclone-sdk.git\branches\develop\ports\Esp8266LwipPort\Debug\libEsp8266LwipPort.a(esp_sdio_if.o)
                0x08000710                SDIO_IRQHandler
 .text.ESP_SDIO_InitHardware
                0x080007d4      0x1b0 C:\Users\Jeff\Documents\svn\reclone-sdk.git\branches\develop\ports\Esp8266LwipPort\Debug\libEsp8266LwipPort.a(esp_sdio_if.o)
                0x080007d4                ESP_SDIO_InitHardware
 .text.ESP_SDIO_ToggleReset
                0x08000984       0x34 C:\Users\Jeff\Documents\svn\reclone-sdk.git\branches\develop\ports\Esp8266LwipPort\Debug\libEsp8266LwipPort.a(esp_sdio_if.o)
                0x08000984                ESP_SDIO_ToggleReset
 .text.ESP_SDIO_ResetToCmdState
                0x080009b8      0x1e0 C:\Users\Jeff\Documents\svn\reclone-sdk.git\branches\develop\ports\Esp8266LwipPort\Debug\libEsp8266LwipPort.a(esp_sdio_if.o)
                0x080009b8                ESP_SDIO_ResetToCmdState
 .text.ESP_SDIO_SendCommand
                0x08000b98      0x11c C:\Users\Jeff\Documents\svn\reclone-sdk.git\branches\develop\ports\Esp8266LwipPort\Debug\libEsp8266LwipPort.a(esp_sdio_if.o)
                0x08000b98                ESP_SDIO_SendCommand
 .text.ESP_SDIO_DMA_RxConfig
                0x08000cb4       0xe4 C:\Users\Jeff\Documents\svn\reclone-sdk.git\branches\develop\ports\Esp8266LwipPort\Debug\libEsp8266LwipPort.a(esp_sdio_if.o)
                0x08000cb4                ESP_SDIO_DMA_RxConfig
 .text.ESP_SDIO_DMA_TxConfig
                0x08000d98       0xe8 C:\Users\Jeff\Documents\svn\reclone-sdk.git\branches\develop\ports\Esp8266LwipPort\Debug\libEsp8266LwipPort.a(esp_sdio_if.o)
                0x08000d98                ESP_SDIO_DMA_TxConfig
 .text.ESP_SDIO_ReadExtended
                0x08000e80       0xe4 C:\Users\Jeff\Documents\svn\reclone-sdk.git\branches\develop\ports\Esp8266LwipPort\Debug\libEsp8266LwipPort.a(esp_sdio_if.o)
                0x08000e80                ESP_SDIO_ReadExtended
 .text.ESP_SDIO_WriteExtended
                0x08000f64       0xe8 C:\Users\Jeff\Documents\svn\reclone-sdk.git\branches\develop\ports\Esp8266LwipPort\Debug\libEsp8266LwipPort.a(esp_sdio_if.o)
                0x08000f64                ESP_SDIO_WriteExtended
 .text.ESP_SDIO_ReadWriteDirect
                0x0800104c       0xa4 C:\Users\Jeff\Documents\svn\reclone-sdk.git\branches\develop\ports\Esp8266LwipPort\Debug\libEsp8266LwipPort.a(esp_sdio_if.o)
                0x0800104c                ESP_SDIO_ReadWriteDirect
 .text.ESP_SDIO_ReadWriteShort
                0x080010f0       0x84 C:\Users\Jeff\Documents\svn\reclone-sdk.git\branches\develop\ports\Esp8266LwipPort\Debug\libEsp8266LwipPort.a(esp_sdio_if.o)
                0x080010f0                ESP_SDIO_ReadWriteShort
 .text.ESP_SDIO_ReadBytes
                0x08001174       0x84 C:\Users\Jeff\Documents\svn\reclone-sdk.git\branches\develop\ports\Esp8266LwipPort\Debug\libEsp8266LwipPort.a(esp_sdio_if.o)
                0x08001174                ESP_SDIO_ReadBytes
 .text.ESP_SDIO_WriteBytes
                0x080011f8       0x8c C:\Users\Jeff\Documents\svn\reclone-sdk.git\branches\develop\ports\Esp8266LwipPort\Debug\libEsp8266LwipPort.a(esp_sdio_if.o)
                0x080011f8                ESP_SDIO_WriteBytes
 .text.ESP_SDIO_GetCCCR
                0x08001284       0x2c C:\Users\Jeff\Documents\svn\reclone-sdk.git\branches\develop\ports\Esp8266LwipPort\Debug\libEsp8266LwipPort.a(esp_sdio_if.o)
                0x08001284                ESP_SDIO_GetCCCR
 .text.ESP_SDIO_GetFBR
                0x080012b0       0x44 C:\Users\Jeff\Documents\svn\reclone-sdk.git\branches\develop\ports\Esp8266LwipPort\Debug\libEsp8266LwipPort.a(esp_sdio_if.o)
                0x080012b0                ESP_SDIO_GetFBR
 .text.ESP_SDIO_GoIdleState
                0x080012f4       0x18 C:\Users\Jeff\Documents\svn\reclone-sdk.git\branches\develop\ports\Esp8266LwipPort\Debug\libEsp8266LwipPort.a(esp_sdio_if.o)
                0x080012f4                ESP_SDIO_GoIdleState
 .text.ESP_SDIO_IoSendOpCond
                0x0800130c       0x44 C:\Users\Jeff\Documents\svn\reclone-sdk.git\branches\develop\ports\Esp8266LwipPort\Debug\libEsp8266LwipPort.a(esp_sdio_if.o)
                0x0800130c                ESP_SDIO_IoSendOpCond
 .text.ESP_SDIO_SendRelativeAddress
                0x08001350       0x40 C:\Users\Jeff\Documents\svn\reclone-sdk.git\branches\develop\ports\Esp8266LwipPort\Debug\libEsp8266LwipPort.a(esp_sdio_if.o)
                0x08001350                ESP_SDIO_SendRelativeAddress
 .text.ESP_SDIO_SelectCard
                0x08001390       0x40 C:\Users\Jeff\Documents\svn\reclone-sdk.git\branches\develop\ports\Esp8266LwipPort\Debug\libEsp8266LwipPort.a(esp_sdio_if.o)
                0x08001390                ESP_SDIO_SelectCard
 .text.ESP_SDIO_VerifyTargetID
                0x080013d0       0x38 C:\Users\Jeff\Documents\svn\reclone-sdk.git\branches\develop\ports\Esp8266LwipPort\Debug\libEsp8266LwipPort.a(esp_sdio_if.o)
                0x080013d0                ESP_SDIO_VerifyTargetID
 .text.ESP_SDIO_SIP_SendCommand
                0x08001408       0x38 C:\Users\Jeff\Documents\svn\reclone-sdk.git\branches\develop\ports\Esp8266LwipPort\Debug\libEsp8266LwipPort.a(esp_sdio_if.o)
                0x08001408                ESP_SDIO_SIP_SendCommand
 .text.ESP_SDIO_SIP_WriteMemory
                0x08001440       0xf0 C:\Users\Jeff\Documents\svn\reclone-sdk.git\branches\develop\ports\Esp8266LwipPort\Debug\libEsp8266LwipPort.a(esp_sdio_if.o)
                0x08001440                ESP_SDIO_SIP_WriteMemory
 .text.ESP_SDIO_SIP_BootUp
                0x08001530       0x14 C:\Users\Jeff\Documents\svn\reclone-sdk.git\branches\develop\ports\Esp8266LwipPort\Debug\libEsp8266LwipPort.a(esp_sdio_if.o)
                0x08001530                ESP_SDIO_SIP_BootUp
 .text.ESP_SDIO_BootFirmwareBlob
                0x08001544       0x8c C:\Users\Jeff\Documents\svn\reclone-sdk.git\branches\develop\ports\Esp8266LwipPort\Debug\libEsp8266LwipPort.a(esp_sdio_if.o)
                0x08001544                ESP_SDIO_BootFirmwareBlob
 .text.ESP_SDIO_ProgramFirmware
                0x080015d0       0x64 C:\Users\Jeff\Documents\svn\reclone-sdk.git\branches\develop\ports\Esp8266LwipPort\Debug\libEsp8266LwipPort.a(esp_sdio_if.o)
                0x080015d0                ESP_SDIO_ProgramFirmware
 .text._ZN5CTask13EnterCriticalEv
                0x08001634        0xc C:\Users\Jeff\Documents\svn\reclone-sdk.git\branches\develop\third-party\FreeRTOS_EC\Debug\libFreeRTOS_EC.a(AManagedTask.o)
                0x08001634                CTask::EnterCritical()
 .text._ZN5CTask12ExitCriticalEv
                0x08001640        0xc C:\Users\Jeff\Documents\svn\reclone-sdk.git\branches\develop\third-party\FreeRTOS_EC\Debug\libFreeRTOS_EC.a(AManagedTask.o)
                0x08001640                CTask::ExitCritical()
 .text._ZN12AManagedTask12HardwareInitEv
                0x0800164c       0x18 C:\Users\Jeff\Documents\svn\reclone-sdk.git\branches\develop\third-party\FreeRTOS_EC\Debug\libFreeRTOS_EC.a(AManagedTask.o)
                0x0800164c                AManagedTask::HardwareInit()
 .text._ZN9CFreeRTOS15SuspendAllTasksEv
                0x08001664        0xc C:\Users\Jeff\Documents\svn\reclone-sdk.git\branches\develop\third-party\FreeRTOS_EC\Debug\libFreeRTOS_EC.a(AManagedTask.o)
                0x08001664                CFreeRTOS::SuspendAllTasks()
 .text._ZN9CFreeRTOS14ResumeAllTasksEv
                0x08001670       0x10 C:\Users\Jeff\Documents\svn\reclone-sdk.git\branches\develop\third-party\FreeRTOS_EC\Debug\libFreeRTOS_EC.a(AManagedTask.o)
                0x08001670                CFreeRTOS::ResumeAllTasks()
 .text._ZN12AManagedTaskC2Ev
                0x08001680       0x40 C:\Users\Jeff\Documents\svn\reclone-sdk.git\branches\develop\third-party\FreeRTOS_EC\Debug\libFreeRTOS_EC.a(AManagedTask.o)
                0x08001680                AManagedTask::AManagedTask()
                0x08001680                AManagedTask::AManagedTask()
 .text._ZN12AManagedTaskD2Ev
                0x080016c0       0x38 C:\Users\Jeff\Documents\svn\reclone-sdk.git\branches\develop\third-party\FreeRTOS_EC\Debug\libFreeRTOS_EC.a(AManagedTask.o)
                0x080016c0                AManagedTask::~AManagedTask()
                0x080016c0                AManagedTask::~AManagedTask()
 .text._ZN12AManagedTaskD0Ev
                0x080016f8       0x20 C:\Users\Jeff\Documents\svn\reclone-sdk.git\branches\develop\third-party\FreeRTOS_EC\Debug\libFreeRTOS_EC.a(AManagedTask.o)
                0x080016f8                AManagedTask::~AManagedTask()
 .text._ZN12AManagedTask6CreateEPKctm
                0x08001718       0x58 C:\Users\Jeff\Documents\svn\reclone-sdk.git\branches\develop\third-party\FreeRTOS_EC\Debug\libFreeRTOS_EC.a(AManagedTask.o)
                0x08001718                AManagedTask::Create(char const*, unsigned short, unsigned long)
 .text._ZN12AManagedTask15taskControlFuncEPv
                0x08001770       0x1c C:\Users\Jeff\Documents\svn\reclone-sdk.git\branches\develop\third-party\FreeRTOS_EC\Debug\libFreeRTOS_EC.a(AManagedTask.o)
                0x08001770                AManagedTask::taskControlFunc(void*)
 .text._ZN12AManagedTask16AddToManagedTaskEPS_
                0x0800178c       0x3c C:\Users\Jeff\Documents\svn\reclone-sdk.git\branches\develop\third-party\FreeRTOS_EC\Debug\libFreeRTOS_EC.a(AManagedTask.o)
                0x0800178c                AManagedTask::AddToManagedTask(AManagedTask*)
 .text._ZN12AManagedTask21RemoveFromManagedTaskEPS_
                0x080017c8       0x68 C:\Users\Jeff\Documents\svn\reclone-sdk.git\branches\develop\third-party\FreeRTOS_EC\Debug\libFreeRTOS_EC.a(AManagedTask.o)
                0x080017c8                AManagedTask::RemoveFromManagedTask(AManagedTask*)
 .text._ZN12AManagedTask27InitHardwareForManagedTasksEv
                0x08001830       0x48 C:\Users\Jeff\Documents\svn\reclone-sdk.git\branches\develop\third-party\FreeRTOS_EC\Debug\libFreeRTOS_EC.a(AManagedTask.o)
                0x08001830                AManagedTask::InitHardwareForManagedTasks()
 .text._ZN9CFreeRTOS27InitHardwareForManagedTasksEv
                0x08001878       0x10 C:\Users\Jeff\Documents\svn\reclone-sdk.git\branches\develop\third-party\FreeRTOS_EC\Debug\libFreeRTOS_EC.a(CFreeRTOS.o)
                0x08001878                CFreeRTOS::InitHardwareForManagedTasks()
 .text._ZN12IFreeRTOSObjC2Ev
                0x08001888       0x20 C:\Users\Jeff\Documents\svn\reclone-sdk.git\branches\develop\third-party\FreeRTOS_EC\Debug\libFreeRTOS_EC.a(CTask.o)
                0x08001888                IFreeRTOSObj::IFreeRTOSObj()
                0x08001888                IFreeRTOSObj::IFreeRTOSObj()
 .text._ZN5CTaskC2Ev
                0x080018a8       0x2c C:\Users\Jeff\Documents\svn\reclone-sdk.git\branches\develop\third-party\FreeRTOS_EC\Debug\libFreeRTOS_EC.a(CTask.o)
                0x080018a8                CTask::CTask()
                0x080018a8                CTask::CTask()
 .text._ZN5CTaskD2Ev
                0x080018d4       0x3c C:\Users\Jeff\Documents\svn\reclone-sdk.git\branches\develop\third-party\FreeRTOS_EC\Debug\libFreeRTOS_EC.a(CTask.o)
                0x080018d4                CTask::~CTask()
                0x080018d4                CTask::~CTask()
 .text._ZN5CTaskD0Ev
                0x08001910       0x20 C:\Users\Jeff\Documents\svn\reclone-sdk.git\branches\develop\third-party\FreeRTOS_EC\Debug\libFreeRTOS_EC.a(CTask.o)
                0x08001910                CTask::~CTask()
 .text._ZN5CTask6AttachEPv
                0x08001930       0x4c C:\Users\Jeff\Documents\svn\reclone-sdk.git\branches\develop\third-party\FreeRTOS_EC\Debug\libFreeRTOS_EC.a(CTask.o)
                0x08001930                CTask::Attach(void*)
 .text._ZN5CTask6CreateEPFvPvEPKctS0_m
                0x0800197c       0x54 C:\Users\Jeff\Documents\svn\reclone-sdk.git\branches\develop\third-party\FreeRTOS_EC\Debug\libFreeRTOS_EC.a(CTask.o)
                0x0800197c                CTask::Create(void (*)(void*), char const*, unsigned short, void*, unsigned long)
 .text._ZN5CTask6DeleteEv
                0x080019d0       0x30 C:\Users\Jeff\Documents\svn\reclone-sdk.git\branches\develop\third-party\FreeRTOS_EC\Debug\libFreeRTOS_EC.a(CTask.o)
                0x080019d0                CTask::Delete()
 .text.pxPortInitialiseStack
                0x08001a00       0x64 C:\Users\Jeff\Documents\svn\reclone-sdk.git\branches\develop\third-party\FreeRTOS\Source\Debug\libFreeRTOS.a(port.o)
                0x08001a00                pxPortInitialiseStack
 .text.prvTaskExitError
                0x08001a64       0x3c C:\Users\Jeff\Documents\svn\reclone-sdk.git\branches\develop\third-party\FreeRTOS\Source\Debug\libFreeRTOS.a(port.o)
 .text.SVC_Handler
                0x08001aa0       0x20 C:\Users\Jeff\Documents\svn\reclone-sdk.git\branches\develop\third-party\FreeRTOS\Source\Debug\libFreeRTOS.a(port.o)
                0x08001aa0                SVC_Handler
 .text.prvPortStartFirstTask
                0x08001ac0       0x20 C:\Users\Jeff\Documents\svn\reclone-sdk.git\branches\develop\third-party\FreeRTOS\Source\Debug\libFreeRTOS.a(port.o)
 .text.xPortStartScheduler
                0x08001ae0      0x118 C:\Users\Jeff\Documents\svn\reclone-sdk.git\branches\develop\third-party\FreeRTOS\Source\Debug\libFreeRTOS.a(port.o)
                0x08001ae0                xPortStartScheduler
 .text.vPortEnterCritical
                0x08001bf8       0x5c C:\Users\Jeff\Documents\svn\reclone-sdk.git\branches\develop\third-party\FreeRTOS\Source\Debug\libFreeRTOS.a(port.o)
                0x08001bf8                vPortEnterCritical
 .text.vPortExitCritical
                0x08001c54       0x4c C:\Users\Jeff\Documents\svn\reclone-sdk.git\branches\develop\third-party\FreeRTOS\Source\Debug\libFreeRTOS.a(port.o)
                0x08001c54                vPortExitCritical
 .text.PendSV_Handler
                0x08001ca0       0x60 C:\Users\Jeff\Documents\svn\reclone-sdk.git\branches\develop\third-party\FreeRTOS\Source\Debug\libFreeRTOS.a(port.o)
                0x08001ca0                PendSV_Handler
 .text.SysTick_Handler
                0x08001d00       0x44 C:\Users\Jeff\Documents\svn\reclone-sdk.git\branches\develop\third-party\FreeRTOS\Source\Debug\libFreeRTOS.a(port.o)
                0x08001d00                SysTick_Handler
 .text.vPortSetupTimerInterrupt
                0x08001d44       0x34 C:\Users\Jeff\Documents\svn\reclone-sdk.git\branches\develop\third-party\FreeRTOS\Source\Debug\libFreeRTOS.a(port.o)
                0x08001d44                vPortSetupTimerInterrupt
 .text.vPortEnableVFP
                0x08001d78       0x14 C:\Users\Jeff\Documents\svn\reclone-sdk.git\branches\develop\third-party\FreeRTOS\Source\Debug\libFreeRTOS.a(port.o)
 .text.vPortValidateInterruptPriority
                0x08001d8c       0x78 C:\Users\Jeff\Documents\svn\reclone-sdk.git\branches\develop\third-party\FreeRTOS\Source\Debug\libFreeRTOS.a(port.o)
                0x08001d8c                vPortValidateInterruptPriority
 .text.xQueueGenericReset
                0x08001e04       0xd0 C:\Users\Jeff\Documents\svn\reclone-sdk.git\branches\develop\third-party\FreeRTOS\Source\Debug\libFreeRTOS.a(queue.o)
                0x08001e04                xQueueGenericReset
 .text.xQueueGenericCreate
                0x08001ed4       0xb4 C:\Users\Jeff\Documents\svn\reclone-sdk.git\branches\develop\third-party\FreeRTOS\Source\Debug\libFreeRTOS.a(queue.o)
                0x08001ed4                xQueueGenericCreate
 .text.xQueueGenericSend
                0x08001f88      0x1ec C:\Users\Jeff\Documents\svn\reclone-sdk.git\branches\develop\third-party\FreeRTOS\Source\Debug\libFreeRTOS.a(queue.o)
                0x08001f88                xQueueGenericSend
 .text.xQueueGenericSendFromISR
                0x08002174      0x118 C:\Users\Jeff\Documents\svn\reclone-sdk.git\branches\develop\third-party\FreeRTOS\Source\Debug\libFreeRTOS.a(queue.o)
                0x08002174                xQueueGenericSendFromISR
 .text.xQueueGiveFromISR
                0x0800228c      0x100 C:\Users\Jeff\Documents\svn\reclone-sdk.git\branches\develop\third-party\FreeRTOS\Source\Debug\libFreeRTOS.a(queue.o)
                0x0800228c                xQueueGiveFromISR
 .text.xQueueGenericReceive
                0x0800238c      0x20c C:\Users\Jeff\Documents\svn\reclone-sdk.git\branches\develop\third-party\FreeRTOS\Source\Debug\libFreeRTOS.a(queue.o)
                0x0800238c                xQueueGenericReceive
 .text.prvCopyDataToQueue
                0x08002598       0xdc C:\Users\Jeff\Documents\svn\reclone-sdk.git\branches\develop\third-party\FreeRTOS\Source\Debug\libFreeRTOS.a(queue.o)
 .text.prvCopyDataFromQueue
                0x08002674       0x4c C:\Users\Jeff\Documents\svn\reclone-sdk.git\branches\develop\third-party\FreeRTOS\Source\Debug\libFreeRTOS.a(queue.o)
 .text.prvUnlockQueue
                0x080026c0       0x98 C:\Users\Jeff\Documents\svn\reclone-sdk.git\branches\develop\third-party\FreeRTOS\Source\Debug\libFreeRTOS.a(queue.o)
 .text.prvIsQueueEmpty
                0x08002758       0x2c C:\Users\Jeff\Documents\svn\reclone-sdk.git\branches\develop\third-party\FreeRTOS\Source\Debug\libFreeRTOS.a(queue.o)
 .text.prvIsQueueFull
                0x08002784       0x30 C:\Users\Jeff\Documents\svn\reclone-sdk.git\branches\develop\third-party\FreeRTOS\Source\Debug\libFreeRTOS.a(queue.o)
 .text.vQueueAddToRegistry
                0x080027b4       0x50 C:\Users\Jeff\Documents\svn\reclone-sdk.git\branches\develop\third-party\FreeRTOS\Source\Debug\libFreeRTOS.a(queue.o)
                0x080027b4                vQueueAddToRegistry
 .text.vQueueWaitForMessageRestricted
                0x08002804       0x5c C:\Users\Jeff\Documents\svn\reclone-sdk.git\branches\develop\third-party\FreeRTOS\Source\Debug\libFreeRTOS.a(queue.o)
                0x08002804                vQueueWaitForMessageRestricted
 .text.xTaskGenericCreate
                0x08002860      0x1a0 C:\Users\Jeff\Documents\svn\reclone-sdk.git\branches\develop\third-party\FreeRTOS\Source\Debug\libFreeRTOS.a(tasks.o)
                0x08002860                xTaskGenericCreate
 .text.vTaskDelete
                0x08002a00      0x104 C:\Users\Jeff\Documents\svn\reclone-sdk.git\branches\develop\third-party\FreeRTOS\Source\Debug\libFreeRTOS.a(tasks.o)
                0x08002a00                vTaskDelete
 .text.vTaskDelayUntil
                0x08002b04      0x11c C:\Users\Jeff\Documents\svn\reclone-sdk.git\branches\develop\third-party\FreeRTOS\Source\Debug\libFreeRTOS.a(tasks.o)
                0x08002b04                vTaskDelayUntil
 .text.vTaskDelay
                0x08002c20       0xa4 C:\Users\Jeff\Documents\svn\reclone-sdk.git\branches\develop\third-party\FreeRTOS\Source\Debug\libFreeRTOS.a(tasks.o)
                0x08002c20                vTaskDelay
 .text.vTaskStartScheduler
                0x08002cc4       0x98 C:\Users\Jeff\Documents\svn\reclone-sdk.git\branches\develop\third-party\FreeRTOS\Source\Debug\libFreeRTOS.a(tasks.o)
                0x08002cc4                vTaskStartScheduler
 .text.vTaskSuspendAll
                0x08002d5c       0x1c C:\Users\Jeff\Documents\svn\reclone-sdk.git\branches\develop\third-party\FreeRTOS\Source\Debug\libFreeRTOS.a(tasks.o)
                0x08002d5c                vTaskSuspendAll
 .text.xTaskResumeAll
                0x08002d78      0x128 C:\Users\Jeff\Documents\svn\reclone-sdk.git\branches\develop\third-party\FreeRTOS\Source\Debug\libFreeRTOS.a(tasks.o)
                0x08002d78                xTaskResumeAll
 .text.xTaskGetTickCount
                0x08002ea0       0x20 C:\Users\Jeff\Documents\svn\reclone-sdk.git\branches\develop\third-party\FreeRTOS\Source\Debug\libFreeRTOS.a(tasks.o)
                0x08002ea0                xTaskGetTickCount
 .text.xTaskIncrementTick
                0x08002ec0      0x18c C:\Users\Jeff\Documents\svn\reclone-sdk.git\branches\develop\third-party\FreeRTOS\Source\Debug\libFreeRTOS.a(tasks.o)
                0x08002ec0                xTaskIncrementTick
 .text.vTaskSwitchContext
                0x0800304c       0xfc C:\Users\Jeff\Documents\svn\reclone-sdk.git\branches\develop\third-party\FreeRTOS\Source\Debug\libFreeRTOS.a(tasks.o)
                0x0800304c                vTaskSwitchContext
 .text.vTaskPlaceOnEventList
                0x08003148       0x9c C:\Users\Jeff\Documents\svn\reclone-sdk.git\branches\develop\third-party\FreeRTOS\Source\Debug\libFreeRTOS.a(tasks.o)
                0x08003148                vTaskPlaceOnEventList
 .text.vTaskPlaceOnEventListRestricted
                0x080031e4       0x9c C:\Users\Jeff\Documents\svn\reclone-sdk.git\branches\develop\third-party\FreeRTOS\Source\Debug\libFreeRTOS.a(tasks.o)
                0x080031e4                vTaskPlaceOnEventListRestricted
 .text.xTaskRemoveFromEventList
                0x08003280       0xc4 C:\Users\Jeff\Documents\svn\reclone-sdk.git\branches\develop\third-party\FreeRTOS\Source\Debug\libFreeRTOS.a(tasks.o)
                0x08003280                xTaskRemoveFromEventList
 .text.vTaskSetTimeOutState
                0x08003344       0x44 C:\Users\Jeff\Documents\svn\reclone-sdk.git\branches\develop\third-party\FreeRTOS\Source\Debug\libFreeRTOS.a(tasks.o)
                0x08003344                vTaskSetTimeOutState
 .text.xTaskCheckForTimeOut
                0x08003388       0xbc C:\Users\Jeff\Documents\svn\reclone-sdk.git\branches\develop\third-party\FreeRTOS\Source\Debug\libFreeRTOS.a(tasks.o)
                0x08003388                xTaskCheckForTimeOut
 .text.vTaskMissedYield
                0x08003444       0x18 C:\Users\Jeff\Documents\svn\reclone-sdk.git\branches\develop\third-party\FreeRTOS\Source\Debug\libFreeRTOS.a(tasks.o)
                0x08003444                vTaskMissedYield
 .text.prvIdleTask
                0x0800345c       0x34 C:\Users\Jeff\Documents\svn\reclone-sdk.git\branches\develop\third-party\FreeRTOS\Source\Debug\libFreeRTOS.a(tasks.o)
 .text.prvInitialiseTCBVariables
                0x08003490       0xa4 C:\Users\Jeff\Documents\svn\reclone-sdk.git\branches\develop\third-party\FreeRTOS\Source\Debug\libFreeRTOS.a(tasks.o)
 .text.prvInitialiseTaskLists
                0x08003534       0x7c C:\Users\Jeff\Documents\svn\reclone-sdk.git\branches\develop\third-party\FreeRTOS\Source\Debug\libFreeRTOS.a(tasks.o)
 .text.prvCheckTasksWaitingTermination
                0x080035b0       0x74 C:\Users\Jeff\Documents\svn\reclone-sdk.git\branches\develop\third-party\FreeRTOS\Source\Debug\libFreeRTOS.a(tasks.o)
 .text.prvAddCurrentTaskToDelayedList
                0x08003624       0x6c C:\Users\Jeff\Documents\svn\reclone-sdk.git\branches\develop\third-party\FreeRTOS\Source\Debug\libFreeRTOS.a(tasks.o)
 .text.prvAllocateTCBAndStack
                0x08003690       0x70 C:\Users\Jeff\Documents\svn\reclone-sdk.git\branches\develop\third-party\FreeRTOS\Source\Debug\libFreeRTOS.a(tasks.o)
 .text.prvDeleteTCB
                0x08003700       0x20 C:\Users\Jeff\Documents\svn\reclone-sdk.git\branches\develop\third-party\FreeRTOS\Source\Debug\libFreeRTOS.a(tasks.o)
 .text.prvResetNextTaskUnblockTime
                0x08003720       0x48 C:\Users\Jeff\Documents\svn\reclone-sdk.git\branches\develop\third-party\FreeRTOS\Source\Debug\libFreeRTOS.a(tasks.o)
 .text.xTaskGetSchedulerState
                0x08003768       0x3c C:\Users\Jeff\Documents\svn\reclone-sdk.git\branches\develop\third-party\FreeRTOS\Source\Debug\libFreeRTOS.a(tasks.o)
                0x08003768                xTaskGetSchedulerState
 .text.vTaskPriorityInherit
                0x080037a4       0xec C:\Users\Jeff\Documents\svn\reclone-sdk.git\branches\develop\third-party\FreeRTOS\Source\Debug\libFreeRTOS.a(tasks.o)
                0x080037a4                vTaskPriorityInherit
 .text.xTaskPriorityDisinherit
                0x08003890      0x108 C:\Users\Jeff\Documents\svn\reclone-sdk.git\branches\develop\third-party\FreeRTOS\Source\Debug\libFreeRTOS.a(tasks.o)
                0x08003890                xTaskPriorityDisinherit
 .text.pvTaskIncrementMutexHeldCount
                0x08003998       0x28 C:\Users\Jeff\Documents\svn\reclone-sdk.git\branches\develop\third-party\FreeRTOS\Source\Debug\libFreeRTOS.a(tasks.o)
                0x08003998                pvTaskIncrementMutexHeldCount
 .text.xTimerCreateTimerTask
                0x080039c0       0x68 C:\Users\Jeff\Documents\svn\reclone-sdk.git\branches\develop\third-party\FreeRTOS\Source\Debug\libFreeRTOS.a(timers.o)
                0x080039c0                xTimerCreateTimerTask
 .text.xTimerGenericCommand
                0x08003a28       0x8c C:\Users\Jeff\Documents\svn\reclone-sdk.git\branches\develop\third-party\FreeRTOS\Source\Debug\libFreeRTOS.a(timers.o)
                0x08003a28                xTimerGenericCommand
 .text.prvProcessExpiredTimer
                0x08003ab4       0x80 C:\Users\Jeff\Documents\svn\reclone-sdk.git\branches\develop\third-party\FreeRTOS\Source\Debug\libFreeRTOS.a(timers.o)
 .text.prvTimerTask
                0x08003b34       0x24 C:\Users\Jeff\Documents\svn\reclone-sdk.git\branches\develop\third-party\FreeRTOS\Source\Debug\libFreeRTOS.a(timers.o)
 .text.prvProcessTimerOrBlockTask
                0x08003b58       0x80 C:\Users\Jeff\Documents\svn\reclone-sdk.git\branches\develop\third-party\FreeRTOS\Source\Debug\libFreeRTOS.a(timers.o)
 .text.prvGetNextExpireTime
                0x08003bd8       0x48 C:\Users\Jeff\Documents\svn\reclone-sdk.git\branches\develop\third-party\FreeRTOS\Source\Debug\libFreeRTOS.a(timers.o)
 .text.prvSampleTimeNow
                0x08003c20       0x40 C:\Users\Jeff\Documents\svn\reclone-sdk.git\branches\develop\third-party\FreeRTOS\Source\Debug\libFreeRTOS.a(timers.o)
 .text.prvInsertTimerInActiveList
                0x08003c60       0x84 C:\Users\Jeff\Documents\svn\reclone-sdk.git\branches\develop\third-party\FreeRTOS\Source\Debug\libFreeRTOS.a(timers.o)
 .text.prvProcessReceivedCommands
                0x08003ce4      0x12c C:\Users\Jeff\Documents\svn\reclone-sdk.git\branches\develop\third-party\FreeRTOS\Source\Debug\libFreeRTOS.a(timers.o)
 .text.prvSwitchTimerLists
                0x08003e10       0xc0 C:\Users\Jeff\Documents\svn\reclone-sdk.git\branches\develop\third-party\FreeRTOS\Source\Debug\libFreeRTOS.a(timers.o)
 .text.prvCheckForValidListAndQueue
                0x08003ed0       0x8c C:\Users\Jeff\Documents\svn\reclone-sdk.git\branches\develop\third-party\FreeRTOS\Source\Debug\libFreeRTOS.a(timers.o)
 .text.pvPortMalloc
                0x08003f5c       0x98 C:\Users\Jeff\Documents\svn\reclone-sdk.git\branches\develop\third-party\FreeRTOS\Source\Debug\libFreeRTOS.a(heap_1.o)
                0x08003f5c                pvPortMalloc
 .text.vPortFree
                0x08003ff4       0x2c C:\Users\Jeff\Documents\svn\reclone-sdk.git\branches\develop\third-party\FreeRTOS\Source\Debug\libFreeRTOS.a(heap_1.o)
                0x08003ff4                vPortFree
 .text.vListInitialise
                0x08004020       0x40 C:\Users\Jeff\Documents\svn\reclone-sdk.git\branches\develop\third-party\FreeRTOS\Source\Debug\libFreeRTOS.a(list.o)
                0x08004020                vListInitialise
 .text.vListInitialiseItem
                0x08004060       0x18 C:\Users\Jeff\Documents\svn\reclone-sdk.git\branches\develop\third-party\FreeRTOS\Source\Debug\libFreeRTOS.a(list.o)
                0x08004060                vListInitialiseItem
 .text.vListInsertEnd
                0x08004078       0x48 C:\Users\Jeff\Documents\svn\reclone-sdk.git\branches\develop\third-party\FreeRTOS\Source\Debug\libFreeRTOS.a(list.o)
                0x08004078                vListInsertEnd
 .text.vListInsert
                0x080040c0       0x70 C:\Users\Jeff\Documents\svn\reclone-sdk.git\branches\develop\third-party\FreeRTOS\Source\Debug\libFreeRTOS.a(list.o)
                0x080040c0                vListInsert
 .text.uxListRemove
                0x08004130       0x54 C:\Users\Jeff\Documents\svn\reclone-sdk.git\branches\develop\third-party\FreeRTOS\Source\Debug\libFreeRTOS.a(list.o)
                0x08004130                uxListRemove
 .text.NVIC_GetPriorityGrouping
                0x08004184       0x1c C:\Users\Jeff\Documents\svn\reclone-sdk.git\branches\develop\third-party\STM32CubeF4\Debug\libSTM32CubeF4.a(stm32f4xx_hal_cortex.o)
 .text.NVIC_EnableIRQ
                0x080041a0       0x30 C:\Users\Jeff\Documents\svn\reclone-sdk.git\branches\develop\third-party\STM32CubeF4\Debug\libSTM32CubeF4.a(stm32f4xx_hal_cortex.o)
 .text.NVIC_SetPriority
                0x080041d0       0x54 C:\Users\Jeff\Documents\svn\reclone-sdk.git\branches\develop\third-party\STM32CubeF4\Debug\libSTM32CubeF4.a(stm32f4xx_hal_cortex.o)
 .text.NVIC_EncodePriority
                0x08004224       0x64 C:\Users\Jeff\Documents\svn\reclone-sdk.git\branches\develop\third-party\STM32CubeF4\Debug\libSTM32CubeF4.a(stm32f4xx_hal_cortex.o)
 .text.SysTick_Config
                0x08004288       0x44 C:\Users\Jeff\Documents\svn\reclone-sdk.git\branches\develop\third-party\STM32CubeF4\Debug\libSTM32CubeF4.a(stm32f4xx_hal_cortex.o)
 .text.HAL_NVIC_SetPriority
                0x080042cc       0x38 C:\Users\Jeff\Documents\svn\reclone-sdk.git\branches\develop\third-party\STM32CubeF4\Debug\libSTM32CubeF4.a(stm32f4xx_hal_cortex.o)
                0x080042cc                HAL_NVIC_SetPriority
 .text.HAL_NVIC_EnableIRQ
                0x08004304       0x1c C:\Users\Jeff\Documents\svn\reclone-sdk.git\branches\develop\third-party\STM32CubeF4\Debug\libSTM32CubeF4.a(stm32f4xx_hal_cortex.o)
                0x08004304                HAL_NVIC_EnableIRQ
 .text.HAL_SYSTICK_Config
                0x08004320       0x18 C:\Users\Jeff\Documents\svn\reclone-sdk.git\branches\develop\third-party\STM32CubeF4\Debug\libSTM32CubeF4.a(stm32f4xx_hal_cortex.o)
                0x08004320                HAL_SYSTICK_Config
 .text.HAL_DMA_Init
                0x08004338       0xd8 C:\Users\Jeff\Documents\svn\reclone-sdk.git\branches\develop\third-party\STM32CubeF4\Debug\libSTM32CubeF4.a(stm32f4xx_hal_dma.o)
                0x08004338                HAL_DMA_Init
 .text.HAL_DMA_Start_IT
                0x08004410       0x84 C:\Users\Jeff\Documents\svn\reclone-sdk.git\branches\develop\third-party\STM32CubeF4\Debug\libSTM32CubeF4.a(stm32f4xx_hal_dma.o)
                0x08004410                HAL_DMA_Start_IT
 .text.HAL_DMA_Abort
                0x08004494       0x7c C:\Users\Jeff\Documents\svn\reclone-sdk.git\branches\develop\third-party\STM32CubeF4\Debug\libSTM32CubeF4.a(stm32f4xx_hal_dma.o)
                0x08004494                HAL_DMA_Abort
 .text.HAL_DMA_IRQHandler
                0x08004510      0x2d8 C:\Users\Jeff\Documents\svn\reclone-sdk.git\branches\develop\third-party\STM32CubeF4\Debug\libSTM32CubeF4.a(stm32f4xx_hal_dma.o)
                0x08004510                HAL_DMA_IRQHandler
 .text.DMA_SetConfig
                0x080047e8       0x5c C:\Users\Jeff\Documents\svn\reclone-sdk.git\branches\develop\third-party\STM32CubeF4\Debug\libSTM32CubeF4.a(stm32f4xx_hal_dma.o)
 .text.DMA_CalcBaseAndBitshift
                0x08004844       0x6c C:\Users\Jeff\Documents\svn\reclone-sdk.git\branches\develop\third-party\STM32CubeF4\Debug\libSTM32CubeF4.a(stm32f4xx_hal_dma.o)
 .text.HAL_GPIO_Init
                0x080048b0      0x340 C:\Users\Jeff\Documents\svn\reclone-sdk.git\branches\develop\third-party\STM32CubeF4\Debug\libSTM32CubeF4.a(stm32f4xx_hal_gpio.o)
                0x080048b0                HAL_GPIO_Init
 .text.HAL_GPIO_WritePin
                0x08004bf0       0x30 C:\Users\Jeff\Documents\svn\reclone-sdk.git\branches\develop\third-party\STM32CubeF4\Debug\libSTM32CubeF4.a(stm32f4xx_hal_gpio.o)
                0x08004bf0                HAL_GPIO_WritePin
 .text.HAL_RCC_OscConfig
                0x08004c20      0x48c C:\Users\Jeff\Documents\svn\reclone-sdk.git\branches\develop\third-party\STM32CubeF4\Debug\libSTM32CubeF4.a(stm32f4xx_hal_rcc.o)
                0x08004c20                HAL_RCC_OscConfig
 .text.HAL_RCC_ClockConfig
                0x080050ac      0x31c C:\Users\Jeff\Documents\svn\reclone-sdk.git\branches\develop\third-party\STM32CubeF4\Debug\libSTM32CubeF4.a(stm32f4xx_hal_rcc.o)
                0x080050ac                HAL_RCC_ClockConfig
 .text.HAL_RCC_GetSysClockFreq
                0x080053c8       0xfc C:\Users\Jeff\Documents\svn\reclone-sdk.git\branches\develop\third-party\STM32CubeF4\Debug\libSTM32CubeF4.a(stm32f4xx_hal_rcc.o)
                0x080053c8                HAL_RCC_GetSysClockFreq
 .text.HAL_RCC_GetHCLKFreq
                0x080054c4       0x4c C:\Users\Jeff\Documents\svn\reclone-sdk.git\branches\develop\third-party\STM32CubeF4\Debug\libSTM32CubeF4.a(stm32f4xx_hal_rcc.o)
                0x080054c4                HAL_RCC_GetHCLKFreq
 .text.SDIO_Init
                0x08005510       0x58 C:\Users\Jeff\Documents\svn\reclone-sdk.git\branches\develop\third-party\STM32CubeF4\Debug\libSTM32CubeF4.a(stm32f4xx_ll_sdmmc.o)
                0x08005510                SDIO_Init
 .text.SDIO_PowerState_ON
                0x08005568       0x1c C:\Users\Jeff\Documents\svn\reclone-sdk.git\branches\develop\third-party\STM32CubeF4\Debug\libSTM32CubeF4.a(stm32f4xx_ll_sdmmc.o)
                0x08005568                SDIO_PowerState_ON
 .text.SDIO_SendCommand
                0x08005584       0x54 C:\Users\Jeff\Documents\svn\reclone-sdk.git\branches\develop\third-party\STM32CubeF4\Debug\libSTM32CubeF4.a(stm32f4xx_ll_sdmmc.o)
                0x08005584                SDIO_SendCommand
 .text.SDIO_GetResponse
                0x080055d8       0x28 C:\Users\Jeff\Documents\svn\reclone-sdk.git\branches\develop\third-party\STM32CubeF4\Debug\libSTM32CubeF4.a(stm32f4xx_ll_sdmmc.o)
                0x080055d8                SDIO_GetResponse
 .text.SDIO_DataConfig
                0x08005600       0x58 C:\Users\Jeff\Documents\svn\reclone-sdk.git\branches\develop\third-party\STM32CubeF4\Debug\libSTM32CubeF4.a(stm32f4xx_ll_sdmmc.o)
                0x08005600                SDIO_DataConfig
 .text.SystemInit
                0x08005658       0x6c C:\Users\Jeff\Documents\svn\reclone-sdk.git\branches\develop\third-party\STM32CubeF4\Debug\libSTM32CubeF4.a(system_stm32f4xx.o)
                0x08005658                SystemInit
 .text.SystemCoreClockUpdate
                0x080056c4       0xf4 C:\Users\Jeff\Documents\svn\reclone-sdk.git\branches\develop\third-party\STM32CubeF4\Debug\libSTM32CubeF4.a(system_stm32f4xx.o)
                0x080056c4                SystemCoreClockUpdate
 .text.HAL_InitTick
                0x080057b8       0x38 C:\Users\Jeff\Documents\svn\reclone-sdk.git\branches\develop\third-party\STM32CubeF4\Debug\libSTM32CubeF4.a(stm32f4xx_hal.o)
                0x080057b8                HAL_InitTick
 .text.HAL_IncTick
                0x080057f0       0x1c C:\Users\Jeff\Documents\svn\reclone-sdk.git\branches\develop\third-party\STM32CubeF4\Debug\libSTM32CubeF4.a(stm32f4xx_hal.o)
                0x080057f0                HAL_IncTick
 .text.HAL_GetTick
                0x0800580c       0x18 C:\Users\Jeff\Documents\svn\reclone-sdk.git\branches\develop\third-party\STM32CubeF4\Debug\libSTM32CubeF4.a(stm32f4xx_hal.o)
                0x0800580c                HAL_GetTick
 .text._ZN9__gnu_cxx27__verbose_terminate_handlerEv
                0x08005824       0x14 C:\Users\Jeff\Documents\svn\reclone-sdk.git\branches\develop\bsp\discovery_m6plus_bsp\Debug\libDiscovery_m6plus_BSP.a(_cxx.o)
                0x08005824                __gnu_cxx::__verbose_terminate_handler()
 .text.__cxa_pure_virtual
                0x08005838       0x14 C:\Users\Jeff\Documents\svn\reclone-sdk.git\branches\develop\bsp\discovery_m6plus_bsp\Debug\libDiscovery_m6plus_BSP.a(_cxx.o)
                0x08005838                __cxa_pure_virtual
 .text._exit    0x0800584c        0xc C:\Users\Jeff\Documents\svn\reclone-sdk.git\branches\develop\bsp\discovery_m6plus_bsp\Debug\libDiscovery_m6plus_BSP.a(_exit.o)
                0x0800584c                _exit
 .text.abort    0x08005858       0x14 C:\Users\Jeff\Documents\svn\reclone-sdk.git\branches\develop\bsp\discovery_m6plus_bsp\Debug\libDiscovery_m6plus_BSP.a(_exit.o)
                0x08005858                abort
 .text._sbrk    0x0800586c       0x68 C:\Users\Jeff\Documents\svn\reclone-sdk.git\branches\develop\bsp\discovery_m6plus_bsp\Debug\libDiscovery_m6plus_BSP.a(_sbrk.o)
                0x0800586c                _sbrk
 .text.__initialize_args
                0x080058d4       0x28 C:\Users\Jeff\Documents\svn\reclone-sdk.git\branches\develop\bsp\discovery_m6plus_bsp\Debug\libDiscovery_m6plus_BSP.a(_syscalls.o)
                0x080058d4                __initialize_args
 .text.__assert_func
                0x080058fc       0x48 C:\Users\Jeff\Documents\svn\reclone-sdk.git\branches\develop\bsp\discovery_m6plus_bsp\Debug\libDiscovery_m6plus_BSP.a(assert.o)
                0x080058fc                __assert_func
 .text.assert_failed
                0x08005944       0x1c C:\Users\Jeff\Documents\svn\reclone-sdk.git\branches\develop\bsp\discovery_m6plus_bsp\Debug\libDiscovery_m6plus_BSP.a(assert.o)
                0x08005944                assert_failed
 .text.trace_printf
                0x08005960       0x44 C:\Users\Jeff\Documents\svn\reclone-sdk.git\branches\develop\bsp\discovery_m6plus_bsp\Debug\libDiscovery_m6plus_BSP.a(Trace.o)
                0x08005960                trace_printf
 .text.trace_puts
                0x080059a4       0x30 C:\Users\Jeff\Documents\svn\reclone-sdk.git\branches\develop\bsp\discovery_m6plus_bsp\Debug\libDiscovery_m6plus_BSP.a(Trace.o)
                0x080059a4                trace_puts
 .text.trace_write
                0x080059d4       0x1c C:\Users\Jeff\Documents\svn\reclone-sdk.git\branches\develop\bsp\discovery_m6plus_bsp\Debug\libDiscovery_m6plus_BSP.a(trace_impl.o)
                0x080059d4                trace_write
 .text._trace_write_semihosting_debug
                0x080059f0       0xa4 C:\Users\Jeff\Documents\svn\reclone-sdk.git\branches\develop\bsp\discovery_m6plus_bsp\Debug\libDiscovery_m6plus_BSP.a(trace_impl.o)
 .text.__initialize_hardware_early
                0x08005a94       0x20 C:\Users\Jeff\Documents\svn\reclone-sdk.git\branches\develop\bsp\discovery_m6plus_bsp\Debug\libDiscovery_m6plus_BSP.a(_initialize_hardware.o)
                0x08005a94                __initialize_hardware_early
 .text.__initialize_hardware
                0x08005ab4       0x10 C:\Users\Jeff\Documents\svn\reclone-sdk.git\branches\develop\bsp\discovery_m6plus_bsp\Debug\libDiscovery_m6plus_BSP.a(_initialize_hardware.o)
                0x08005ab4                __initialize_hardware
 .text.configure_system_clock
                0x08005ac4       0x98 C:\Users\Jeff\Documents\svn\reclone-sdk.git\branches\develop\bsp\discovery_m6plus_bsp\Debug\libDiscovery_m6plus_BSP.a(_initialize_hardware.o)
 .text.vApplicationMallocFailedHook
                0x08005b5c        0x8 C:\Users\Jeff\Documents\svn\reclone-sdk.git\branches\develop\bsp\discovery_m6plus_bsp\Debug\libDiscovery_m6plus_BSP.a(_hooks.o)
                0x08005b5c                vApplicationMallocFailedHook
 .text.vApplicationStackOverflowHook
                0x08005b64        0xc C:\Users\Jeff\Documents\svn\reclone-sdk.git\branches\develop\bsp\discovery_m6plus_bsp\Debug\libDiscovery_m6plus_BSP.a(_hooks.o)
                0x08005b64                vApplicationStackOverflowHook
 .text.vApplicationTickHook
                0x08005b70        0xc C:\Users\Jeff\Documents\svn\reclone-sdk.git\branches\develop\bsp\discovery_m6plus_bsp\Debug\libDiscovery_m6plus_BSP.a(_hooks.o)
                0x08005b70                vApplicationTickHook
 .text.vApplicationIdleHook
                0x08005b7c        0xc C:\Users\Jeff\Documents\svn\reclone-sdk.git\branches\develop\bsp\discovery_m6plus_bsp\Debug\libDiscovery_m6plus_BSP.a(_hooks.o)
                0x08005b7c                vApplicationIdleHook
 .text.dumpExceptionStack
                0x08005b88      0x12c C:\Users\Jeff\Documents\svn\reclone-sdk.git\branches\develop\bsp\discovery_m6plus_bsp\Debug\libDiscovery_m6plus_BSP.a(exception_handlers.o)
                0x08005b88                dumpExceptionStack
 .text.isSemihosting
                0x08005cb4       0x54 C:\Users\Jeff\Documents\svn\reclone-sdk.git\branches\develop\bsp\discovery_m6plus_bsp\Debug\libDiscovery_m6plus_BSP.a(exception_handlers.o)
                0x08005cb4                isSemihosting
 .text._ZdlPv   0x08005d08        0x8 c:/program files (x86)/gnu tools arm embedded/4.8 2014q2/bin/../lib/gcc/arm-none-eabi/4.8.4/../../../../arm-none-eabi/lib/armv7e-m/softfp\libstdc++_s.a(del_op.o)
                0x08005d08                operator delete(void*)
 .text._ZL12read_uleb128PKhPm
                0x08005d10       0x20 c:/program files (x86)/gnu tools arm embedded/4.8 2014q2/bin/../lib/gcc/arm-none-eabi/4.8.4/../../../../arm-none-eabi/lib/armv7e-m/softfp\libstdc++_s.a(eh_personality.o)
 .text._ZL12read_sleb128PKhPl
                0x08005d30       0x30 c:/program files (x86)/gnu tools arm embedded/4.8 2014q2/bin/../lib/gcc/arm-none-eabi/4.8.4/../../../../arm-none-eabi/lib/armv7e-m/softfp\libstdc++_s.a(eh_personality.o)
 .text._ZL28read_encoded_value_with_basehjPKhPj
                0x08005d60       0x8e c:/program files (x86)/gnu tools arm embedded/4.8 2014q2/bin/../lib/gcc/arm-none-eabi/4.8.4/../../../../arm-none-eabi/lib/armv7e-m/softfp\libstdc++_s.a(eh_personality.o)
 .text._ZL21base_of_encoded_valuehP15_Unwind_Context
                0x08005dee       0x48 c:/program files (x86)/gnu tools arm embedded/4.8 2014q2/bin/../lib/gcc/arm-none-eabi/4.8.4/../../../../arm-none-eabi/lib/armv7e-m/softfp\libstdc++_s.a(eh_personality.o)
 .text._ZL18read_encoded_valueP15_Unwind_ContexthPKhPj
                0x08005e36       0x24 c:/program files (x86)/gnu tools arm embedded/4.8 2014q2/bin/../lib/gcc/arm-none-eabi/4.8.4/../../../../arm-none-eabi/lib/armv7e-m/softfp\libstdc++_s.a(eh_personality.o)
 .text._ZL17parse_lsda_headerP15_Unwind_ContextPKhP16lsda_header_info
                0x08005e5a       0x60 c:/program files (x86)/gnu tools arm embedded/4.8 2014q2/bin/../lib/gcc/arm-none-eabi/4.8.4/../../../../arm-none-eabi/lib/armv7e-m/softfp\libstdc++_s.a(eh_personality.o)
 .text._Unwind_GetGR
                0x08005eba       0x18 c:/program files (x86)/gnu tools arm embedded/4.8 2014q2/bin/../lib/gcc/arm-none-eabi/4.8.4/../../../../arm-none-eabi/lib/armv7e-m/softfp\libstdc++_s.a(eh_personality.o)
 *fill*         0x08005ed2        0x2 
 .text.__gxx_personality_v0
                0x08005ed4      0x344 c:/program files (x86)/gnu tools arm embedded/4.8 2014q2/bin/../lib/gcc/arm-none-eabi/4.8.4/../../../../arm-none-eabi/lib/armv7e-m/softfp\libstdc++_s.a(eh_personality.o)
                0x08005ed4                __gxx_personality_v0
 .text.__cxa_end_cleanup
                0x08006218        0xc c:/program files (x86)/gnu tools arm embedded/4.8 2014q2/bin/../lib/gcc/arm-none-eabi/4.8.4/../../../../arm-none-eabi/lib/armv7e-m/softfp\libstdc++_s.a(eh_arm.o)
                0x08006218                __cxa_end_cleanup
 .text._ZN10__cxxabiv1L24__is_gxx_exception_classEPc
                0x08006224       0x3a c:/program files (x86)/gnu tools arm embedded/4.8 2014q2/bin/../lib/gcc/arm-none-eabi/4.8.4/../../../../arm-none-eabi/lib/armv7e-m/softfp\libstdc++_s.a(eh_arm.o)
 *fill*         0x0800625e        0x2 
 .text.__cxa_type_match
                0x08006260       0xbc c:/program files (x86)/gnu tools arm embedded/4.8 2014q2/bin/../lib/gcc/arm-none-eabi/4.8.4/../../../../arm-none-eabi/lib/armv7e-m/softfp\libstdc++_s.a(eh_arm.o)
                0x08006260                __cxa_type_match
 .text.__cxa_begin_cleanup
                0x0800631c       0x3a c:/program files (x86)/gnu tools arm embedded/4.8 2014q2/bin/../lib/gcc/arm-none-eabi/4.8.4/../../../../arm-none-eabi/lib/armv7e-m/softfp\libstdc++_s.a(eh_arm.o)
                0x0800631c                __cxa_begin_cleanup
 .text.__gnu_end_cleanup
                0x08006356       0x32 c:/program files (x86)/gnu tools arm embedded/4.8 2014q2/bin/../lib/gcc/arm-none-eabi/4.8.4/../../../../arm-none-eabi/lib/armv7e-m/softfp\libstdc++_s.a(eh_arm.o)
                0x08006356                __gnu_end_cleanup
 .text.__cxa_get_globals
                0x08006388        0x8 c:/program files (x86)/gnu tools arm embedded/4.8 2014q2/bin/../lib/gcc/arm-none-eabi/4.8.4/../../../../arm-none-eabi/lib/armv7e-m/softfp\libstdc++_s.a(eh_globals.o)
                0x08006388                __cxa_get_globals
 .text._Znwj    0x08006390       0x28 c:/program files (x86)/gnu tools arm embedded/4.8 2014q2/bin/../lib/gcc/arm-none-eabi/4.8.4/../../../../arm-none-eabi/lib/armv7e-m/softfp\libstdc++_s.a(new_op.o)
                0x08006390                operator new(unsigned int)
 .text._ZN10__cxxabiv1L24__is_gxx_exception_classEPc
                0x080063b8       0x3a c:/program files (x86)/gnu tools arm embedded/4.8 2014q2/bin/../lib/gcc/arm-none-eabi/4.8.4/../../../../arm-none-eabi/lib/armv7e-m/softfp\libstdc++_s.a(eh_call.o)
 .text.__cxa_call_terminate
                0x080063f2       0x1e c:/program files (x86)/gnu tools arm embedded/4.8 2014q2/bin/../lib/gcc/arm-none-eabi/4.8.4/../../../../arm-none-eabi/lib/armv7e-m/softfp\libstdc++_s.a(eh_call.o)
                0x080063f2                __cxa_call_terminate
 .text.__cxa_call_unexpected
                0x08006410       0x28 c:/program files (x86)/gnu tools arm embedded/4.8 2014q2/bin/../lib/gcc/arm-none-eabi/4.8.4/../../../../arm-none-eabi/lib/armv7e-m/softfp\libstdc++_s.a(eh_call.o)
                0x08006410                __cxa_call_unexpected
 .text._ZNK10__cxxabiv117__class_type_info11__do_upcastEPKS0_PPv
                0x08006438       0x34 c:/program files (x86)/gnu tools arm embedded/4.8 2014q2/bin/../lib/gcc/arm-none-eabi/4.8.4/../../../../arm-none-eabi/lib/armv7e-m/softfp\libstdc++_s.a(class_type_info.o)
                0x08006438                __cxxabiv1::__class_type_info::__do_upcast(__cxxabiv1::__class_type_info const*, void**) const
 .text._ZNK10__cxxabiv117__class_type_info20__do_find_public_srcEiPKvPKS0_S2_
                0x0800646c        0xc c:/program files (x86)/gnu tools arm embedded/4.8 2014q2/bin/../lib/gcc/arm-none-eabi/4.8.4/../../../../arm-none-eabi/lib/armv7e-m/softfp\libstdc++_s.a(class_type_info.o)
                0x0800646c                __cxxabiv1::__class_type_info::__do_find_public_src(int, void const*, __cxxabiv1::__class_type_info const*, void const*) const
 .text._ZN10__cxxabiv117__class_type_infoD2Ev
                0x08006478       0x14 c:/program files (x86)/gnu tools arm embedded/4.8 2014q2/bin/../lib/gcc/arm-none-eabi/4.8.4/../../../../arm-none-eabi/lib/armv7e-m/softfp\libstdc++_s.a(class_type_info.o)
                0x08006478                __cxxabiv1::__class_type_info::~__class_type_info()
                0x08006478                __cxxabiv1::__class_type_info::~__class_type_info()
 .text._ZN10__cxxabiv117__class_type_infoD0Ev
                0x0800648c       0x12 c:/program files (x86)/gnu tools arm embedded/4.8 2014q2/bin/../lib/gcc/arm-none-eabi/4.8.4/../../../../arm-none-eabi/lib/armv7e-m/softfp\libstdc++_s.a(class_type_info.o)
                0x0800648c                __cxxabiv1::__class_type_info::~__class_type_info()
 .text._ZNK10__cxxabiv117__class_type_info11__do_upcastEPKS0_PKvRNS0_15__upcast_resultE
                0x0800649e       0x1a c:/program files (x86)/gnu tools arm embedded/4.8 2014q2/bin/../lib/gcc/arm-none-eabi/4.8.4/../../../../arm-none-eabi/lib/armv7e-m/softfp\libstdc++_s.a(class_type_info.o)
                0x0800649e                __cxxabiv1::__class_type_info::__do_upcast(__cxxabiv1::__class_type_info const*, void const*, __cxxabiv1::__class_type_info::__upcast_result&) const
 .text._ZNK10__cxxabiv117__class_type_info10__do_catchEPKSt9type_infoPPvj
                0x080064b8       0x26 c:/program files (x86)/gnu tools arm embedded/4.8 2014q2/bin/../lib/gcc/arm-none-eabi/4.8.4/../../../../arm-none-eabi/lib/armv7e-m/softfp\libstdc++_s.a(class_type_info.o)
                0x080064b8                __cxxabiv1::__class_type_info::__do_catch(std::type_info const*, void**, unsigned int) const
 .text._ZNK10__cxxabiv117__class_type_info12__do_dyncastEiNS0_10__sub_kindEPKS0_PKvS3_S5_RNS0_16__dyncast_resultE
                0x080064de       0x38 c:/program files (x86)/gnu tools arm embedded/4.8 2014q2/bin/../lib/gcc/arm-none-eabi/4.8.4/../../../../arm-none-eabi/lib/armv7e-m/softfp\libstdc++_s.a(class_type_info.o)
                0x080064de                __cxxabiv1::__class_type_info::__do_dyncast(int, __cxxabiv1::__class_type_info::__sub_kind, __cxxabiv1::__class_type_info const*, void const*, __cxxabiv1::__class_type_info const*, void const*, __cxxabiv1::__class_type_info::__dyncast_result&) const
 *fill*         0x08006516        0x2 
 .text._ZN10__cxxabiv120__si_class_type_infoD2Ev
                0x08006518       0x14 c:/program files (x86)/gnu tools arm embedded/4.8 2014q2/bin/../lib/gcc/arm-none-eabi/4.8.4/../../../../arm-none-eabi/lib/armv7e-m/softfp\libstdc++_s.a(si_class_type_info.o)
                0x08006518                __cxxabiv1::__si_class_type_info::~__si_class_type_info()
                0x08006518                __cxxabiv1::__si_class_type_info::~__si_class_type_info()
 .text._ZN10__cxxabiv120__si_class_type_infoD0Ev
                0x0800652c       0x12 c:/program files (x86)/gnu tools arm embedded/4.8 2014q2/bin/../lib/gcc/arm-none-eabi/4.8.4/../../../../arm-none-eabi/lib/armv7e-m/softfp\libstdc++_s.a(si_class_type_info.o)
                0x0800652c                __cxxabiv1::__si_class_type_info::~__si_class_type_info()
 .text._ZNK10__cxxabiv120__si_class_type_info20__do_find_public_srcEiPKvPKNS_17__class_type_infoES2_
                0x0800653e       0x34 c:/program files (x86)/gnu tools arm embedded/4.8 2014q2/bin/../lib/gcc/arm-none-eabi/4.8.4/../../../../arm-none-eabi/lib/armv7e-m/softfp\libstdc++_s.a(si_class_type_info.o)
                0x0800653e                __cxxabiv1::__si_class_type_info::__do_find_public_src(int, void const*, __cxxabiv1::__class_type_info const*, void const*) const
 .text._ZNK10__cxxabiv120__si_class_type_info12__do_dyncastEiNS_17__class_type_info10__sub_kindEPKS1_PKvS4_S6_RNS1_16__dyncast_resultE
                0x08006572       0x7c c:/program files (x86)/gnu tools arm embedded/4.8 2014q2/bin/../lib/gcc/arm-none-eabi/4.8.4/../../../../arm-none-eabi/lib/armv7e-m/softfp\libstdc++_s.a(si_class_type_info.o)
                0x08006572                __cxxabiv1::__si_class_type_info::__do_dyncast(int, __cxxabiv1::__class_type_info::__sub_kind, __cxxabiv1::__class_type_info const*, void const*, __cxxabiv1::__class_type_info const*, void const*, __cxxabiv1::__class_type_info::__dyncast_result&) const
 .text._ZNK10__cxxabiv120__si_class_type_info11__do_upcastEPKNS_17__class_type_infoEPKvRNS1_15__upcast_resultE
                0x080065ee       0x24 c:/program files (x86)/gnu tools arm embedded/4.8 2014q2/bin/../lib/gcc/arm-none-eabi/4.8.4/../../../../arm-none-eabi/lib/armv7e-m/softfp\libstdc++_s.a(si_class_type_info.o)
                0x080065ee                __cxxabiv1::__si_class_type_info::__do_upcast(__cxxabiv1::__class_type_info const*, void const*, __cxxabiv1::__class_type_info::__upcast_result&) const
 .text._ZN10__cxxabiv111__terminateEPFvvE
                0x08006612        0x8 c:/program files (x86)/gnu tools arm embedded/4.8 2014q2/bin/../lib/gcc/arm-none-eabi/4.8.4/../../../../arm-none-eabi/lib/armv7e-m/softfp\libstdc++_s.a(eh_terminate.o)
                0x08006612                __cxxabiv1::__terminate(void (*)())
 *fill*         0x0800661a        0x2 
 .text._ZSt9terminatev
                0x0800661c       0x10 c:/program files (x86)/gnu tools arm embedded/4.8 2014q2/bin/../lib/gcc/arm-none-eabi/4.8.4/../../../../arm-none-eabi/lib/armv7e-m/softfp\libstdc++_s.a(eh_terminate.o)
                0x0800661c                std::terminate()
 .text._ZN10__cxxabiv112__unexpectedEPFvvE
                0x0800662c        0x8 c:/program files (x86)/gnu tools arm embedded/4.8 2014q2/bin/../lib/gcc/arm-none-eabi/4.8.4/../../../../arm-none-eabi/lib/armv7e-m/softfp\libstdc++_s.a(eh_terminate.o)
                0x0800662c                __cxxabiv1::__unexpected(void (*)())
 .text._ZSt10unexpectedv
                0x08006634       0x10 c:/program files (x86)/gnu tools arm embedded/4.8 2014q2/bin/../lib/gcc/arm-none-eabi/4.8.4/../../../../arm-none-eabi/lib/armv7e-m/softfp\libstdc++_s.a(eh_terminate.o)
                0x08006634                std::unexpected()
 .text._ZN10__cxxabiv1L24__is_gxx_exception_classEPc
                0x08006644       0x3a c:/program files (x86)/gnu tools arm embedded/4.8 2014q2/bin/../lib/gcc/arm-none-eabi/4.8.4/../../../../arm-none-eabi/lib/armv7e-m/softfp\libstdc++_s.a(eh_catch.o)
 .text.__cxa_begin_catch
                0x0800667e       0x52 c:/program files (x86)/gnu tools arm embedded/4.8 2014q2/bin/../lib/gcc/arm-none-eabi/4.8.4/../../../../arm-none-eabi/lib/armv7e-m/softfp\libstdc++_s.a(eh_catch.o)
                0x0800667e                __cxa_begin_catch
 .text._ZNSt9type_infoD2Ev
                0x080066d0        0xc c:/program files (x86)/gnu tools arm embedded/4.8 2014q2/bin/../lib/gcc/arm-none-eabi/4.8.4/../../../../arm-none-eabi/lib/armv7e-m/softfp\libstdc++_s.a(tinfo.o)
                0x080066d0                std::type_info::~type_info()
                0x080066d0                std::type_info::~type_info()
 .text._ZNKSt9type_info14__is_pointer_pEv
                0x080066dc        0x4 c:/program files (x86)/gnu tools arm embedded/4.8 2014q2/bin/../lib/gcc/arm-none-eabi/4.8.4/../../../../arm-none-eabi/lib/armv7e-m/softfp\libstdc++_s.a(tinfo.o)
                0x080066dc                std::type_info::__is_pointer_p() const
 .text._ZNKSt9type_info15__is_function_pEv
                0x080066e0        0x4 c:/program files (x86)/gnu tools arm embedded/4.8 2014q2/bin/../lib/gcc/arm-none-eabi/4.8.4/../../../../arm-none-eabi/lib/armv7e-m/softfp\libstdc++_s.a(tinfo.o)
                0x080066e0                std::type_info::__is_function_p() const
 .text._ZNKSt9type_info11__do_upcastEPKN10__cxxabiv117__class_type_infoEPPv
                0x080066e4        0x4 c:/program files (x86)/gnu tools arm embedded/4.8 2014q2/bin/../lib/gcc/arm-none-eabi/4.8.4/../../../../arm-none-eabi/lib/armv7e-m/softfp\libstdc++_s.a(tinfo.o)
                0x080066e4                std::type_info::__do_upcast(__cxxabiv1::__class_type_info const*, void**) const
 .text._ZNSt9type_infoD0Ev
                0x080066e8       0x14 c:/program files (x86)/gnu tools arm embedded/4.8 2014q2/bin/../lib/gcc/arm-none-eabi/4.8.4/../../../../arm-none-eabi/lib/armv7e-m/softfp\libstdc++_s.a(tinfo.o)
                0x080066e8                std::type_info::~type_info()
 .text._ZNKSt9type_infoeqERKS_
                0x080066fc       0x2e c:/program files (x86)/gnu tools arm embedded/4.8 2014q2/bin/../lib/gcc/arm-none-eabi/4.8.4/../../../../arm-none-eabi/lib/armv7e-m/softfp\libstdc++_s.a(tinfo.o)
                0x080066fc                std::type_info::operator==(std::type_info const&) const
 .text._ZNKSt9type_info10__do_catchEPKS_PPvj
                0x0800672a        0x4 c:/program files (x86)/gnu tools arm embedded/4.8 2014q2/bin/../lib/gcc/arm-none-eabi/4.8.4/../../../../arm-none-eabi/lib/armv7e-m/softfp\libstdc++_s.a(tinfo.o)
                0x0800672a                std::type_info::__do_catch(std::type_info const*, void**, unsigned int) const
 *fill*         0x0800672e        0x2 
 .text          0x08006730      0xa1c c:/program files (x86)/gnu tools arm embedded/4.8 2014q2/bin/../lib/gcc/arm-none-eabi/4.8.4/armv7e-m/softfp\libgcc.a(unwind-arm.o)
                0x08006a14                _Unwind_GetCFA
                0x08006a18                __gnu_Unwind_RaiseException
                0x08006a78                __gnu_Unwind_ForcedUnwind
                0x08006a8c                __gnu_Unwind_Resume
                0x08006ad0                __gnu_Unwind_Resume_or_Rethrow
                0x08006ae0                _Unwind_Complete
                0x08006ae4                _Unwind_DeleteException
                0x08006af4                _Unwind_VRS_Get
                0x08006b44                _Unwind_VRS_Set
                0x08006b94                __gnu_Unwind_Backtrace
                0x08006ee8                __aeabi_unwind_cpp_pr0
                0x08006ef0                __aeabi_unwind_cpp_pr1
                0x08006ef8                __aeabi_unwind_cpp_pr2
                0x08006f00                _Unwind_VRS_Pop
 .text          0x0800714c      0x1ac c:/program files (x86)/gnu tools arm embedded/4.8 2014q2/bin/../lib/gcc/arm-none-eabi/4.8.4/armv7e-m/softfp\libgcc.a(libunwind.o)
                0x0800714c                __restore_core_regs
                0x0800714c                restore_core_regs
                0x08007164                __gnu_Unwind_Restore_VFP
                0x0800716c                __gnu_Unwind_Save_VFP
                0x08007174                __gnu_Unwind_Restore_VFP_D
                0x0800717c                __gnu_Unwind_Save_VFP_D
                0x08007184                __gnu_Unwind_Restore_VFP_D_16_to_31
                0x0800718c                __gnu_Unwind_Save_VFP_D_16_to_31
                0x08007194                __gnu_Unwind_Restore_WMMXD
                0x080071d8                __gnu_Unwind_Save_WMMXD
                0x0800721c                __gnu_Unwind_Restore_WMMXC
                0x08007230                __gnu_Unwind_Save_WMMXC
                0x08007244                ___Unwind_RaiseException
                0x08007244                _Unwind_RaiseException
                0x08007268                _Unwind_Resume
                0x08007268                ___Unwind_Resume
                0x0800728c                _Unwind_Resume_or_Rethrow
                0x0800728c                ___Unwind_Resume_or_Rethrow
                0x080072b0                _Unwind_ForcedUnwind
                0x080072b0                ___Unwind_ForcedUnwind
                0x080072d4                ___Unwind_Backtrace
                0x080072d4                _Unwind_Backtrace
 .text          0x080072f8      0x33c c:/program files (x86)/gnu tools arm embedded/4.8 2014q2/bin/../lib/gcc/arm-none-eabi/4.8.4/armv7e-m/softfp\libgcc.a(pr-support.o)
                0x0800734c                __gnu_unwind_execute
                0x080075d8                __gnu_unwind_frame
                0x08007604                _Unwind_GetRegionStart
                0x08007610                _Unwind_GetLanguageSpecificData
                0x08007624                _Unwind_GetDataRelBase
                0x0800762c                _Unwind_GetTextRelBase
 .text.__errno  0x08007634        0xc c:/program files (x86)/gnu tools arm embedded/4.8 2014q2/bin/../lib/gcc/arm-none-eabi/4.8.4/../../../../arm-none-eabi/lib/armv7e-m/softfp\libg_s.a(lib_a-errno.o)
                0x08007634                __errno
 .text.malloc   0x08007640       0x10 c:/program files (x86)/gnu tools arm embedded/4.8 2014q2/bin/../lib/gcc/arm-none-eabi/4.8.4/../../../../arm-none-eabi/lib/armv7e-m/softfp\libg_s.a(lib_a-malloc.o)
                0x08007640                malloc
 .text.free     0x08007650       0x10 c:/program files (x86)/gnu tools arm embedded/4.8 2014q2/bin/../lib/gcc/arm-none-eabi/4.8.4/../../../../arm-none-eabi/lib/armv7e-m/softfp\libg_s.a(lib_a-malloc.o)
                0x08007650                free
 .text.memcmp   0x08007660       0x1e c:/program files (x86)/gnu tools arm embedded/4.8 2014q2/bin/../lib/gcc/arm-none-eabi/4.8.4/../../../../arm-none-eabi/lib/armv7e-m/softfp\libg_s.a(lib_a-memcmp.o)
                0x08007660                memcmp
 .text.memcpy   0x0800767e       0x12 c:/program files (x86)/gnu tools arm embedded/4.8 2014q2/bin/../lib/gcc/arm-none-eabi/4.8.4/../../../../arm-none-eabi/lib/armv7e-m/softfp\libg_s.a(lib_a-memcpy-stub.o)
                0x0800767e                memcpy
 .text.memset   0x08007690       0x10 c:/program files (x86)/gnu tools arm embedded/4.8 2014q2/bin/../lib/gcc/arm-none-eabi/4.8.4/../../../../arm-none-eabi/lib/armv7e-m/softfp\libg_s.a(lib_a-memset.o)
                0x08007690                memset
 .text._free_r  0x080076a0       0x88 c:/program files (x86)/gnu tools arm embedded/4.8 2014q2/bin/../lib/gcc/arm-none-eabi/4.8.4/../../../../arm-none-eabi/lib/armv7e-m/softfp\libg_s.a(lib_a-nano-freer.o)
                0x080076a0                _free_r
 .text._malloc_r
                0x08007728       0xa8 c:/program files (x86)/gnu tools arm embedded/4.8 2014q2/bin/../lib/gcc/arm-none-eabi/4.8.4/../../../../arm-none-eabi/lib/armv7e-m/softfp\libg_s.a(lib_a-nano-mallocr.o)
                0x08007728                _malloc_r
 .text._sbrk_r  0x080077d0       0x20 c:/program files (x86)/gnu tools arm embedded/4.8 2014q2/bin/../lib/gcc/arm-none-eabi/4.8.4/../../../../arm-none-eabi/lib/armv7e-m/softfp\libg_s.a(lib_a-sbrkr.o)
                0x080077d0                _sbrk_r
 .text          0x080077f0       0x14 c:/program files (x86)/gnu tools arm embedded/4.8 2014q2/bin/../lib/gcc/arm-none-eabi/4.8.4/../../../../arm-none-eabi/lib/armv7e-m/softfp\libg_s.a(lib_a-strcmp.o)
                0x080077f0                strcmp
 .text.strlen   0x08007804       0x10 c:/program files (x86)/gnu tools arm embedded/4.8 2014q2/bin/../lib/gcc/arm-none-eabi/4.8.4/../../../../arm-none-eabi/lib/armv7e-m/softfp\libg_s.a(lib_a-strlen.o)
                0x08007804                strlen
 .text._vsnprintf_r
                0x08007814       0x52 c:/program files (x86)/gnu tools arm embedded/4.8 2014q2/bin/../lib/gcc/arm-none-eabi/4.8.4/../../../../arm-none-eabi/lib/armv7e-m/softfp\libg_s.a(lib_a-vsnprintf.o)
                0x08007814                _vsniprintf_r
                0x08007814                _vsnprintf_r
 *fill*         0x08007866        0x2 
 .text.vsnprintf
                0x08007868       0x20 c:/program files (x86)/gnu tools arm embedded/4.8 2014q2/bin/../lib/gcc/arm-none-eabi/4.8.4/../../../../arm-none-eabi/lib/armv7e-m/softfp\libg_s.a(lib_a-vsnprintf.o)
                0x08007868                vsniprintf
                0x08007868                vsnprintf
 .text.__ssputs_r
                0x08007888       0xb8 c:/program files (x86)/gnu tools arm embedded/4.8 2014q2/bin/../lib/gcc/arm-none-eabi/4.8.4/../../../../arm-none-eabi/lib/armv7e-m/softfp\libg_s.a(lib_a-svfprintf.o)
                0x08007888                __ssputs_r
 .text._svfprintf_r
                0x08007940      0x1dc c:/program files (x86)/gnu tools arm embedded/4.8 2014q2/bin/../lib/gcc/arm-none-eabi/4.8.4/../../../../arm-none-eabi/lib/armv7e-m/softfp\libg_s.a(lib_a-svfprintf.o)
                0x08007940                _svfiprintf_r
                0x08007940                _svfprintf_r
 .text._printf_common
                0x08007b1c       0xe4 c:/program files (x86)/gnu tools arm embedded/4.8 2014q2/bin/../lib/gcc/arm-none-eabi/4.8.4/../../../../arm-none-eabi/lib/armv7e-m/softfp\libg_s.a(lib_a-vfprintf_i.o)
                0x08007b1c                _printf_common
 .text._printf_i
                0x08007c00      0x228 c:/program files (x86)/gnu tools arm embedded/4.8 2014q2/bin/../lib/gcc/arm-none-eabi/4.8.4/../../../../arm-none-eabi/lib/armv7e-m/softfp\libg_s.a(lib_a-vfprintf_i.o)
                0x08007c00                _printf_i
 .text.memchr   0x08007e28       0x1e c:/program files (x86)/gnu tools arm embedded/4.8 2014q2/bin/../lib/gcc/arm-none-eabi/4.8.4/../../../../arm-none-eabi/lib/armv7e-m/softfp\libg_s.a(lib_a-memchr-stub.o)
                0x08007e28                memchr
 .text.memmove  0x08007e46       0x36 c:/program files (x86)/gnu tools arm embedded/4.8 2014q2/bin/../lib/gcc/arm-none-eabi/4.8.4/../../../../arm-none-eabi/lib/armv7e-m/softfp\libg_s.a(lib_a-memmove.o)
                0x08007e46                memmove
 .text._realloc_r
                0x08007e7c       0x4c c:/program files (x86)/gnu tools arm embedded/4.8 2014q2/bin/../lib/gcc/arm-none-eabi/4.8.4/../../../../arm-none-eabi/lib/armv7e-m/softfp\libg_s.a(lib_a-nano-reallocr.o)
                0x08007e7c                _realloc_r
 .text._malloc_usable_size_r
                0x08007ec8       0x12 c:/program files (x86)/gnu tools arm embedded/4.8 2014q2/bin/../lib/gcc/arm-none-eabi/4.8.4/../../../../arm-none-eabi/lib/armv7e-m/softfp\libg_s.a(lib_a-nano-msizer.o)
                0x08007ec8                _malloc_usable_size_r
 *(.rodata .rodata.* .constdata .constdata.*)
 *fill*         0x08007eda        0x6 
 .rodata._ZTV10BlinkyTask
                0x08007ee0       0x28 ./src/BlinkyTask.o
                0x08007ee0                vtable for BlinkyTask
 .rodata.str1.4
                0x08007f08       0x30 ./src/main.o
 .rodata        0x08007f38       0x10 C:\Users\Jeff\Documents\svn\reclone-sdk.git\branches\develop\ports\Esp8266LwipPort\Debug\libEsp8266LwipPort.a(esp_wifi_task.o)
 .rodata.eagle_fw1
                0x08007f48     0xcb70 C:\Users\Jeff\Documents\svn\reclone-sdk.git\branches\develop\ports\Esp8266LwipPort\Debug\libEsp8266LwipPort.a(esp_sdio_if.o)
 .rodata._ZTV12AManagedTask
                0x08014ab8       0x28 C:\Users\Jeff\Documents\svn\reclone-sdk.git\branches\develop\third-party\FreeRTOS_EC\Debug\libFreeRTOS_EC.a(AManagedTask.o)
                0x08014ab8                vtable for AManagedTask
 .rodata._ZTI12AManagedTask
                0x08014ae0        0xc C:\Users\Jeff\Documents\svn\reclone-sdk.git\branches\develop\third-party\FreeRTOS_EC\Debug\libFreeRTOS_EC.a(AManagedTask.o)
                0x08014ae0                typeinfo for AManagedTask
 .rodata._ZTS12AManagedTask
                0x08014aec       0x10 C:\Users\Jeff\Documents\svn\reclone-sdk.git\branches\develop\third-party\FreeRTOS_EC\Debug\libFreeRTOS_EC.a(AManagedTask.o)
                0x08014aec                typeinfo name for AManagedTask
 .rodata        0x08014afc       0x20 C:\Users\Jeff\Documents\svn\reclone-sdk.git\branches\develop\third-party\FreeRTOS_EC\Debug\libFreeRTOS_EC.a(CTask.o)
 *fill*         0x08014b1c        0x4 
 .rodata._ZTV5CTask
                0x08014b20       0x20 C:\Users\Jeff\Documents\svn\reclone-sdk.git\branches\develop\third-party\FreeRTOS_EC\Debug\libFreeRTOS_EC.a(CTask.o)
                0x08014b20                vtable for CTask
 .rodata._ZTV12IFreeRTOSObj
                0x08014b40       0x18 C:\Users\Jeff\Documents\svn\reclone-sdk.git\branches\develop\third-party\FreeRTOS_EC\Debug\libFreeRTOS_EC.a(CTask.o)
                0x08014b40                vtable for IFreeRTOSObj
 .rodata._ZTI5CTask
                0x08014b58        0xc C:\Users\Jeff\Documents\svn\reclone-sdk.git\branches\develop\third-party\FreeRTOS_EC\Debug\libFreeRTOS_EC.a(CTask.o)
                0x08014b58                typeinfo for CTask
 .rodata._ZTS5CTask
                0x08014b64        0x8 C:\Users\Jeff\Documents\svn\reclone-sdk.git\branches\develop\third-party\FreeRTOS_EC\Debug\libFreeRTOS_EC.a(CTask.o)
                0x08014b64                typeinfo name for CTask
 .rodata._ZTS12IFreeRTOSObj
                0x08014b6c       0x10 C:\Users\Jeff\Documents\svn\reclone-sdk.git\branches\develop\third-party\FreeRTOS_EC\Debug\libFreeRTOS_EC.a(CTask.o)
                0x08014b6c                typeinfo name for IFreeRTOSObj
 .rodata._ZTI12IFreeRTOSObj
                0x08014b7c        0x8 C:\Users\Jeff\Documents\svn\reclone-sdk.git\branches\develop\third-party\FreeRTOS_EC\Debug\libFreeRTOS_EC.a(CTask.o)
                0x08014b7c                typeinfo for IFreeRTOSObj
 .rodata._ZZN5CTask6AttachEPvE19__PRETTY_FUNCTION__
                0x08014b84       0x2c C:\Users\Jeff\Documents\svn\reclone-sdk.git\branches\develop\third-party\FreeRTOS_EC\Debug\libFreeRTOS_EC.a(CTask.o)
 .rodata        0x08014bb0        0x8 C:\Users\Jeff\Documents\svn\reclone-sdk.git\branches\develop\third-party\FreeRTOS\Source\Debug\libFreeRTOS.a(tasks.o)
 .rodata.ucExpectedStackBytes.5372
                0x08014bb8       0x14 C:\Users\Jeff\Documents\svn\reclone-sdk.git\branches\develop\third-party\FreeRTOS\Source\Debug\libFreeRTOS.a(tasks.o)
 .rodata        0x08014bcc       0x10 C:\Users\Jeff\Documents\svn\reclone-sdk.git\branches\develop\third-party\FreeRTOS\Source\Debug\libFreeRTOS.a(timers.o)
 .rodata.flagBitshiftOffset.10197
                0x08014bdc        0x8 C:\Users\Jeff\Documents\svn\reclone-sdk.git\branches\develop\third-party\STM32CubeF4\Debug\libSTM32CubeF4.a(stm32f4xx_hal_dma.o)
 .rodata.APBAHBPrescTable
                0x08014be4       0x10 C:\Users\Jeff\Documents\svn\reclone-sdk.git\branches\develop\third-party\STM32CubeF4\Debug\libSTM32CubeF4.a(stm32f4xx_hal_rcc.o)
                0x08014be4                APBAHBPrescTable
 .rodata.AHBPrescTable
                0x08014bf4       0x10 C:\Users\Jeff\Documents\svn\reclone-sdk.git\branches\develop\third-party\STM32CubeF4\Debug\libSTM32CubeF4.a(system_stm32f4xx.o)
                0x08014bf4                AHBPrescTable
 .rodata._ZZN9__gnu_cxx27__verbose_terminate_handlerEvE8__func__
                0x08014c04       0x1c C:\Users\Jeff\Documents\svn\reclone-sdk.git\branches\develop\bsp\discovery_m6plus_bsp\Debug\libDiscovery_m6plus_BSP.a(_cxx.o)
 .rodata._ZZ18__cxa_pure_virtualE8__func__
                0x08014c20       0x14 C:\Users\Jeff\Documents\svn\reclone-sdk.git\branches\develop\bsp\discovery_m6plus_bsp\Debug\libDiscovery_m6plus_BSP.a(_cxx.o)
 .rodata        0x08014c34       0x14 C:\Users\Jeff\Documents\svn\reclone-sdk.git\branches\develop\bsp\discovery_m6plus_bsp\Debug\libDiscovery_m6plus_BSP.a(_exit.o)
 .rodata        0x08014c48       0x70 C:\Users\Jeff\Documents\svn\reclone-sdk.git\branches\develop\bsp\discovery_m6plus_bsp\Debug\libDiscovery_m6plus_BSP.a(assert.o)
 .rodata        0x08014cb8       0x30 C:\Users\Jeff\Documents\svn\reclone-sdk.git\branches\develop\bsp\discovery_m6plus_bsp\Debug\libDiscovery_m6plus_BSP.a(Trace.o)
 .rodata        0x08014ce8      0x148 C:\Users\Jeff\Documents\svn\reclone-sdk.git\branches\develop\bsp\discovery_m6plus_bsp\Debug\libDiscovery_m6plus_BSP.a(exception_handlers.o)
 .rodata._ZTVN10__cxxabiv117__class_type_infoE
                0x08014e30       0x30 c:/program files (x86)/gnu tools arm embedded/4.8 2014q2/bin/../lib/gcc/arm-none-eabi/4.8.4/../../../../arm-none-eabi/lib/armv7e-m/softfp\libstdc++_s.a(class_type_info.o)
                0x08014e30                vtable for __cxxabiv1::__class_type_info
 .rodata._ZTIN10__cxxabiv117__class_type_infoE
                0x08014e60        0xc c:/program files (x86)/gnu tools arm embedded/4.8 2014q2/bin/../lib/gcc/arm-none-eabi/4.8.4/../../../../arm-none-eabi/lib/armv7e-m/softfp\libstdc++_s.a(class_type_info.o)
                0x08014e60                typeinfo for __cxxabiv1::__class_type_info
 .rodata._ZTSN10__cxxabiv117__class_type_infoE
                0x08014e6c       0x22 c:/program files (x86)/gnu tools arm embedded/4.8 2014q2/bin/../lib/gcc/arm-none-eabi/4.8.4/../../../../arm-none-eabi/lib/armv7e-m/softfp\libstdc++_s.a(class_type_info.o)
                0x08014e6c                typeinfo name for __cxxabiv1::__class_type_info
 *fill*         0x08014e8e        0x2 
 .rodata._ZTIN10__cxxabiv115__forced_unwindE
                0x08014e90        0x8 c:/program files (x86)/gnu tools arm embedded/4.8 2014q2/bin/../lib/gcc/arm-none-eabi/4.8.4/../../../../arm-none-eabi/lib/armv7e-m/softfp\libstdc++_s.a(eh_exception.o)
                0x08014e90                typeinfo for __cxxabiv1::__forced_unwind
 .rodata._ZTSN10__cxxabiv119__foreign_exceptionE
                0x08014e98       0x24 c:/program files (x86)/gnu tools arm embedded/4.8 2014q2/bin/../lib/gcc/arm-none-eabi/4.8.4/../../../../arm-none-eabi/lib/armv7e-m/softfp\libstdc++_s.a(eh_exception.o)
                0x08014e98                typeinfo name for __cxxabiv1::__foreign_exception
 .rodata._ZTIN10__cxxabiv119__foreign_exceptionE
                0x08014ebc        0x8 c:/program files (x86)/gnu tools arm embedded/4.8 2014q2/bin/../lib/gcc/arm-none-eabi/4.8.4/../../../../arm-none-eabi/lib/armv7e-m/softfp\libstdc++_s.a(eh_exception.o)
                0x08014ebc                typeinfo for __cxxabiv1::__foreign_exception
 .rodata._ZTSN10__cxxabiv115__forced_unwindE
                0x08014ec4       0x20 c:/program files (x86)/gnu tools arm embedded/4.8 2014q2/bin/../lib/gcc/arm-none-eabi/4.8.4/../../../../arm-none-eabi/lib/armv7e-m/softfp\libstdc++_s.a(eh_exception.o)
                0x08014ec4                typeinfo name for __cxxabiv1::__forced_unwind
 *fill*         0x08014ee4        0x4 
 .rodata._ZTVN10__cxxabiv120__si_class_type_infoE
                0x08014ee8       0x30 c:/program files (x86)/gnu tools arm embedded/4.8 2014q2/bin/../lib/gcc/arm-none-eabi/4.8.4/../../../../arm-none-eabi/lib/armv7e-m/softfp\libstdc++_s.a(si_class_type_info.o)
                0x08014ee8                vtable for __cxxabiv1::__si_class_type_info
 .rodata._ZTIN10__cxxabiv120__si_class_type_infoE
                0x08014f18        0xc c:/program files (x86)/gnu tools arm embedded/4.8 2014q2/bin/../lib/gcc/arm-none-eabi/4.8.4/../../../../arm-none-eabi/lib/armv7e-m/softfp\libstdc++_s.a(si_class_type_info.o)
                0x08014f18                typeinfo for __cxxabiv1::__si_class_type_info
 .rodata._ZTSN10__cxxabiv120__si_class_type_infoE
                0x08014f24       0x25 c:/program files (x86)/gnu tools arm embedded/4.8 2014q2/bin/../lib/gcc/arm-none-eabi/4.8.4/../../../../arm-none-eabi/lib/armv7e-m/softfp\libstdc++_s.a(si_class_type_info.o)
                0x08014f24                typeinfo name for __cxxabiv1::__si_class_type_info
 *fill*         0x08014f49        0x3 
 .rodata._ZTISt9type_info
                0x08014f4c        0x8 c:/program files (x86)/gnu tools arm embedded/4.8 2014q2/bin/../lib/gcc/arm-none-eabi/4.8.4/../../../../arm-none-eabi/lib/armv7e-m/softfp\libstdc++_s.a(tinfo.o)
                0x08014f4c                typeinfo for std::type_info
 .rodata._ZTSSt9type_info
                0x08014f54        0xd c:/program files (x86)/gnu tools arm embedded/4.8 2014q2/bin/../lib/gcc/arm-none-eabi/4.8.4/../../../../arm-none-eabi/lib/armv7e-m/softfp\libstdc++_s.a(tinfo.o)
                0x08014f54                typeinfo name for std::type_info
 *fill*         0x08014f61        0x7 
 .rodata._ZTVSt9type_info
                0x08014f68       0x20 c:/program files (x86)/gnu tools arm embedded/4.8 2014q2/bin/../lib/gcc/arm-none-eabi/4.8.4/../../../../arm-none-eabi/lib/armv7e-m/softfp\libstdc++_s.a(tinfo.o)
                0x08014f68                vtable for std::type_info
 .rodata.str1.1
                0x08014f88        0x2 c:/program files (x86)/gnu tools arm embedded/4.8 2014q2/bin/../lib/gcc/arm-none-eabi/4.8.4/../../../../arm-none-eabi/lib/armv7e-m/softfp\libg_s.a(lib_a-impure.o)
 .rodata.str1.1
                0x08014f8a       0x11 c:/program files (x86)/gnu tools arm embedded/4.8 2014q2/bin/../lib/gcc/arm-none-eabi/4.8.4/../../../../arm-none-eabi/lib/armv7e-m/softfp\libg_s.a(lib_a-svfprintf.o)
 .rodata.str1.1
                0x08014f9b       0x22 c:/program files (x86)/gnu tools arm embedded/4.8 2014q2/bin/../lib/gcc/arm-none-eabi/4.8.4/../../../../arm-none-eabi/lib/armv7e-m/softfp\libg_s.a(lib_a-vfprintf_i.o)
 *(vtable)
 *(.eh_frame*)
 *(.glue_7)
 .glue_7        0x00000000        0x0 linker stubs
 *(.glue_7t)
 .glue_7t       0x00000000        0x0 linker stubs

.vfp11_veneer   0x08014fc0        0x0
 .vfp11_veneer  0x00000000        0x0 linker stubs

.v4_bx          0x08014fc0        0x0
 .v4_bx         0x00000000        0x0 linker stubs

.iplt           0x08014fc0        0x0
 .iplt          0x00000000        0x0 ./src/BlinkyTask.o

.ARM.extab      0x08014fc0       0xc0
 *(.ARM.extab* .gnu.linkonce.armextab.*)
 .ARM.extab.text._ZN5CTask13EnterCriticalEv
                0x08014fc0        0x0 C:\Users\Jeff\Documents\svn\reclone-sdk.git\branches\develop\third-party\FreeRTOS_EC\Debug\libFreeRTOS_EC.a(AManagedTask.o)
 .ARM.extab.text._ZN5CTask12ExitCriticalEv
                0x08014fc0        0x0 C:\Users\Jeff\Documents\svn\reclone-sdk.git\branches\develop\third-party\FreeRTOS_EC\Debug\libFreeRTOS_EC.a(AManagedTask.o)
 .ARM.extab.text._ZN12AManagedTask12HardwareInitEv
                0x08014fc0        0x0 C:\Users\Jeff\Documents\svn\reclone-sdk.git\branches\develop\third-party\FreeRTOS_EC\Debug\libFreeRTOS_EC.a(AManagedTask.o)
 .ARM.extab.text._ZN9CFreeRTOS15SuspendAllTasksEv
                0x08014fc0        0x0 C:\Users\Jeff\Documents\svn\reclone-sdk.git\branches\develop\third-party\FreeRTOS_EC\Debug\libFreeRTOS_EC.a(AManagedTask.o)
 .ARM.extab.text._ZN9CFreeRTOS14ResumeAllTasksEv
                0x08014fc0        0x0 C:\Users\Jeff\Documents\svn\reclone-sdk.git\branches\develop\third-party\FreeRTOS_EC\Debug\libFreeRTOS_EC.a(AManagedTask.o)
 .ARM.extab.text._ZN12AManagedTaskC2Ev
                0x08014fc0       0x1c C:\Users\Jeff\Documents\svn\reclone-sdk.git\branches\develop\third-party\FreeRTOS_EC\Debug\libFreeRTOS_EC.a(AManagedTask.o)
 .ARM.extab.text._ZN12AManagedTaskD2Ev
                0x08014fdc       0x10 C:\Users\Jeff\Documents\svn\reclone-sdk.git\branches\develop\third-party\FreeRTOS_EC\Debug\libFreeRTOS_EC.a(AManagedTask.o)
 .ARM.extab.text._ZN12AManagedTask6CreateEPKctm
                0x08014fec        0xc C:\Users\Jeff\Documents\svn\reclone-sdk.git\branches\develop\third-party\FreeRTOS_EC\Debug\libFreeRTOS_EC.a(AManagedTask.o)
 .ARM.extab.text._ZN12AManagedTask15taskControlFuncEPv
                0x08014ff8        0xc C:\Users\Jeff\Documents\svn\reclone-sdk.git\branches\develop\third-party\FreeRTOS_EC\Debug\libFreeRTOS_EC.a(AManagedTask.o)
 .ARM.extab.text._ZN12AManagedTask16AddToManagedTaskEPS_
                0x08015004        0xc C:\Users\Jeff\Documents\svn\reclone-sdk.git\branches\develop\third-party\FreeRTOS_EC\Debug\libFreeRTOS_EC.a(AManagedTask.o)
 .ARM.extab.text._ZN12AManagedTask21RemoveFromManagedTaskEPS_
                0x08015010        0xc C:\Users\Jeff\Documents\svn\reclone-sdk.git\branches\develop\third-party\FreeRTOS_EC\Debug\libFreeRTOS_EC.a(AManagedTask.o)
 .ARM.extab.text._ZN12AManagedTask27InitHardwareForManagedTasksEv
                0x0801501c        0xc C:\Users\Jeff\Documents\svn\reclone-sdk.git\branches\develop\third-party\FreeRTOS_EC\Debug\libFreeRTOS_EC.a(AManagedTask.o)
 .ARM.extab.text._ZN12IFreeRTOSObjC2Ev
                0x08015028        0x0 C:\Users\Jeff\Documents\svn\reclone-sdk.git\branches\develop\third-party\FreeRTOS_EC\Debug\libFreeRTOS_EC.a(CTask.o)
 .ARM.extab.text._ZN5CTaskD2Ev
                0x08015028       0x10 C:\Users\Jeff\Documents\svn\reclone-sdk.git\branches\develop\third-party\FreeRTOS_EC\Debug\libFreeRTOS_EC.a(CTask.o)
 .ARM.extab.text._ZN5CTask6AttachEPv
                0x08015038        0xc C:\Users\Jeff\Documents\svn\reclone-sdk.git\branches\develop\third-party\FreeRTOS_EC\Debug\libFreeRTOS_EC.a(CTask.o)
 .ARM.extab.text._ZN5CTask6CreateEPFvPvEPKctS0_m
                0x08015044        0xc C:\Users\Jeff\Documents\svn\reclone-sdk.git\branches\develop\third-party\FreeRTOS_EC\Debug\libFreeRTOS_EC.a(CTask.o)
 .ARM.extab.text._ZN5CTask6DeleteEv
                0x08015050        0xc C:\Users\Jeff\Documents\svn\reclone-sdk.git\branches\develop\third-party\FreeRTOS_EC\Debug\libFreeRTOS_EC.a(CTask.o)
 .ARM.extab     0x0801505c        0xc c:/program files (x86)/gnu tools arm embedded/4.8 2014q2/bin/../lib/gcc/arm-none-eabi/4.8.4/armv7e-m/softfp\libgcc.a(unwind-arm.o)
 .ARM.extab     0x08015068       0x18 c:/program files (x86)/gnu tools arm embedded/4.8 2014q2/bin/../lib/gcc/arm-none-eabi/4.8.4/armv7e-m/softfp\libgcc.a(pr-support.o)
                0x08015080                . = ALIGN (0x4)