Archive member included because of file (symbol)

C:\Users\Jeff\Documents\svn\reclone-sdk.git\branches\develop\bsp\discovery_m6plus_bsp\Debug\libDiscovery_m6plus_BSP.a(_startup.o)
                              (_start)
C:\Users\Jeff\Documents\svn\reclone-sdk.git\branches\develop\bsp\discovery_m6plus_bsp\Debug\libDiscovery_m6plus_BSP.a(_syscalls.o)
                              C:\Users\Jeff\Documents\svn\reclone-sdk.git\branches\develop\bsp\discovery_m6plus_bsp\Debug\libDiscovery_m6plus_BSP.a(_startup.o) (__initialize_args)
C:\Users\Jeff\Documents\svn\reclone-sdk.git\branches\develop\bsp\discovery_m6plus_bsp\Debug\libDiscovery_m6plus_BSP.a(Trace.o)
                              ./src/main.o (trace_printf)
C:\Users\Jeff\Documents\svn\reclone-sdk.git\branches\develop\bsp\discovery_m6plus_bsp\Debug\libDiscovery_m6plus_BSP.a(trace_impl.o)
                              C:\Users\Jeff\Documents\svn\reclone-sdk.git\branches\develop\bsp\discovery_m6plus_bsp\Debug\libDiscovery_m6plus_BSP.a(Trace.o) (trace_write)
C:\Users\Jeff\Documents\svn\reclone-sdk.git\branches\develop\bsp\discovery_m6plus_bsp\Debug\libDiscovery_m6plus_BSP.a(_initialize_hardware.o)
                              C:\Users\Jeff\Documents\svn\reclone-sdk.git\branches\develop\bsp\discovery_m6plus_bsp\Debug\libDiscovery_m6plus_BSP.a(_startup.o) (__initialize_hardware_early)
C:\Users\Jeff\Documents\svn\reclone-sdk.git\branches\develop\bsp\discovery_m6plus_bsp\Debug\libDiscovery_m6plus_BSP.a(stm32f4xx_hal.o)
                              C:\Users\Jeff\Documents\svn\reclone-sdk.git\branches\develop\bsp\discovery_m6plus_bsp\Debug\libDiscovery_m6plus_BSP.a(_initialize_hardware.o) (HAL_Init)
C:\Users\Jeff\Documents\svn\reclone-sdk.git\branches\develop\bsp\discovery_m6plus_bsp\Debug\libDiscovery_m6plus_BSP.a(stm32f4xx_hal_cortex.o)
                              C:\Users\Jeff\Documents\svn\reclone-sdk.git\branches\develop\bsp\discovery_m6plus_bsp\Debug\libDiscovery_m6plus_BSP.a(stm32f4xx_hal.o) (HAL_NVIC_SetPriorityGrouping)
C:\Users\Jeff\Documents\svn\reclone-sdk.git\branches\develop\bsp\discovery_m6plus_bsp\Debug\libDiscovery_m6plus_BSP.a(stm32f4xx_hal_gpio.o)
                              ./src/BlinkLed.o (HAL_GPIO_Init)
C:\Users\Jeff\Documents\svn\reclone-sdk.git\branches\develop\bsp\discovery_m6plus_bsp\Debug\libDiscovery_m6plus_BSP.a(stm32f4xx_hal_rcc.o)
                              C:\Users\Jeff\Documents\svn\reclone-sdk.git\branches\develop\bsp\discovery_m6plus_bsp\Debug\libDiscovery_m6plus_BSP.a(_initialize_hardware.o) (HAL_RCC_OscConfig)
C:\Users\Jeff\Documents\svn\reclone-sdk.git\branches\develop\bsp\discovery_m6plus_bsp\Debug\libDiscovery_m6plus_BSP.a(system_stm32f4xx.o)
                              ./src/main.o (SystemCoreClock)
C:\Users\Jeff\Documents\svn\reclone-sdk.git\branches\develop\bsp\discovery_m6plus_bsp\Debug\libDiscovery_m6plus_BSP.a(_exit.o)
                              C:\Users\Jeff\Documents\svn\reclone-sdk.git\branches\develop\bsp\discovery_m6plus_bsp\Debug\libDiscovery_m6plus_BSP.a(_startup.o) (_exit)
C:\Users\Jeff\Documents\svn\reclone-sdk.git\branches\develop\bsp\discovery_m6plus_bsp\Debug\libDiscovery_m6plus_BSP.a(assert.o)
                              C:\Users\Jeff\Documents\svn\reclone-sdk.git\branches\develop\bsp\discovery_m6plus_bsp\Debug\libDiscovery_m6plus_BSP.a(stm32f4xx_hal_cortex.o) (assert_failed)
c:/program files (x86)/gnu tools arm embedded/4.8 2014q2/bin/../lib/gcc/arm-none-eabi/4.8.4/../../../../arm-none-eabi/lib/armv7e-m\libg_s.a(lib_a-errno.o)
                              C:\Users\Jeff\Documents\svn\reclone-sdk.git\branches\develop\bsp\discovery_m6plus_bsp\Debug\libDiscovery_m6plus_BSP.a(_syscalls.o) (__errno)
c:/program files (x86)/gnu tools arm embedded/4.8 2014q2/bin/../lib/gcc/arm-none-eabi/4.8.4/../../../../arm-none-eabi/lib/armv7e-m\libg_s.a(lib_a-impure.o)
                              c:/program files (x86)/gnu tools arm embedded/4.8 2014q2/bin/../lib/gcc/arm-none-eabi/4.8.4/../../../../arm-none-eabi/lib/armv7e-m\libg_s.a(lib_a-errno.o) (_impure_ptr)
c:/program files (x86)/gnu tools arm embedded/4.8 2014q2/bin/../lib/gcc/arm-none-eabi/4.8.4/../../../../arm-none-eabi/lib/armv7e-m\libg_s.a(lib_a-strlen.o)
                              C:\Users\Jeff\Documents\svn\reclone-sdk.git\branches\develop\bsp\discovery_m6plus_bsp\Debug\libDiscovery_m6plus_BSP.a(Trace.o) (strlen)
c:/program files (x86)/gnu tools arm embedded/4.8 2014q2/bin/../lib/gcc/arm-none-eabi/4.8.4/../../../../arm-none-eabi/lib/armv7e-m\libg_s.a(lib_a-vsnprintf.o)
                              C:\Users\Jeff\Documents\svn\reclone-sdk.git\branches\develop\bsp\discovery_m6plus_bsp\Debug\libDiscovery_m6plus_BSP.a(Trace.o) (vsnprintf)
c:/program files (x86)/gnu tools arm embedded/4.8 2014q2/bin/../lib/gcc/arm-none-eabi/4.8.4/../../../../arm-none-eabi/lib/armv7e-m\libg_s.a(lib_a-svfprintf.o)
[...]
Memory Configuration

Name             Origin             Length             Attributes
RAM              0x20000000         0x00020000         xrw
CCMRAM           0x10000000         0x00010000         xrw
FLASH            0x08000000         0x00100000         xr
FLASHB1          0x00000000         0x00000000         xr
EXTMEMB0         0x00000000         0x00000000         xr
EXTMEMB1         0x00000000         0x00000000         xr
EXTMEMB2         0x00000000         0x00000000         xr
EXTMEMB3         0x00000000         0x00000000         xr
MEMORY_ARRAY     0x20002000         0x00000020         xrw
*default*        0x00000000         0xffffffff

Linker script and memory map

LOAD ./src/BlinkLed.o
LOAD ./src/Timer.o
LOAD ./src/main.o
LOAD C:\Users\Jeff\Documents\svn\reclone-sdk.git\branches\develop\bsp\discovery_m6plus_bsp\Debug\libDiscovery_m6plus_BSP.a
LOAD c:/program files (x86)/gnu tools arm embedded/4.8 2014q2/bin/../lib/gcc/arm-none-eabi/4.8.4/../../../../arm-none-eabi/lib/armv7e-m\libstdc++_s.a
LOAD c:/program files (x86)/gnu tools arm embedded/4.8 2014q2/bin/../lib/gcc/arm-none-eabi/4.8.4/../../../../arm-none-eabi/lib/armv7e-m\libm.a
START GROUP
LOAD c:/program files (x86)/gnu tools arm embedded/4.8 2014q2/bin/../lib/gcc/arm-none-eabi/4.8.4/armv7e-m\libgcc.a
LOAD c:/program files (x86)/gnu tools arm embedded/4.8 2014q2/bin/../lib/gcc/arm-none-eabi/4.8.4/../../../../arm-none-eabi/lib/armv7e-m\libg_s.a
LOAD c:/program files (x86)/gnu tools arm embedded/4.8 2014q2/bin/../lib/gcc/arm-none-eabi/4.8.4/../../../../arm-none-eabi/lib/armv7e-m\libc_s.a
END GROUP
START GROUP
LOAD c:/program files (x86)/gnu tools arm embedded/4.8 2014q2/bin/../lib/gcc/arm-none-eabi/4.8.4/armv7e-m\libgcc.a
LOAD c:/program files (x86)/gnu tools arm embedded/4.8 2014q2/bin/../lib/gcc/arm-none-eabi/4.8.4/../../../../arm-none-eabi/lib/armv7e-m\libc_s.a
END GROUP
                0x20020000                __stack = (ORIGIN (RAM) + 0x20000)
                0x20020000                _estack = __stack
                0x00000400                __Main_Stack_Size = 0x400
                0x00000400                PROVIDE (_Main_Stack_Size, __Main_Stack_Size)
                0x2001fc00                __Main_Stack_Limit = (__stack - __Main_Stack_Size)
                0x2001fc00                PROVIDE (_Main_Stack_Limit, __Main_Stack_Limit)
                0x00000100                _Minimum_Stack_Size = 0x100
                0x20000118                PROVIDE (_Heap_Begin, _end_noinit)
                0x2001fc00                PROVIDE (_Heap_Limit, (__stack - __Main_Stack_Size))

.isr_vector     0x08000000      0x178
 FILL mask 0xff
                0x08000000                __vectors_start__ = ABSOLUTE (.)
 *(.isr_vector)
 *(.cfmconfig)
 *(.after_vectors .after_vectors.*)
 .after_vectors
                0x08000000      0x178 C:\Users\Jeff\Documents\svn\reclone-sdk.git\branches\develop\bsp\discovery_m6plus_bsp\Debug\libDiscovery_m6plus_BSP.a(_startup.o)
                0x08000000                _start

.inits          0x08000178       0x28
                0x08000178                __data_regions_array_start = .
                0x08000178        0x4 LONG 0x8002564 LOADADDR (.data)
                0x0800017c        0x4 LONG 0x20000000 ADDR (.data)
                0x08000180        0x4 LONG 0x20000078 (ADDR (.data) + SIZEOF (.data))
                0x08000184        0x4 LONG 0x8002564 LOADADDR (.data_CCMRAM)
                0x08000188        0x4 LONG 0x10000000 ADDR (.data_CCMRAM)
                0x0800018c        0x4 LONG 0x10000000 (ADDR (.data_CCMRAM) + SIZEOF (.data_CCMRAM))
                0x08000190                __data_regions_array_end = .
                0x08000190                __bss_regions_array_start = .
                0x08000190        0x4 LONG 0x20000078 ADDR (.bss)
                0x08000194        0x4 LONG 0x20000118 (ADDR (.bss) + SIZEOF (.bss))
                0x08000198        0x4 LONG 0x10000000 ADDR (.bss_CCMRAM)
                0x0800019c        0x4 LONG 0x10000000 (ADDR (.bss_CCMRAM) + SIZEOF (.bss_CCMRAM))
                0x080001a0                __bss_regions_array_end = .
 *(.init)
 *(.fini)
                0x080001a0                . = ALIGN (0x4)
                0x080001a0                PROVIDE (__preinit_array_start, .)
 *(.preinit_array_sysinit .preinit_array_sysinit.*)
 *(.preinit_array_platform .preinit_array_platform.*)
 *(.preinit_array .preinit_array.*)
                0x080001a0                PROVIDE (__preinit_array_end, .)
                0x080001a0                . = ALIGN (0x4)
                0x080001a0                PROVIDE (__init_array_start, .)
 *(SORT(.init_array.*))
 *(.init_array)
                0x080001a0                PROVIDE (__init_array_end, .)
                0x080001a0                . = ALIGN (0x4)
                0x080001a0                PROVIDE (__fini_array_start, .)
 *(SORT(.fini_array.*))
 *(.fini_array)
                0x080001a0                PROVIDE (__fini_array_end, .)

.flashtext
 *(.flashtext .flashtext.*)

.text           0x080001a0     0x23c1
 *(.text .text.*)
 .text._ZN8BlinkLed7powerUpEv
                0x080001a0       0x40 ./src/BlinkLed.o
                0x080001a0                BlinkLed::powerUp()
 .text._ZN5Timer5sleepEm
                0x080001e0       0x14 ./src/Timer.o
                0x080001e0                Timer::sleep(unsigned long)
 .text.main     0x080001f4       0x98 ./src/main.o
                0x080001f4                main
 .text.__initialize_args
                0x0800028c       0x28 C:\Users\Jeff\Documents\svn\reclone-sdk.git\branches\develop\bsp\discovery_m6plus_bsp\Debug\libDiscovery_m6plus_BSP.a(_syscalls.o)
                0x0800028c                __initialize_args
 .text.trace_printf
                0x080002b4       0x44 C:\Users\Jeff\Documents\svn\reclone-sdk.git\branches\develop\bsp\discovery_m6plus_bsp\Debug\libDiscovery_m6plus_BSP.a(Trace.o)
                0x080002b4                trace_printf
 .text.trace_puts
                0x080002f8       0x30 C:\Users\Jeff\Documents\svn\reclone-sdk.git\branches\develop\bsp\discovery_m6plus_bsp\Debug\libDiscovery_m6plus_BSP.a(Trace.o)
                0x080002f8                trace_puts
 .text.trace_write
                0x08000328       0x1c C:\Users\Jeff\Documents\svn\reclone-sdk.git\branches\develop\bsp\discovery_m6plus_bsp\Debug\libDiscovery_m6plus_BSP.a(trace_impl.o)
                0x08000328                trace_write
 .text._trace_write_semihosting_debug
                0x08000344       0xa4 C:\Users\Jeff\Documents\svn\reclone-sdk.git\branches\develop\bsp\discovery_m6plus_bsp\Debug\libDiscovery_m6plus_BSP.a(trace_impl.o)
 .text.__initialize_hardware_early
                0x080003e8        0xc C:\Users\Jeff\Documents\svn\reclone-sdk.git\branches\develop\bsp\discovery_m6plus_bsp\Debug\libDiscovery_m6plus_BSP.a(_initialize_hardware.o)
                0x080003e8                __initialize_hardware_early
 .text.__initialize_hardware
                0x080003f4       0x18 C:\Users\Jeff\Documents\svn\reclone-sdk.git\branches\develop\bsp\discovery_m6plus_bsp\Debug\libDiscovery_m6plus_BSP.a(_initialize_hardware.o)
                0x080003f4                __initialize_hardware
 .text.configure_system_clock
                0x0800040c       0x98 C:\Users\Jeff\Documents\svn\reclone-sdk.git\branches\develop\bsp\discovery_m6plus_bsp\Debug\libDiscovery_m6plus_BSP.a(_initialize_hardware.o)
                0x0800040c                configure_system_clock
 .text.HAL_Init
                0x080004a4       0x44 C:\Users\Jeff\Documents\svn\reclone-sdk.git\branches\develop\bsp\discovery_m6plus_bsp\Debug\libDiscovery_m6plus_BSP.a(stm32f4xx_hal.o)
                0x080004a4                HAL_Init
 .text.HAL_MspInit
                0x080004e8        0xc C:\Users\Jeff\Documents\svn\reclone-sdk.git\branches\develop\bsp\discovery_m6plus_bsp\Debug\libDiscovery_m6plus_BSP.a(stm32f4xx_hal.o)
                0x080004e8                HAL_MspInit
 .text.HAL_InitTick
                0x080004f4       0x38 C:\Users\Jeff\Documents\svn\reclone-sdk.git\branches\develop\bsp\discovery_m6plus_bsp\Debug\libDiscovery_m6plus_BSP.a(stm32f4xx_hal.o)
                0x080004f4                HAL_InitTick
 .text.HAL_GetTick
                0x0800052c       0x18 C:\Users\Jeff\Documents\svn\reclone-sdk.git\branches\develop\bsp\discovery_m6plus_bsp\Debug\libDiscovery_m6plus_BSP.a(stm32f4xx_hal.o)
                0x0800052c                HAL_GetTick
 .text.HAL_SuspendTick
                0x08000544       0x1c C:\Users\Jeff\Documents\svn\reclone-sdk.git\branches\develop\bsp\discovery_m6plus_bsp\Debug\libDiscovery_m6plus_BSP.a(stm32f4xx_hal.o)
                0x08000544                HAL_SuspendTick
 .text.NVIC_SetPriorityGrouping
                0x08000560       0x48 C:\Users\Jeff\Documents\svn\reclone-sdk.git\branches\develop\bsp\discovery_m6plus_bsp\Debug\libDiscovery_m6plus_BSP.a(stm32f4xx_hal_cortex.o)
 .text.NVIC_GetPriorityGrouping
                0x080005a8       0x1c C:\Users\Jeff\Documents\svn\reclone-sdk.git\branches\develop\bsp\discovery_m6plus_bsp\Debug\libDiscovery_m6plus_BSP.a(stm32f4xx_hal_cortex.o)
 .text.NVIC_SetPriority
                0x080005c4       0x54 C:\Users\Jeff\Documents\svn\reclone-sdk.git\branches\develop\bsp\discovery_m6plus_bsp\Debug\libDiscovery_m6plus_BSP.a(stm32f4xx_hal_cortex.o)
 .text.NVIC_EncodePriority
                0x08000618       0x64 C:\Users\Jeff\Documents\svn\reclone-sdk.git\branches\develop\bsp\discovery_m6plus_bsp\Debug\libDiscovery_m6plus_BSP.a(stm32f4xx_hal_cortex.o)
 .text.SysTick_Config
                0x0800067c       0x44 C:\Users\Jeff\Documents\svn\reclone-sdk.git\branches\develop\bsp\discovery_m6plus_bsp\Debug\libDiscovery_m6plus_BSP.a(stm32f4xx_hal_cortex.o)
 .text.HAL_NVIC_SetPriorityGrouping
                0x080006c0       0x40 C:\Users\Jeff\Documents\svn\reclone-sdk.git\branches\develop\bsp\discovery_m6plus_bsp\Debug\libDiscovery_m6plus_BSP.a(stm32f4xx_hal_cortex.o)
                0x080006c0                HAL_NVIC_SetPriorityGrouping
 .text.HAL_NVIC_SetPriority
                0x08000700       0x58 C:\Users\Jeff\Documents\svn\reclone-sdk.git\branches\develop\bsp\discovery_m6plus_bsp\Debug\libDiscovery_m6plus_BSP.a(stm32f4xx_hal_cortex.o)
                0x08000700                HAL_NVIC_SetPriority
 .text.HAL_SYSTICK_Config
                0x08000758       0x18 C:\Users\Jeff\Documents\svn\reclone-sdk.git\branches\develop\bsp\discovery_m6plus_bsp\Debug\libDiscovery_m6plus_BSP.a(stm32f4xx_hal_cortex.o)
                0x08000758                HAL_SYSTICK_Config
 .text.HAL_GPIO_Init
                0x08000770      0x5d4 C:\Users\Jeff\Documents\svn\reclone-sdk.git\branches\develop\bsp\discovery_m6plus_bsp\Debug\libDiscovery_m6plus_BSP.a(stm32f4xx_hal_gpio.o)
                0x08000770                HAL_GPIO_Init
 .text.HAL_GPIO_WritePin
                0x08000d44       0x58 C:\Users\Jeff\Documents\svn\reclone-sdk.git\branches\develop\bsp\discovery_m6plus_bsp\Debug\libDiscovery_m6plus_BSP.a(stm32f4xx_hal_gpio.o)
                0x08000d44                HAL_GPIO_WritePin
 .text.HAL_RCC_OscConfig
                0x08000d9c      0x5f0 C:\Users\Jeff\Documents\svn\reclone-sdk.git\branches\develop\bsp\discovery_m6plus_bsp\Debug\libDiscovery_m6plus_BSP.a(stm32f4xx_hal_rcc.o)
                0x08000d9c                HAL_RCC_OscConfig
 .text.HAL_RCC_ClockConfig
                0x0800138c      0x4e4 C:\Users\Jeff\Documents\svn\reclone-sdk.git\branches\develop\bsp\discovery_m6plus_bsp\Debug\libDiscovery_m6plus_BSP.a(stm32f4xx_hal_rcc.o)
                0x0800138c                HAL_RCC_ClockConfig
 .text.HAL_RCC_GetSysClockFreq
                0x08001870       0xfc C:\Users\Jeff\Documents\svn\reclone-sdk.git\branches\develop\bsp\discovery_m6plus_bsp\Debug\libDiscovery_m6plus_BSP.a(stm32f4xx_hal_rcc.o)
                0x08001870                HAL_RCC_GetSysClockFreq
 .text.HAL_RCC_GetHCLKFreq
                0x0800196c       0x4c C:\Users\Jeff\Documents\svn\reclone-sdk.git\branches\develop\bsp\discovery_m6plus_bsp\Debug\libDiscovery_m6plus_BSP.a(stm32f4xx_hal_rcc.o)
                0x0800196c                HAL_RCC_GetHCLKFreq
 .text.SystemInit
                0x080019b8       0x5c C:\Users\Jeff\Documents\svn\reclone-sdk.git\branches\develop\bsp\discovery_m6plus_bsp\Debug\libDiscovery_m6plus_BSP.a(system_stm32f4xx.o)
                0x080019b8                SystemInit
 .text._exit    0x08001a14        0xc C:\Users\Jeff\Documents\svn\reclone-sdk.git\branches\develop\bsp\discovery_m6plus_bsp\Debug\libDiscovery_m6plus_BSP.a(_exit.o)
                0x08001a14                _exit
 .text.abort    0x08001a20       0x14 C:\Users\Jeff\Documents\svn\reclone-sdk.git\branches\develop\bsp\discovery_m6plus_bsp\Debug\libDiscovery_m6plus_BSP.a(_exit.o)
                0x08001a20                abort
 .text.assert_failed
                0x08001a34       0x1c C:\Users\Jeff\Documents\svn\reclone-sdk.git\branches\develop\bsp\discovery_m6plus_bsp\Debug\libDiscovery_m6plus_BSP.a(assert.o)
                0x08001a34                assert_failed
 .text.strlen   0x08001a50       0x10 c:/program files (x86)/gnu tools arm embedded/4.8 2014q2/bin/../lib/gcc/arm-none-eabi/4.8.4/../../../../arm-none-eabi/lib/armv7e-m\libg_s.a(lib_a-strlen.o)
                0x08001a50                strlen
 .text._vsnprintf_r
                0x08001a60       0x52 c:/program files (x86)/gnu tools arm embedded/4.8 2014q2/bin/../lib/gcc/arm-none-eabi/4.8.4/../../../../arm-none-eabi/lib/armv7e-m\libg_s.a(lib_a-vsnprintf.o)
                0x08001a60                _vsniprintf_r
                0x08001a60                _vsnprintf_r
 *fill*         0x08001ab2        0x2 
 .text.vsnprintf
                0x08001ab4       0x20 c:/program files (x86)/gnu tools arm embedded/4.8 2014q2/bin/../lib/gcc/arm-none-eabi/4.8.4/../../../../arm-none-eabi/lib/armv7e-m\libg_s.a(lib_a-vsnprintf.o)
                0x08001ab4                vsniprintf
                0x08001ab4                vsnprintf
 .text.__ssputs_r
                0x08001ad4       0xb8 c:/program files (x86)/gnu tools arm embedded/4.8 2014q2/bin/../lib/gcc/arm-none-eabi/4.8.4/../../../../arm-none-eabi/lib/armv7e-m\libg_s.a(lib_a-svfprintf.o)
                0x08001ad4                __ssputs_r
 .text._svfprintf_r
                0x08001b8c      0x1dc c:/program files (x86)/gnu tools arm embedded/4.8 2014q2/bin/../lib/gcc/arm-none-eabi/4.8.4/../../../../arm-none-eabi/lib/armv7e-m\libg_s.a(lib_a-svfprintf.o)
                0x08001b8c                _svfiprintf_r
                0x08001b8c                _svfprintf_r
 .text._printf_common
                0x08001d68       0xe4 c:/program files (x86)/gnu tools arm embedded/4.8 2014q2/bin/../lib/gcc/arm-none-eabi/4.8.4/../../../../arm-none-eabi/lib/armv7e-m\libg_s.a(lib_a-vfprintf_i.o)
                0x08001d68                _printf_common
 .text._printf_i
                0x08001e4c      0x228 c:/program files (x86)/gnu tools arm embedded/4.8 2014q2/bin/../lib/gcc/arm-none-eabi/4.8.4/../../../../arm-none-eabi/lib/armv7e-m\libg_s.a(lib_a-vfprintf_i.o)
                0x08001e4c                _printf_i
 .text.memchr   0x08002074       0x1e c:/program files (x86)/gnu tools arm embedded/4.8 2014q2/bin/../lib/gcc/arm-none-eabi/4.8.4/../../../../arm-none-eabi/lib/armv7e-m\libg_s.a(lib_a-memchr-stub.o)
                0x08002074                memchr
 .text.memcpy   0x08002092       0x12 c:/program files (x86)/gnu tools arm embedded/4.8 2014q2/bin/../lib/gcc/arm-none-eabi/4.8.4/../../../../arm-none-eabi/lib/armv7e-m\libg_s.a(lib_a-memcpy-stub.o)
                0x08002092                memcpy
 .text.memmove  0x080020a4       0x36 c:/program files (x86)/gnu tools arm embedded/4.8 2014q2/bin/../lib/gcc/arm-none-eabi/4.8.4/../../../../arm-none-eabi/lib/armv7e-m\libg_s.a(lib_a-memmove.o)
                0x080020a4                memmove
 *fill*         0x080020da        0x2 
 .text._free_r  0x080020dc       0x88 c:/program files (x86)/gnu tools arm embedded/4.8 2014q2/bin/../lib/gcc/arm-none-eabi/4.8.4/../../../../arm-none-eabi/lib/armv7e-m\libg_s.a(lib_a-nano-freer.o)
                0x080020dc                _free_r
 .text._malloc_r
                0x08002164       0xa8 c:/program files (x86)/gnu tools arm embedded/4.8 2014q2/bin/../lib/gcc/arm-none-eabi/4.8.4/../../../../arm-none-eabi/lib/armv7e-m\libg_s.a(lib_a-nano-mallocr.o)
                0x08002164                _malloc_r
 .text._realloc_r
                0x0800220c       0x4c c:/program files (x86)/gnu tools arm embedded/4.8 2014q2/bin/../lib/gcc/arm-none-eabi/4.8.4/../../../../arm-none-eabi/lib/armv7e-m\libg_s.a(lib_a-nano-reallocr.o)
                0x0800220c                _realloc_r
 .text._sbrk_r  0x08002258       0x20 c:/program files (x86)/gnu tools arm embedded/4.8 2014q2/bin/../lib/gcc/arm-none-eabi/4.8.4/../../../../arm-none-eabi/lib/armv7e-m\libg_s.a(lib_a-sbrkr.o)
                0x08002258                _sbrk_r
 .text._malloc_usable_size_r
                0x08002278       0x12 c:/program files (x86)/gnu tools arm embedded/4.8 2014q2/bin/../lib/gcc/arm-none-eabi/4.8.4/../../../../arm-none-eabi/lib/armv7e-m\libg_s.a(lib_a-nano-msizer.o)
                0x08002278                _malloc_usable_size_r
 *(.rodata .rodata.* .constdata .constdata.*)
 *fill*         0x0800228a        0x2 
 .rodata.str1.4
                0x0800228c       0x34 ./src/main.o
 .rodata        0x080022c0       0x30 C:\Users\Jeff\Documents\svn\reclone-sdk.git\branches\develop\bsp\discovery_m6plus_bsp\Debug\libDiscovery_m6plus_BSP.a(Trace.o)
 .rodata        0x080022f0       0x90 C:\Users\Jeff\Documents\svn\reclone-sdk.git\branches\develop\bsp\discovery_m6plus_bsp\Debug\libDiscovery_m6plus_BSP.a(stm32f4xx_hal_cortex.o)
 .rodata        0x08002380       0x8c C:\Users\Jeff\Documents\svn\reclone-sdk.git\branches\develop\bsp\discovery_m6plus_bsp\Debug\libDiscovery_m6plus_BSP.a(stm32f4xx_hal_gpio.o)
 .rodata.APBAHBPrescTable
                0x0800240c       0x10 C:\Users\Jeff\Documents\svn\reclone-sdk.git\branches\develop\bsp\discovery_m6plus_bsp\Debug\libDiscovery_m6plus_BSP.a(stm32f4xx_hal_rcc.o)
                0x0800240c                APBAHBPrescTable
 .rodata        0x0800241c       0x8c C:\Users\Jeff\Documents\svn\reclone-sdk.git\branches\develop\bsp\discovery_m6plus_bsp\Debug\libDiscovery_m6plus_BSP.a(stm32f4xx_hal_rcc.o)
 .rodata        0x080024a8       0x14 C:\Users\Jeff\Documents\svn\reclone-sdk.git\branches\develop\bsp\discovery_m6plus_bsp\Debug\libDiscovery_m6plus_BSP.a(_exit.o)
 .rodata        0x080024bc       0x70 C:\Users\Jeff\Documents\svn\reclone-sdk.git\branches\develop\bsp\discovery_m6plus_bsp\Debug\libDiscovery_m6plus_BSP.a(assert.o)
 .rodata.str1.1
                0x0800252c        0x2 c:/program files (x86)/gnu tools arm embedded/4.8 2014q2/bin/../lib/gcc/arm-none-eabi/4.8.4/../../../../arm-none-eabi/lib/armv7e-m\libg_s.a(lib_a-impure.o)
 .rodata.str1.1
                0x0800252e       0x11 c:/program files (x86)/gnu tools arm embedded/4.8 2014q2/bin/../lib/gcc/arm-none-eabi/4.8.4/../../../../arm-none-eabi/lib/armv7e-m\libg_s.a(lib_a-svfprintf.o)
 .rodata.str1.1
                0x0800253f       0x22 c:/program files (x86)/gnu tools arm embedded/4.8 2014q2/bin/../lib/gcc/arm-none-eabi/4.8.4/../../../../arm-none-eabi/lib/armv7e-m\libg_s.a(lib_a-vfprintf_i.o)
 *(vtable)
 *(.eh_frame*)
 *(.glue_7)
 .glue_7        0x00000000        0x0 linker stubs
 *(.glue_7t)
 .glue_7t       0x00000000        0x0 linker stubs

.vfp11_veneer   0x08002564        0x0
 .vfp11_veneer  0x00000000        0x0 linker stubs

.v4_bx          0x08002564        0x0
 .v4_bx         0x00000000        0x0 linker stubs

.iplt           0x08002564        0x0
 .iplt          0x00000000        0x0 ./src/BlinkLed.o

.rel.dyn        0x08002564        0x0
 .rel.iplt      0x00000000        0x0 ./src/BlinkLed.o

.ARM.extab
 *(.ARM.extab* .gnu.linkonce.armextab.*)
                0x08002564                . = ALIGN (0x4)
                0x08002564                __exidx_start = .

.ARM.exidx
 *(.ARM.exidx* .gnu.linkonce.armexidx.*)
                0x08002564                __exidx_end = .
                0x08002564                . = ALIGN (0x4)
                0x08002564                _etext = .
                0x08002564                __etext = .

.data_CCMRAM    0x10000000        0x0 load address 0x08002564
 FILL mask 0xff
 *(.data.CCMRAM .data.CCMRAM.*)
                0x10000000                . = ALIGN (0x4)
                0x08002564                _sidata = LOADADDR (.data)

.data           0x20000000       0x78 load address 0x08002564
 FILL mask 0xff
                0x20000000                _sdata = .
                0x20000000                __data_start__ = .
 *(.data_begin .data_begin.*)
 .data_begin    0x20000000        0x4 C:\Users\Jeff\Documents\svn\reclone-sdk.git\branches\develop\bsp\discovery_m6plus_bsp\Debug\libDiscovery_m6plus_BSP.a(_startup.o)
 *(.data .data.*)
 .data.argv.4461
                0x20000004        0x8 C:\Users\Jeff\Documents\svn\reclone-sdk.git\branches\develop\bsp\discovery_m6plus_bsp\Debug\libDiscovery_m6plus_BSP.a(_syscalls.o)
 .data.SystemCoreClock
                0x2000000c        0x4 C:\Users\Jeff\Documents\svn\reclone-sdk.git\branches\develop\bsp\discovery_m6plus_bsp\Debug\libDiscovery_m6plus_BSP.a(system_stm32f4xx.o)
                0x2000000c                SystemCoreClock
 .data.impure_data
                0x20000010       0x60 c:/program files (x86)/gnu tools arm embedded/4.8 2014q2/bin/../lib/gcc/arm-none-eabi/4.8.4/../../../../arm-none-eabi/lib/armv7e-m\libg_s.a(lib_a-impure.o)
 .data._impure_ptr
                0x20000070        0x4 c:/program files (x86)/gnu tools arm embedded/4.8 2014q2/bin/../lib/gcc/arm-none-eabi/4.8.4/../../../../arm-none-eabi/lib/armv7e-m\libg_s.a(lib_a-impure.o)
                0x20000070                _impure_ptr
 *(.data_end .data_end.*)
 .data_end      0x20000074        0x4 C:\Users\Jeff\Documents\svn\reclone-sdk.git\branches\develop\bsp\discovery_m6plus_bsp\Debug\libDiscovery_m6plus_BSP.a(_startup.o)
                0x20000078                . = ALIGN (0x4)
                0x20000078                _edata = .
                0x20000078                __data_end__ = .

.igot.plt       0x20000078        0x0 load address 0x080025dc
 .igot.plt      0x00000000        0x0 ./src/BlinkLed.o

.bss_CCMRAM     0x10000000        0x0
 *(.bss.CCMRAM .bss.CCMRAM.*)

.bss            0x20000078       0xa0
                0x20000078                __bss_start__ = .
                0x20000078                _sbss = .
 *(.bss_begin .bss_begin.*)
 .bss_begin     0x20000078        0x4 C:\Users\Jeff\Documents\svn\reclone-sdk.git\branches\develop\bsp\discovery_m6plus_bsp\Debug\libDiscovery_m6plus_BSP.a(_startup.o)
 *(.bss .bss.*)
 .bss._ZN5Timer13ms_delayCountE
                0x2000007c        0x4 ./src/Timer.o
                0x2000007c                Timer::ms_delayCount
 .bss.name.4460
                0x20000080        0x4 C:\Users\Jeff\Documents\svn\reclone-sdk.git\branches\develop\bsp\discovery_m6plus_bsp\Debug\libDiscovery_m6plus_BSP.a(_syscalls.o)
 .bss.buf.5352  0x20000084       0x80 C:\Users\Jeff\Documents\svn\reclone-sdk.git\branches\develop\bsp\discovery_m6plus_bsp\Debug\libDiscovery_m6plus_BSP.a(Trace.o)
 .bss.uwTick    0x20000104        0x4 C:\Users\Jeff\Documents\svn\reclone-sdk.git\branches\develop\bsp\discovery_m6plus_bsp\Debug\libDiscovery_m6plus_BSP.a(stm32f4xx_hal.o)
 .bss.__malloc_sbrk_start
                0x20000108        0x4 c:/program files (x86)/gnu tools arm embedded/4.8 2014q2/bin/../lib/gcc/arm-none-eabi/4.8.4/../../../../arm-none-eabi/lib/armv7e-m\libg_s.a(lib_a-nano-mallocr.o)
                0x20000108                __malloc_sbrk_start
 .bss.__malloc_free_list
                0x2000010c        0x4 c:/program files (x86)/gnu tools arm embedded/4.8 2014q2/bin/../lib/gcc/arm-none-eabi/4.8.4/../../../../arm-none-eabi/lib/armv7e-m\libg_s.a(lib_a-nano-mallocr.o)
                0x2000010c                __malloc_free_list
 *(COMMON)
 COMMON         0x20000110        0x4 C:\Users\Jeff\Documents\svn\reclone-sdk.git\branches\develop\bsp\discovery_m6plus_bsp\Debug\libDiscovery_m6plus_BSP.a(_syscalls.o)
                0x20000110                errno
 *(.bss_end .bss_end.*)
 .bss_end       0x20000114        0x4 C:\Users\Jeff\Documents\svn\reclone-sdk.git\branches\develop\bsp\discovery_m6plus_bsp\Debug\libDiscovery_m6plus_BSP.a(_startup.o)
                0x20000118                . = ALIGN (0x4)
                0x20000118                __bss_end__ = .
                0x20000118                _ebss = .

.noinit_CCMRAM
 *(.noinit.CCMRAM .noinit.CCMRAM.*)

.noinit         0x20000118        0x0
                0x20000118                _noinit = .
 *(.noinit .noinit.*)
                0x20000118                . = ALIGN (0x4)
                0x20000118                _end_noinit = .
                0x20000118                PROVIDE (end, _end_noinit)
                0x20000118                PROVIDE (_end, _end_noinit)
                0x20000118                PROVIDE (__end, _end_noinit)
                0x20000118                PROVIDE (__end__, _end_noinit)

._check_stack   0x20000118      0x100
                0x20000218                . = (. + _Minimum_Stack_Size)
 *fill*         0x20000118      0x100 

.b1text
 *(.b1text)
 *(.b1rodata)
 *(.b1rodata.*)

.eb0text
 *(.eb0text)
 *(.eb0rodata)
 *(.eb0rodata.*)

.eb1text
 *(.eb1text)
 *(.eb1rodata)
 *(.eb1rodata.*)

.eb2text
 *(.eb2text)
 *(.eb2rodata)
 *(.eb2rodata.*)

.eb3text
 *(.eb3text)
 *(.eb3rodata)
 *(.eb3rodata.*)

.stab
 *(.stab)

.stabstr
 *(.stabstr)

.stab.excl
 *(.stab.excl)

.stab.exclstr
 *(.stab.exclstr)

.stab.index
 *(.stab.index)

.stab.indexstr
 *(.stab.indexstr)

.comment        0x00000000       0x70
 *(.comment)
 .comment       0x00000000       0x70 ./src/BlinkLed.o
                                 0x71 (size before relaxing)
 .comment       0x00000000       0x71 ./src/Timer.o
 .comment       0x00000000       0x71 ./src/main.o
 .comment       0x00000000       0x71 C:\Users\Jeff\Documents\svn\reclone-sdk.git\branches\develop\bsp\discovery_m6plus_bsp\Debug\libDiscovery_m6plus_BSP.a(_startup.o)
 .comment       0x00000000       0x71 C:\Users\Jeff\Documents\svn\reclone-sdk.git\branches\develop\bsp\discovery_m6plus_bsp\Debug\libDiscovery_m6plus_BSP.a(_syscalls.o)
 .comment       0x00000000       0x71 C:\Users\Jeff\Documents\svn\reclone-sdk.git\branches\develop\bsp\discovery_m6plus_bsp\Debug\libDiscovery_m6plus_BSP.a(Trace.o)
 .comment       0x00000000       0x71 C:\Users\Jeff\Documents\svn\reclone-sdk.git\branches\develop\bsp\discovery_m6plus_bsp\Debug\libDiscovery_m6plus_BSP.a(trace_impl.o)
 .comment       0x00000000       0x71 C:\Users\Jeff\Documents\svn\reclone-sdk.git\branches\develop\bsp\discovery_m6plus_bsp\Debug\libDiscovery_m6plus_BSP.a(_initialize_hardware.o)
 .comment       0x00000000       0x71 C:\Users\Jeff\Documents\svn\reclone-sdk.git\branches\develop\bsp\discovery_m6plus_bsp\Debug\libDiscovery_m6plus_BSP.a(stm32f4xx_hal.o)
 .comment       0x00000000       0x71 C:\Users\Jeff\Documents\svn\reclone-sdk.git\branches\develop\bsp\discovery_m6plus_bsp\Debug\libDiscovery_m6plus_BSP.a(stm32f4xx_hal_cortex.o)
 .comment       0x00000000       0x71 C:\Users\Jeff\Documents\svn\reclone-sdk.git\branches\develop\bsp\discovery_m6plus_bsp\Debug\libDiscovery_m6plus_BSP.a(stm32f4xx_hal_gpio.o)
 .comment       0x00000000       0x71 C:\Users\Jeff\Documents\svn\reclone-sdk.git\branches\develop\bsp\discovery_m6plus_bsp\Debug\libDiscovery_m6plus_BSP.a(stm32f4xx_hal_rcc.o)
 .comment       0x00000000       0x71 C:\Users\Jeff\Documents\svn\reclone-sdk.git\branches\develop\bsp\discovery_m6plus_bsp\Debug\libDiscovery_m6plus_BSP.a(system_stm32f4xx.o)
 .comment       0x00000000       0x71 C:\Users\Jeff\Documents\svn\reclone-sdk.git\branches\develop\bsp\discovery_m6plus_bsp\Debug\libDiscovery_m6plus_BSP.a(_exit.o)
 .comment       0x00000000       0x71 C:\Users\Jeff\Documents\svn\reclone-sdk.git\branches\develop\bsp\discovery_m6plus_bsp\Debug\libDiscovery_m6plus_BSP.a(assert.o)

.ARM.attributes
                0x00000000       0x33
 .ARM.attributes
                0x00000000       0x33 ./src/BlinkLed.o
 .ARM.attributes
                0x00000033       0x33 ./src/Timer.o
 .ARM.attributes
                0x00000066       0x33 ./src/main.o
 .ARM.attributes
                0x00000099       0x33 C:\Users\Jeff\Documents\svn\reclone-sdk.git\branches\develop\bsp\discovery_m6plus_bsp\Debug\libDiscovery_m6plus_BSP.a(_startup.o)
 .ARM.attributes
                0x000000cc       0x33 C:\Users\Jeff\Documents\svn\reclone-sdk.git\branches\develop\bsp\discovery_m6plus_bsp\Debug\libDiscovery_m6plus_BSP.a(_syscalls.o)
 .ARM.attributes
                0x000000ff       0x33 C:\Users\Jeff\Documents\svn\reclone-sdk.git\branches\develop\bsp\discovery_m6plus_bsp\Debug\libDiscovery_m6plus_BSP.a(Trace.o)
 .ARM.attributes
                0x00000132       0x33 C:\Users\Jeff\Documents\svn\reclone-sdk.git\branches\develop\bsp\discovery_m6plus_bsp\Debug\libDiscovery_m6plus_BSP.a(trace_impl.o)
 .ARM.attributes
                0x00000165       0x33 C:\Users\Jeff\Documents\svn\reclone-sdk.git\branches\develop\bsp\discovery_m6plus_bsp\Debug\libDiscovery_m6plus_BSP.a(_initialize_hardware.o)
 .ARM.attributes
                0x00000198       0x33 C:\Users\Jeff\Documents\svn\reclone-sdk.git\branches\develop\bsp\discovery_m6plus_bsp\Debug\libDiscovery_m6plus_BSP.a(stm32f4xx_hal.o)
 .ARM.attributes
                0x000001cb       0x33 C:\Users\Jeff\Documents\svn\reclone-sdk.git\branches\develop\bsp\discovery_m6plus_bsp\Debug\libDiscovery_m6plus_BSP.a(stm32f4xx_hal_cortex.o)
 .ARM.attributes
                0x000001fe       0x33 C:\Users\Jeff\Documents\svn\reclone-sdk.git\branches\develop\bsp\discovery_m6plus_bsp\Debug\libDiscovery_m6plus_BSP.a(stm32f4xx_hal_gpio.o)
 .ARM.attributes
                0x00000231       0x33 C:\Users\Jeff\Documents\svn\reclone-sdk.git\branches\develop\bsp\discovery_m6plus_bsp\Debug\libDiscovery_m6plus_BSP.a(stm32f4xx_hal_rcc.o)
 .ARM.attributes
                0x00000264       0x33 C:\Users\Jeff\Documents\svn\reclone-sdk.git\branches\develop\bsp\discovery_m6plus_bsp\Debug\libDiscovery_m6plus_BSP.a(system_stm32f4xx.o)
 .ARM.attributes
                0x00000297       0x33 C:\Users\Jeff\Documents\svn\reclone-sdk.git\branches\develop\bsp\discovery_m6plus_bsp\Debug\libDiscovery_m6plus_BSP.a(_exit.o)
 .ARM.attributes
                0x000002ca       0x33 C:\Users\Jeff\Documents\svn\reclone-sdk.git\branches\develop\bsp\discovery_m6plus_bsp\Debug\libDiscovery_m6plus_BSP.a(assert.o)
 .ARM.attributes
                0x000002fd       0x2e c:/program files (x86)/gnu tools arm embedded/4.8 2014q2/bin/../lib/gcc/arm-none-eabi/4.8.4/../../../../arm-none-eabi/lib/armv7e-m\libg_s.a(lib_a-impure.o)
 .ARM.attributes
                0x0000032b       0x2e c:/program files (x86)/gnu tools arm embedded/4.8 2014q2/bin/../lib/gcc/arm-none-eabi/4.8.4/../../../../arm-none-eabi/lib/armv7e-m\libg_s.a(lib_a-strlen.o)
 .ARM.attributes
                0x00000359       0x2e c:/program files (x86)/gnu tools arm embedded/4.8 2014q2/bin/../lib/gcc/arm-none-eabi/4.8.4/../../../../arm-none-eabi/lib/armv7e-m\libg_s.a(lib_a-vsnprintf.o)
 .ARM.attributes
                0x00000387       0x2e c:/program files (x86)/gnu tools arm embedded/4.8 2014q2/bin/../lib/gcc/arm-none-eabi/4.8.4/../../../../arm-none-eabi/lib/armv7e-m\libg_s.a(lib_a-svfprintf.o)
 .ARM.attributes
                0x000003b5       0x2e c:/program files (x86)/gnu tools arm embedded/4.8 2014q2/bin/../lib/gcc/arm-none-eabi/4.8.4/../../../../arm-none-eabi/lib/armv7e-m\libg_s.a(lib_a-vfprintf_i.o)
 .ARM.attributes
                0x000003e3       0x2e c:/program files (x86)/gnu tools arm embedded/4.8 2014q2/bin/../lib/gcc/arm-none-eabi/4.8.4/../../../../arm-none-eabi/lib/armv7e-m\libg_s.a(lib_a-memchr-stub.o)
 .ARM.attributes
                0x00000411       0x2e c:/program files (x86)/gnu tools arm embedded/4.8 2014q2/bin/../lib/gcc/arm-none-eabi/4.8.4/../../../../arm-none-eabi/lib/armv7e-m\libg_s.a(lib_a-memcpy-stub.o)
 .ARM.attributes
                0x0000043f       0x2e c:/program files (x86)/gnu tools arm embedded/4.8 2014q2/bin/../lib/gcc/arm-none-eabi/4.8.4/../../../../arm-none-eabi/lib/armv7e-m\libg_s.a(lib_a-memmove.o)
 .ARM.attributes
                0x0000046d       0x2e c:/program files (x86)/gnu tools arm embedded/4.8 2014q2/bin/../lib/gcc/arm-none-eabi/4.8.4/../../../../arm-none-eabi/lib/armv7e-m\libg_s.a(lib_a-nano-freer.o)
 .ARM.attributes
                0x0000049b       0x2e c:/program files (x86)/gnu tools arm embedded/4.8 2014q2/bin/../lib/gcc/arm-none-eabi/4.8.4/../../../../arm-none-eabi/lib/armv7e-m\libg_s.a(lib_a-nano-mallocr.o)
 .ARM.attributes
                0x000004c9       0x2e c:/program files (x86)/gnu tools arm embedded/4.8 2014q2/bin/../lib/gcc/arm-none-eabi/4.8.4/../../../../arm-none-eabi/lib/armv7e-m\libg_s.a(lib_a-nano-reallocr.o)
 .ARM.attributes
                0x000004f7       0x2e c:/program files (x86)/gnu tools arm embedded/4.8 2014q2/bin/../lib/gcc/arm-none-eabi/4.8.4/../../../../arm-none-eabi/lib/armv7e-m\libg_s.a(lib_a-sbrkr.o)
 .ARM.attributes
                0x00000525       0x2e c:/program files (x86)/gnu tools arm embedded/4.8 2014q2/bin/../lib/gcc/arm-none-eabi/4.8.4/../../../../arm-none-eabi/lib/armv7e-m\libg_s.a(lib_a-nano-msizer.o)

.debug
 *(.debug)

.line
 *(.line)

.debug_srcinfo
 *(.debug_srcinfo)

.debug_sfnames
 *(.debug_sfnames)

.debug_aranges  0x00000000      0x530
 *(.debug_aranges)
 .debug_aranges
                0x00000000       0x20 ./src/BlinkLed.o
 .debug_aranges
                0x00000020       0x28 ./src/Timer.o
 .debug_aranges
                0x00000048       0x20 ./src/main.o
 .debug_aranges
                0x00000068       0x40 C:\Users\Jeff\Documents\svn\reclone-sdk.git\branches\develop\bsp\discovery_m6plus_bsp\Debug\libDiscovery_m6plus_BSP.a(_startup.o)
 .debug_aranges
                0x000000a8       0xd0 C:\Users\Jeff\Documents\svn\reclone-sdk.git\branches\develop\bsp\discovery_m6plus_bsp\Debug\libDiscovery_m6plus_BSP.a(_syscalls.o)
 .debug_aranges
                0x00000178       0x38 C:\Users\Jeff\Documents\svn\reclone-sdk.git\branches\develop\bsp\discovery_m6plus_bsp\Debug\libDiscovery_m6plus_BSP.a(Trace.o)
 .debug_aranges
                0x000001b0       0x30 C:\Users\Jeff\Documents\svn\reclone-sdk.git\branches\develop\bsp\discovery_m6plus_bsp\Debug\libDiscovery_m6plus_BSP.a(trace_impl.o)
 .debug_aranges
                0x000001e0       0x30 C:\Users\Jeff\Documents\svn\reclone-sdk.git\branches\develop\bsp\discovery_m6plus_bsp\Debug\libDiscovery_m6plus_BSP.a(_initialize_hardware.o)
 .debug_aranges
                0x00000210       0xc0 C:\Users\Jeff\Documents\svn\reclone-sdk.git\branches\develop\bsp\discovery_m6plus_bsp\Debug\libDiscovery_m6plus_BSP.a(stm32f4xx_hal.o)
 .debug_aranges
                0x000002d0      0x108 C:\Users\Jeff\Documents\svn\reclone-sdk.git\branches\develop\bsp\discovery_m6plus_bsp\Debug\libDiscovery_m6plus_BSP.a(stm32f4xx_hal_cortex.o)
 .debug_aranges
                0x000003d8       0x58 C:\Users\Jeff\Documents\svn\reclone-sdk.git\branches\develop\bsp\discovery_m6plus_bsp\Debug\libDiscovery_m6plus_BSP.a(stm32f4xx_hal_gpio.o)
 .debug_aranges
                0x00000430       0x88 C:\Users\Jeff\Documents\svn\reclone-sdk.git\branches\develop\bsp\discovery_m6plus_bsp\Debug\libDiscovery_m6plus_BSP.a(stm32f4xx_hal_rcc.o)
 .debug_aranges
                0x000004b8       0x28 C:\Users\Jeff\Documents\svn\reclone-sdk.git\branches\develop\bsp\discovery_m6plus_bsp\Debug\libDiscovery_m6plus_BSP.a(system_stm32f4xx.o)
 .debug_aranges
                0x000004e0       0x28 C:\Users\Jeff\Documents\svn\reclone-sdk.git\branches\develop\bsp\discovery_m6plus_bsp\Debug\libDiscovery_m6plus_BSP.a(_exit.o)
 .debug_aranges
                0x00000508       0x28 C:\Users\Jeff\Documents\svn\reclone-sdk.git\branches\develop\bsp\discovery_m6plus_bsp\Debug\libDiscovery_m6plus_BSP.a(assert.o)

.debug_pubnames
 *(.debug_pubnames)

.debug_info     0x00000000     0x5482
 *(.debug_info .gnu.linkonce.wi.*)
 .debug_info    0x00000000      0x4db ./src/BlinkLed.o
 .debug_info    0x000004db      0x1b3 ./src/Timer.o
 .debug_info    0x0000068e      0xacc ./src/main.o
 .debug_info    0x0000115a      0x3e0 C:\Users\Jeff\Documents\svn\reclone-sdk.git\branches\develop\bsp\discovery_m6plus_bsp\Debug\libDiscovery_m6plus_BSP.a(_startup.o)
 .debug_info    0x0000153a      0x7f1 C:\Users\Jeff\Documents\svn\reclone-sdk.git\branches\develop\bsp\discovery_m6plus_bsp\Debug\libDiscovery_m6plus_BSP.a(_syscalls.o)
 .debug_info    0x00001d2b      0x1cf C:\Users\Jeff\Documents\svn\reclone-sdk.git\branches\develop\bsp\discovery_m6plus_bsp\Debug\libDiscovery_m6plus_BSP.a(Trace.o)
 .debug_info    0x00001efa      0x2f9 C:\Users\Jeff\Documents\svn\reclone-sdk.git\branches\develop\bsp\discovery_m6plus_bsp\Debug\libDiscovery_m6plus_BSP.a(trace_impl.o)
 .debug_info    0x000021f3      0x456 C:\Users\Jeff\Documents\svn\reclone-sdk.git\branches\develop\bsp\discovery_m6plus_bsp\Debug\libDiscovery_m6plus_BSP.a(_initialize_hardware.o)
 .debug_info    0x00002649      0x84e C:\Users\Jeff\Documents\svn\reclone-sdk.git\branches\develop\bsp\discovery_m6plus_bsp\Debug\libDiscovery_m6plus_BSP.a(stm32f4xx_hal.o)
 .debug_info    0x00002e97      0xd25 C:\Users\Jeff\Documents\svn\reclone-sdk.git\branches\develop\bsp\discovery_m6plus_bsp\Debug\libDiscovery_m6plus_BSP.a(stm32f4xx_hal_cortex.o)
 .debug_info    0x00003bbc      0x703 C:\Users\Jeff\Documents\svn\reclone-sdk.git\branches\develop\bsp\discovery_m6plus_bsp\Debug\libDiscovery_m6plus_BSP.a(stm32f4xx_hal_gpio.o)
 .debug_info    0x000042bf      0xb1c C:\Users\Jeff\Documents\svn\reclone-sdk.git\branches\develop\bsp\discovery_m6plus_bsp\Debug\libDiscovery_m6plus_BSP.a(stm32f4xx_hal_rcc.o)
 .debug_info    0x00004ddb      0x4ab C:\Users\Jeff\Documents\svn\reclone-sdk.git\branches\develop\bsp\discovery_m6plus_bsp\Debug\libDiscovery_m6plus_BSP.a(system_stm32f4xx.o)
 .debug_info    0x00005286       0xba C:\Users\Jeff\Documents\svn\reclone-sdk.git\branches\develop\bsp\discovery_m6plus_bsp\Debug\libDiscovery_m6plus_BSP.a(_exit.o)
 .debug_info    0x00005340      0x142 C:\Users\Jeff\Documents\svn\reclone-sdk.git\branches\develop\bsp\discovery_m6plus_bsp\Debug\libDiscovery_m6plus_BSP.a(assert.o)

.debug_abbrev   0x00000000     0x17d1
 *(.debug_abbrev)
 .debug_abbrev  0x00000000      0x1f3 ./src/BlinkLed.o
 .debug_abbrev  0x000001f3      0x188 ./src/Timer.o
 .debug_abbrev  0x0000037b      0x340 ./src/main.o
 .debug_abbrev  0x000006bb      0x152 C:\Users\Jeff\Documents\svn\reclone-sdk.git\branches\develop\bsp\discovery_m6plus_bsp\Debug\libDiscovery_m6plus_BSP.a(_startup.o)
 .debug_abbrev  0x0000080d      0x165 C:\Users\Jeff\Documents\svn\reclone-sdk.git\branches\develop\bsp\discovery_m6plus_bsp\Debug\libDiscovery_m6plus_BSP.a(_syscalls.o)
 .debug_abbrev  0x00000972       0xf0 C:\Users\Jeff\Documents\svn\reclone-sdk.git\branches\develop\bsp\discovery_m6plus_bsp\Debug\libDiscovery_m6plus_BSP.a(Trace.o)
 .debug_abbrev  0x00000a62      0x192 C:\Users\Jeff\Documents\svn\reclone-sdk.git\branches\develop\bsp\discovery_m6plus_bsp\Debug\libDiscovery_m6plus_BSP.a(trace_impl.o)
 .debug_abbrev  0x00000bf4      0x11c C:\Users\Jeff\Documents\svn\reclone-sdk.git\branches\develop\bsp\discovery_m6plus_bsp\Debug\libDiscovery_m6plus_BSP.a(_initialize_hardware.o)
 .debug_abbrev  0x00000d10      0x1f1 C:\Users\Jeff\Documents\svn\reclone-sdk.git\branches\develop\bsp\discovery_m6plus_bsp\Debug\libDiscovery_m6plus_BSP.a(stm32f4xx_hal.o)
 .debug_abbrev  0x00000f01      0x2a7 C:\Users\Jeff\Documents\svn\reclone-sdk.git\branches\develop\bsp\discovery_m6plus_bsp\Debug\libDiscovery_m6plus_BSP.a(stm32f4xx_hal_cortex.o)
 .debug_abbrev  0x000011a8      0x1ad C:\Users\Jeff\Documents\svn\reclone-sdk.git\branches\develop\bsp\discovery_m6plus_bsp\Debug\libDiscovery_m6plus_BSP.a(stm32f4xx_hal_gpio.o)
 .debug_abbrev  0x00001355      0x297 C:\Users\Jeff\Documents\svn\reclone-sdk.git\branches\develop\bsp\discovery_m6plus_bsp\Debug\libDiscovery_m6plus_BSP.a(stm32f4xx_hal_rcc.o)
 .debug_abbrev  0x000015ec      0x104 C:\Users\Jeff\Documents\svn\reclone-sdk.git\branches\develop\bsp\discovery_m6plus_bsp\Debug\libDiscovery_m6plus_BSP.a(system_stm32f4xx.o)
 .debug_abbrev  0x000016f0       0x6e C:\Users\Jeff\Documents\svn\reclone-sdk.git\branches\develop\bsp\discovery_m6plus_bsp\Debug\libDiscovery_m6plus_BSP.a(_exit.o)
 .debug_abbrev  0x0000175e       0x73 C:\Users\Jeff\Documents\svn\reclone-sdk.git\branches\develop\bsp\discovery_m6plus_bsp\Debug\libDiscovery_m6plus_BSP.a(assert.o)

.debug_line     0x00000000     0x92e4
 *(.debug_line)
 .debug_line    0x00000000      0xb54 ./src/BlinkLed.o
 .debug_line    0x00000b54      0xc5b ./src/Timer.o
 .debug_line    0x000017af      0xc9d ./src/main.o
 .debug_line    0x0000244c      0x329 C:\Users\Jeff\Documents\svn\reclone-sdk.git\branches\develop\bsp\discovery_m6plus_bsp\Debug\libDiscovery_m6plus_BSP.a(_startup.o)
 .debug_line    0x00002775      0x4e7 C:\Users\Jeff\Documents\svn\reclone-sdk.git\branches\develop\bsp\discovery_m6plus_bsp\Debug\libDiscovery_m6plus_BSP.a(_syscalls.o)
 .debug_line    0x00002c5c      0x3d1 C:\Users\Jeff\Documents\svn\reclone-sdk.git\branches\develop\bsp\discovery_m6plus_bsp\Debug\libDiscovery_m6plus_BSP.a(Trace.o)
 .debug_line    0x0000302d      0xcaf C:\Users\Jeff\Documents\svn\reclone-sdk.git\branches\develop\bsp\discovery_m6plus_bsp\Debug\libDiscovery_m6plus_BSP.a(trace_impl.o)
 .debug_line    0x00003cdc      0xb09 C:\Users\Jeff\Documents\svn\reclone-sdk.git\branches\develop\bsp\discovery_m6plus_bsp\Debug\libDiscovery_m6plus_BSP.a(_initialize_hardware.o)
 .debug_line    0x000047e5      0xcd5 C:\Users\Jeff\Documents\svn\reclone-sdk.git\branches\develop\bsp\discovery_m6plus_bsp\Debug\libDiscovery_m6plus_BSP.a(stm32f4xx_hal.o)
 .debug_line    0x000054ba      0xefe C:\Users\Jeff\Documents\svn\reclone-sdk.git\branches\develop\bsp\discovery_m6plus_bsp\Debug\libDiscovery_m6plus_BSP.a(stm32f4xx_hal_cortex.o)
 .debug_line    0x000063b8      0xd84 C:\Users\Jeff\Documents\svn\reclone-sdk.git\branches\develop\bsp\discovery_m6plus_bsp\Debug\libDiscovery_m6plus_BSP.a(stm32f4xx_hal_gpio.o)
 .debug_line    0x0000713c      0xfd8 C:\Users\Jeff\Documents\svn\reclone-sdk.git\branches\develop\bsp\discovery_m6plus_bsp\Debug\libDiscovery_m6plus_BSP.a(stm32f4xx_hal_rcc.o)
 .debug_line    0x00008114      0xb78 C:\Users\Jeff\Documents\svn\reclone-sdk.git\branches\develop\bsp\discovery_m6plus_bsp\Debug\libDiscovery_m6plus_BSP.a(system_stm32f4xx.o)
 .debug_line    0x00008c8c      0x309 C:\Users\Jeff\Documents\svn\reclone-sdk.git\branches\develop\bsp\discovery_m6plus_bsp\Debug\libDiscovery_m6plus_BSP.a(_exit.o)
 .debug_line    0x00008f95      0x34f C:\Users\Jeff\Documents\svn\reclone-sdk.git\branches\develop\bsp\discovery_m6plus_bsp\Debug\libDiscovery_m6plus_BSP.a(assert.o)

.debug_frame    0x00000000     0x1154
 *(.debug_frame)
 .debug_frame   0x00000000       0x2c ./src/BlinkLed.o
 .debug_frame   0x0000002c       0x30 ./src/Timer.o
 .debug_frame   0x0000005c       0x2c ./src/main.o
 .debug_frame   0x00000088       0xa8 C:\Users\Jeff\Documents\svn\reclone-sdk.git\branches\develop\bsp\discovery_m6plus_bsp\Debug\libDiscovery_m6plus_BSP.a(_startup.o)
 .debug_frame   0x00000130      0x2e4 C:\Users\Jeff\Documents\svn\reclone-sdk.git\branches\develop\bsp\discovery_m6plus_bsp\Debug\libDiscovery_m6plus_BSP.a(_syscalls.o)
 .debug_frame   0x00000414       0x98 C:\Users\Jeff\Documents\svn\reclone-sdk.git\branches\develop\bsp\discovery_m6plus_bsp\Debug\libDiscovery_m6plus_BSP.a(Trace.o)
 .debug_frame   0x000004ac       0x6c C:\Users\Jeff\Documents\svn\reclone-sdk.git\branches\develop\bsp\discovery_m6plus_bsp\Debug\libDiscovery_m6plus_BSP.a(trace_impl.o)
 .debug_frame   0x00000518       0x68 C:\Users\Jeff\Documents\svn\reclone-sdk.git\branches\develop\bsp\discovery_m6plus_bsp\Debug\libDiscovery_m6plus_BSP.a(_initialize_hardware.o)
 .debug_frame   0x00000580      0x228 C:\Users\Jeff\Documents\svn\reclone-sdk.git\branches\develop\bsp\discovery_m6plus_bsp\Debug\libDiscovery_m6plus_BSP.a(stm32f4xx_hal.o)
 .debug_frame   0x000007a8      0x380 C:\Users\Jeff\Documents\svn\reclone-sdk.git\branches\develop\bsp\discovery_m6plus_bsp\Debug\libDiscovery_m6plus_BSP.a(stm32f4xx_hal_cortex.o)
 .debug_frame   0x00000b28      0x10c C:\Users\Jeff\Documents\svn\reclone-sdk.git\branches\develop\bsp\discovery_m6plus_bsp\Debug\libDiscovery_m6plus_BSP.a(stm32f4xx_hal_gpio.o)
 .debug_frame   0x00000c34      0x1a0 C:\Users\Jeff\Documents\svn\reclone-sdk.git\branches\develop\bsp\discovery_m6plus_bsp\Debug\libDiscovery_m6plus_BSP.a(stm32f4xx_hal_rcc.o)
 .debug_frame   0x00000dd4       0x44 C:\Users\Jeff\Documents\svn\reclone-sdk.git\branches\develop\bsp\discovery_m6plus_bsp\Debug\libDiscovery_m6plus_BSP.a(system_stm32f4xx.o)
 .debug_frame   0x00000e18       0x48 C:\Users\Jeff\Documents\svn\reclone-sdk.git\branches\develop\bsp\discovery_m6plus_bsp\Debug\libDiscovery_m6plus_BSP.a(_exit.o)
 .debug_frame   0x00000e60       0x50 C:\Users\Jeff\Documents\svn\reclone-sdk.git\branches\develop\bsp\discovery_m6plus_bsp\Debug\libDiscovery_m6plus_BSP.a(assert.o)
 .debug_frame   0x00000eb0       0x20 c:/program files (x86)/gnu tools arm embedded/4.8 2014q2/bin/../lib/gcc/arm-none-eabi/4.8.4/../../../../arm-none-eabi/lib/armv7e-m\libg_s.a(lib_a-strlen.o)
 .debug_frame   0x00000ed0       0x4c c:/program files (x86)/gnu tools arm embedded/4.8 2014q2/bin/../lib/gcc/arm-none-eabi/4.8.4/../../../../arm-none-eabi/lib/armv7e-m\libg_s.a(lib_a-vsnprintf.o)
 .debug_frame   0x00000f1c       0x88 c:/program files (x86)/gnu tools arm embedded/4.8 2014q2/bin/../lib/gcc/arm-none-eabi/4.8.4/../../../../arm-none-eabi/lib/armv7e-m\libg_s.a(lib_a-svfprintf.o)
 .debug_frame   0x00000fa4       0x60 c:/program files (x86)/gnu tools arm embedded/4.8 2014q2/bin/../lib/gcc/arm-none-eabi/4.8.4/../../../../arm-none-eabi/lib/armv7e-m\libg_s.a(lib_a-vfprintf_i.o)
 .debug_frame   0x00001004       0x28 c:/program files (x86)/gnu tools arm embedded/4.8 2014q2/bin/../lib/gcc/arm-none-eabi/4.8.4/../../../../arm-none-eabi/lib/armv7e-m\libg_s.a(lib_a-memchr-stub.o)
 .debug_frame   0x0000102c       0x28 c:/program files (x86)/gnu tools arm embedded/4.8 2014q2/bin/../lib/gcc/arm-none-eabi/4.8.4/../../../../arm-none-eabi/lib/armv7e-m\libg_s.a(lib_a-memcpy-stub.o)
 .debug_frame   0x00001054       0x2c c:/program files (x86)/gnu tools arm embedded/4.8 2014q2/bin/../lib/gcc/arm-none-eabi/4.8.4/../../../../arm-none-eabi/lib/armv7e-m\libg_s.a(lib_a-memmove.o)
 .debug_frame   0x00001080       0x2c c:/program files (x86)/gnu tools arm embedded/4.8 2014q2/bin/../lib/gcc/arm-none-eabi/4.8.4/../../../../arm-none-eabi/lib/armv7e-m\libg_s.a(lib_a-nano-freer.o)
 .debug_frame   0x000010ac       0x2c c:/program files (x86)/gnu tools arm embedded/4.8 2014q2/bin/../lib/gcc/arm-none-eabi/4.8.4/../../../../arm-none-eabi/lib/armv7e-m\libg_s.a(lib_a-nano-mallocr.o)
 .debug_frame   0x000010d8       0x30 c:/program files (x86)/gnu tools arm embedded/4.8 2014q2/bin/../lib/gcc/arm-none-eabi/4.8.4/../../../../arm-none-eabi/lib/armv7e-m\libg_s.a(lib_a-nano-reallocr.o)
 .debug_frame   0x00001108       0x2c c:/program files (x86)/gnu tools arm embedded/4.8 2014q2/bin/../lib/gcc/arm-none-eabi/4.8.4/../../../../arm-none-eabi/lib/armv7e-m\libg_s.a(lib_a-sbrkr.o)
 .debug_frame   0x00001134       0x20 c:/program files (x86)/gnu tools arm embedded/4.8 2014q2/bin/../lib/gcc/arm-none-eabi/4.8.4/../../../../arm-none-eabi/lib/armv7e-m\libg_s.a(lib_a-nano-msizer.o)

.debug_str      0x00000000    0xa25d5
 *(.debug_str)
 .debug_str     0x00000000    0x9d014 ./src/BlinkLed.o
                              0x9d328 (size before relaxing)
 .debug_str     0x0009d014       0xfc ./src/Timer.o
                              0x9d0c1 (size before relaxing)
 .debug_str     0x0009d110     0x13d6 ./src/main.o
                              0x9e6c6 (size before relaxing)
 .debug_str     0x0009e4e6      0x89a C:\Users\Jeff\Documents\svn\reclone-sdk.git\branches\develop\bsp\discovery_m6plus_bsp\Debug\libDiscovery_m6plus_BSP.a(_startup.o)
                               0x3ef2 (size before relaxing)
 .debug_str     0x0009ed80     0x12b2 C:\Users\Jeff\Documents\svn\reclone-sdk.git\branches\develop\bsp\discovery_m6plus_bsp\Debug\libDiscovery_m6plus_BSP.a(_syscalls.o)
                               0x536e (size before relaxing)
 .debug_str     0x000a0032      0xfe0 C:\Users\Jeff\Documents\svn\reclone-sdk.git\branches\develop\bsp\discovery_m6plus_bsp\Debug\libDiscovery_m6plus_BSP.a(Trace.o)
                               0x65ba (size before relaxing)
 .debug_str     0x000a1012      0x38b C:\Users\Jeff\Documents\svn\reclone-sdk.git\branches\develop\bsp\discovery_m6plus_bsp\Debug\libDiscovery_m6plus_BSP.a(trace_impl.o)
                              0x9de9b (size before relaxing)
 .debug_str     0x000a139d      0x192 C:\Users\Jeff\Documents\svn\reclone-sdk.git\branches\develop\bsp\discovery_m6plus_bsp\Debug\libDiscovery_m6plus_BSP.a(_initialize_hardware.o)
                              0x9cfd9 (size before relaxing)
 .debug_str     0x000a152f      0x4fc C:\Users\Jeff\Documents\svn\reclone-sdk.git\branches\develop\bsp\discovery_m6plus_bsp\Debug\libDiscovery_m6plus_BSP.a(stm32f4xx_hal.o)
                              0x9d924 (size before relaxing)
 .debug_str     0x000a1a2b      0x392 C:\Users\Jeff\Documents\svn\reclone-sdk.git\branches\develop\bsp\discovery_m6plus_bsp\Debug\libDiscovery_m6plus_BSP.a(stm32f4xx_hal_cortex.o)
                              0x9d7f5 (size before relaxing)
 .debug_str     0x000a1dbd      0x288 C:\Users\Jeff\Documents\svn\reclone-sdk.git\branches\develop\bsp\discovery_m6plus_bsp\Debug\libDiscovery_m6plus_BSP.a(stm32f4xx_hal_gpio.o)
                              0x9d1fe (size before relaxing)
 .debug_str     0x000a2045      0x2d9 C:\Users\Jeff\Documents\svn\reclone-sdk.git\branches\develop\bsp\discovery_m6plus_bsp\Debug\libDiscovery_m6plus_BSP.a(stm32f4xx_hal_rcc.o)
                              0x9d37c (size before relaxing)
 .debug_str     0x000a231e       0xdb C:\Users\Jeff\Documents\svn\reclone-sdk.git\branches\develop\bsp\discovery_m6plus_bsp\Debug\libDiscovery_m6plus_BSP.a(system_stm32f4xx.o)
                              0x9cfaf (size before relaxing)
 .debug_str     0x000a23f9      0x10b C:\Users\Jeff\Documents\svn\reclone-sdk.git\branches\develop\bsp\discovery_m6plus_bsp\Debug\libDiscovery_m6plus_BSP.a(_exit.o)
                               0x4ef6 (size before relaxing)
 .debug_str     0x000a2504       0xd1 C:\Users\Jeff\Documents\svn\reclone-sdk.git\branches\develop\bsp\discovery_m6plus_bsp\Debug\libDiscovery_m6plus_BSP.a(assert.o)
                               0x58b1 (size before relaxing)

.debug_loc      0x00000000       0xdb
 *(.debug_loc)
 .debug_loc     0x00000000       0x21 ./src/BlinkLed.o
 .debug_loc     0x00000021       0xba ./src/main.o

.debug_macinfo
 *(.debug_macinfo)

.debug_weaknames
 *(.debug_weaknames)

.debug_funcnames
 *(.debug_funcnames)

.debug_typenames
 *(.debug_typenames)

.debug_varnames
 *(.debug_varnames)
OUTPUT(BlinkyBareMetal.elf elf32-littlearm)

.debug_ranges   0x00000000      0x440
 .debug_ranges  0x00000000       0x10 ./src/BlinkLed.o
 .debug_ranges  0x00000010       0x18 ./src/Timer.o
 .debug_ranges  0x00000028       0x10 ./src/main.o
 .debug_ranges  0x00000038       0x30 C:\Users\Jeff\Documents\svn\reclone-sdk.git\branches\develop\bsp\discovery_m6plus_bsp\Debug\libDiscovery_m6plus_BSP.a(_startup.o)
 .debug_ranges  0x00000068       0xc0 C:\Users\Jeff\Documents\svn\reclone-sdk.git\branches\develop\bsp\discovery_m6plus_bsp\Debug\libDiscovery_m6plus_BSP.a(_syscalls.o)
 .debug_ranges  0x00000128       0x28 C:\Users\Jeff\Documents\svn\reclone-sdk.git\branches\develop\bsp\discovery_m6plus_bsp\Debug\libDiscovery_m6plus_BSP.a(Trace.o)
 .debug_ranges  0x00000150       0x20 C:\Users\Jeff\Documents\svn\reclone-sdk.git\branches\develop\bsp\discovery_m6plus_bsp\Debug\libDiscovery_m6plus_BSP.a(trace_impl.o)
 .debug_ranges  0x00000170       0x20 C:\Users\Jeff\Documents\svn\reclone-sdk.git\branches\develop\bsp\discovery_m6plus_bsp\Debug\libDiscovery_m6plus_BSP.a(_initialize_hardware.o)
 .debug_ranges  0x00000190       0xb0 C:\Users\Jeff\Documents\svn\reclone-sdk.git\branches\develop\bsp\discovery_m6plus_bsp\Debug\libDiscovery_m6plus_BSP.a(stm32f4xx_hal.o)
 .debug_ranges  0x00000240       0xf8 C:\Users\Jeff\Documents\svn\reclone-sdk.git\branches\develop\bsp\discovery_m6plus_bsp\Debug\libDiscovery_m6plus_BSP.a(stm32f4xx_hal_cortex.o)
 .debug_ranges  0x00000338       0x48 C:\Users\Jeff\Documents\svn\reclone-sdk.git\branches\develop\bsp\discovery_m6plus_bsp\Debug\libDiscovery_m6plus_BSP.a(stm32f4xx_hal_gpio.o)
 .debug_ranges  0x00000380       0x78 C:\Users\Jeff\Documents\svn\reclone-sdk.git\branches\develop\bsp\discovery_m6plus_bsp\Debug\libDiscovery_m6plus_BSP.a(stm32f4xx_hal_rcc.o)
 .debug_ranges  0x000003f8       0x18 C:\Users\Jeff\Documents\svn\reclone-sdk.git\branches\develop\bsp\discovery_m6plus_bsp\Debug\libDiscovery_m6plus_BSP.a(system_stm32f4xx.o)
 .debug_ranges  0x00000410       0x18 C:\Users\Jeff\Documents\svn\reclone-sdk.git\branches\develop\bsp\discovery_m6plus_bsp\Debug\libDiscovery_m6plus_BSP.a(_exit.o)
 .debug_ranges  0x00000428       0x18 C:\Users\Jeff\Documents\svn\reclone-sdk.git\branches\develop\bsp\discovery_m6plus_bsp\Debug\libDiscovery_m6plus_BSP.a(assert.o)

.debug_macro    0x00000000    0x1b76e
 .debug_macro   0x00000000      0x411 ./src/BlinkLed.o
 .debug_macro   0x00000411      0x88c ./src/BlinkLed.o
 .debug_macro   0x00000c9d       0x2e ./src/BlinkLed.o
 .debug_macro   0x00000ccb       0x28 ./src/BlinkLed.o
 .debug_macro   0x00000cf3       0x3b ./src/BlinkLed.o
 .debug_macro   0x00000d2e      0x34e ./src/BlinkLed.o
 .debug_macro   0x0000107c       0x34 ./src/BlinkLed.o
 .debug_macro   0x000010b0       0x26 ./src/BlinkLed.o
 .debug_macro   0x000010d6      0xe43 ./src/BlinkLed.o
 .debug_macro   0x00001f19     0x9335 ./src/BlinkLed.o
 .debug_macro   0x0000b24e       0x43 ./src/BlinkLed.o
 .debug_macro   0x0000b291      0x24a ./src/BlinkLed.o
 .debug_macro   0x0000b4db     0x3222 ./src/BlinkLed.o
 .debug_macro   0x0000e6fd       0x58 ./src/BlinkLed.o
 .debug_macro   0x0000e755       0x16 ./src/BlinkLed.o
 .debug_macro   0x0000e76b       0x35 ./src/BlinkLed.o
 .debug_macro   0x0000e7a0       0xa3 ./src/BlinkLed.o
 .debug_macro   0x0000e843       0x16 ./src/BlinkLed.o
 .debug_macro   0x0000e859       0x97 ./src/BlinkLed.o
 .debug_macro   0x0000e8f0       0x10 ./src/BlinkLed.o
 .debug_macro   0x0000e900       0xfd ./src/BlinkLed.o
 .debug_macro   0x0000e9fd       0x4a ./src/BlinkLed.o
 .debug_macro   0x0000ea47       0x52 ./src/BlinkLed.o
 .debug_macro   0x0000ea99       0x16 ./src/BlinkLed.o
 .debug_macro   0x0000eaaf       0x43 ./src/BlinkLed.o
 .debug_macro   0x0000eaf2      0x180 ./src/BlinkLed.o
 .debug_macro   0x0000ec72       0x10 ./src/BlinkLed.o
 .debug_macro   0x0000ec82       0x22 ./src/BlinkLed.o
 .debug_macro   0x0000eca4       0xbd ./src/BlinkLed.o
 .debug_macro   0x0000ed61       0x16 ./src/BlinkLed.o
 .debug_macro   0x0000ed77      0x16c ./src/BlinkLed.o
 .debug_macro   0x0000eee3       0x5e ./src/BlinkLed.o
 .debug_macro   0x0000ef41      0x71f ./src/BlinkLed.o
 .debug_macro   0x0000f660      0x8b5 ./src/BlinkLed.o
 .debug_macro   0x0000ff15      0x11e ./src/BlinkLed.o
 .debug_macro   0x00010033      0x13e ./src/BlinkLed.o
 .debug_macro   0x00010171       0x27 ./src/BlinkLed.o
 .debug_macro   0x00010198      0x272 ./src/BlinkLed.o
 .debug_macro   0x0001040a       0x5f ./src/BlinkLed.o
 .debug_macro   0x00010469      0x241 ./src/BlinkLed.o
 .debug_macro   0x000106aa      0x31a ./src/BlinkLed.o
 .debug_macro   0x000109c4      0x162 ./src/BlinkLed.o
 .debug_macro   0x00010b26       0xd6 ./src/BlinkLed.o
 .debug_macro   0x00010bfc      0x360 ./src/BlinkLed.o
 .debug_macro   0x00010f5c       0x23 ./src/BlinkLed.o
 .debug_macro   0x00010f7f       0xe6 ./src/BlinkLed.o
 .debug_macro   0x00011065       0xa1 ./src/BlinkLed.o
 .debug_macro   0x00011106       0x3c ./src/BlinkLed.o
 .debug_macro   0x00011142      0x1af ./src/BlinkLed.o
 .debug_macro   0x000112f1      0xd93 ./src/BlinkLed.o
 .debug_macro   0x00012084      0x13a ./src/BlinkLed.o
 .debug_macro   0x000121be      0x21e ./src/BlinkLed.o
 .debug_macro   0x000123dc       0x2e ./src/BlinkLed.o
 .debug_macro   0x0001240a      0x4ef ./src/BlinkLed.o
 .debug_macro   0x000128f9       0x88 ./src/BlinkLed.o
 .debug_macro   0x00012981       0xd5 ./src/BlinkLed.o
 .debug_macro   0x00012a56      0x183 ./src/BlinkLed.o
 .debug_macro   0x00012bd9      0x17d ./src/BlinkLed.o
 .debug_macro   0x00012d56       0x9e ./src/BlinkLed.o
 .debug_macro   0x00012df4      0x18b ./src/BlinkLed.o
 .debug_macro   0x00012f7f       0x24 ./src/BlinkLed.o
 .debug_macro   0x00012fa3       0x35 ./src/BlinkLed.o
 .debug_macro   0x00012fd8       0x97 ./src/BlinkLed.o
 .debug_macro   0x0001306f      0x11e ./src/BlinkLed.o
 .debug_macro   0x0001318d       0x7f ./src/BlinkLed.o
 .debug_macro   0x0001320c       0x89 ./src/BlinkLed.o
 .debug_macro   0x00013295       0x7e ./src/BlinkLed.o
 .debug_macro   0x00013313      0x31a ./src/BlinkLed.o
 .debug_macro   0x0001362d      0x409 ./src/BlinkLed.o
 .debug_macro   0x00013a36       0xe4 ./src/BlinkLed.o
 .debug_macro   0x00013b1a      0x48d ./src/BlinkLed.o
 .debug_macro   0x00013fa7      0x22b ./src/BlinkLed.o
 .debug_macro   0x000141d2      0x202 ./src/BlinkLed.o
 .debug_macro   0x000143d4      0x6d9 ./src/BlinkLed.o
 .debug_macro   0x00014aad       0x59 ./src/BlinkLed.o
 .debug_macro   0x00014b06      0x14d ./src/BlinkLed.o
 .debug_macro   0x00014c53      0x287 ./src/BlinkLed.o
 .debug_macro   0x00014eda      0x225 ./src/BlinkLed.o
 .debug_macro   0x000150ff      0x1b5 ./src/BlinkLed.o
 .debug_macro   0x000152b4      0x2db ./src/BlinkLed.o
 .debug_macro   0x0001558f       0x94 ./src/BlinkLed.o
 .debug_macro   0x00015623      0x1df ./src/BlinkLed.o
 .debug_macro   0x00015802      0x11c ./src/BlinkLed.o
 .debug_macro   0x0001591e       0x75 ./src/BlinkLed.o
 .debug_macro   0x00015993       0xac ./src/BlinkLed.o
 .debug_macro   0x00015a3f      0x125 ./src/BlinkLed.o
 .debug_macro   0x00015b64       0x28 ./src/BlinkLed.o
 .debug_macro   0x00015b8c      0x420 ./src/Timer.o
 .debug_macro   0x00015fac      0x44a ./src/main.o
 .debug_macro   0x000163f6       0x16 ./src/main.o
 .debug_macro   0x0001640c       0x35 ./src/main.o
 .debug_macro   0x00016441      0x48e ./src/main.o
 .debug_macro   0x000168cf       0x2e ./src/main.o
 .debug_macro   0x000168fd       0xe7 C:\Users\Jeff\Documents\svn\reclone-sdk.git\branches\develop\bsp\discovery_m6plus_bsp\Debug\libDiscovery_m6plus_BSP.a(_startup.o)
 .debug_macro   0x000169e4      0x86e C:\Users\Jeff\Documents\svn\reclone-sdk.git\branches\develop\bsp\discovery_m6plus_bsp\Debug\libDiscovery_m6plus_BSP.a(_startup.o)
 .debug_macro   0x00017252       0x44 C:\Users\Jeff\Documents\svn\reclone-sdk.git\branches\develop\bsp\discovery_m6plus_bsp\Debug\libDiscovery_m6plus_BSP.a(_startup.o)
 .debug_macro   0x00017296      0x209 C:\Users\Jeff\Documents\svn\reclone-sdk.git\branches\develop\bsp\discovery_m6plus_bsp\Debug\libDiscovery_m6plus_BSP.a(_startup.o)
 .debug_macro   0x0001749f       0xa3 C:\Users\Jeff\Documents\svn\reclone-sdk.git\branches\develop\bsp\discovery_m6plus_bsp\Debug\libDiscovery_m6plus_BSP.a(_startup.o)
 .debug_macro   0x00017542       0x19 C:\Users\Jeff\Documents\svn\reclone-sdk.git\branches\develop\bsp\discovery_m6plus_bsp\Debug\libDiscovery_m6plus_BSP.a(_startup.o)
 .debug_macro   0x0001755b      0x16d C:\Users\Jeff\Documents\svn\reclone-sdk.git\branches\develop\bsp\discovery_m6plus_bsp\Debug\libDiscovery_m6plus_BSP.a(_startup.o)
 .debug_macro   0x000176c8      0x169 C:\Users\Jeff\Documents\svn\reclone-sdk.git\branches\develop\bsp\discovery_m6plus_bsp\Debug\libDiscovery_m6plus_BSP.a(_syscalls.o)
 .debug_macro   0x00017831       0x1c C:\Users\Jeff\Documents\svn\reclone-sdk.git\branches\develop\bsp\discovery_m6plus_bsp\Debug\libDiscovery_m6plus_BSP.a(_syscalls.o)
 .debug_macro   0x0001784d       0x10 C:\Users\Jeff\Documents\svn\reclone-sdk.git\branches\develop\bsp\discovery_m6plus_bsp\Debug\libDiscovery_m6plus_BSP.a(_syscalls.o)
 .debug_macro   0x0001785d       0x43 C:\Users\Jeff\Documents\svn\reclone-sdk.git\branches\develop\bsp\discovery_m6plus_bsp\Debug\libDiscovery_m6plus_BSP.a(_syscalls.o)
 .debug_macro   0x000178a0      0x23b C:\Users\Jeff\Documents\svn\reclone-sdk.git\branches\develop\bsp\discovery_m6plus_bsp\Debug\libDiscovery_m6plus_BSP.a(_syscalls.o)
 .debug_macro   0x00017adb       0x10 C:\Users\Jeff\Documents\svn\reclone-sdk.git\branches\develop\bsp\discovery_m6plus_bsp\Debug\libDiscovery_m6plus_BSP.a(_syscalls.o)
 .debug_macro   0x00017aeb       0x35 C:\Users\Jeff\Documents\svn\reclone-sdk.git\branches\develop\bsp\discovery_m6plus_bsp\Debug\libDiscovery_m6plus_BSP.a(_syscalls.o)
 .debug_macro   0x00017b20       0x10 C:\Users\Jeff\Documents\svn\reclone-sdk.git\branches\develop\bsp\discovery_m6plus_bsp\Debug\libDiscovery_m6plus_BSP.a(_syscalls.o)
 .debug_macro   0x00017b30       0x10 C:\Users\Jeff\Documents\svn\reclone-sdk.git\branches\develop\bsp\discovery_m6plus_bsp\Debug\libDiscovery_m6plus_BSP.a(_syscalls.o)
 .debug_macro   0x00017b40       0x35 C:\Users\Jeff\Documents\svn\reclone-sdk.git\branches\develop\bsp\discovery_m6plus_bsp\Debug\libDiscovery_m6plus_BSP.a(_syscalls.o)
 .debug_macro   0x00017b75      0x120 C:\Users\Jeff\Documents\svn\reclone-sdk.git\branches\develop\bsp\discovery_m6plus_bsp\Debug\libDiscovery_m6plus_BSP.a(_syscalls.o)
 .debug_macro   0x00017c95       0x22 C:\Users\Jeff\Documents\svn\reclone-sdk.git\branches\develop\bsp\discovery_m6plus_bsp\Debug\libDiscovery_m6plus_BSP.a(_syscalls.o)
 .debug_macro   0x00017cb7       0x2b C:\Users\Jeff\Documents\svn\reclone-sdk.git\branches\develop\bsp\discovery_m6plus_bsp\Debug\libDiscovery_m6plus_BSP.a(_syscalls.o)
 .debug_macro   0x00017ce2      0x118 C:\Users\Jeff\Documents\svn\reclone-sdk.git\branches\develop\bsp\discovery_m6plus_bsp\Debug\libDiscovery_m6plus_BSP.a(_syscalls.o)
 .debug_macro   0x00017dfa      0x13a C:\Users\Jeff\Documents\svn\reclone-sdk.git\branches\develop\bsp\discovery_m6plus_bsp\Debug\libDiscovery_m6plus_BSP.a(_syscalls.o)
 .debug_macro   0x00017f34       0x16 C:\Users\Jeff\Documents\svn\reclone-sdk.git\branches\develop\bsp\discovery_m6plus_bsp\Debug\libDiscovery_m6plus_BSP.a(_syscalls.o)
 .debug_macro   0x00017f4a      0x15a C:\Users\Jeff\Documents\svn\reclone-sdk.git\branches\develop\bsp\discovery_m6plus_bsp\Debug\libDiscovery_m6plus_BSP.a(Trace.o)
 .debug_macro   0x000180a4       0x97 C:\Users\Jeff\Documents\svn\reclone-sdk.git\branches\develop\bsp\discovery_m6plus_bsp\Debug\libDiscovery_m6plus_BSP.a(Trace.o)
 .debug_macro   0x0001813b       0xf6 C:\Users\Jeff\Documents\svn\reclone-sdk.git\branches\develop\bsp\discovery_m6plus_bsp\Debug\libDiscovery_m6plus_BSP.a(Trace.o)
 .debug_macro   0x00018231       0x52 C:\Users\Jeff\Documents\svn\reclone-sdk.git\branches\develop\bsp\discovery_m6plus_bsp\Debug\libDiscovery_m6plus_BSP.a(Trace.o)
 .debug_macro   0x00018283      0x283 C:\Users\Jeff\Documents\svn\reclone-sdk.git\branches\develop\bsp\discovery_m6plus_bsp\Debug\libDiscovery_m6plus_BSP.a(Trace.o)
 .debug_macro   0x00018506       0x10 C:\Users\Jeff\Documents\svn\reclone-sdk.git\branches\develop\bsp\discovery_m6plus_bsp\Debug\libDiscovery_m6plus_BSP.a(Trace.o)
 .debug_macro   0x00018516       0x1f C:\Users\Jeff\Documents\svn\reclone-sdk.git\branches\develop\bsp\discovery_m6plus_bsp\Debug\libDiscovery_m6plus_BSP.a(Trace.o)
 .debug_macro   0x00018535      0x454 C:\Users\Jeff\Documents\svn\reclone-sdk.git\branches\develop\bsp\discovery_m6plus_bsp\Debug\libDiscovery_m6plus_BSP.a(trace_impl.o)
 .debug_macro   0x00018989      0xe43 C:\Users\Jeff\Documents\svn\reclone-sdk.git\branches\develop\bsp\discovery_m6plus_bsp\Debug\libDiscovery_m6plus_BSP.a(trace_impl.o)
 .debug_macro   0x000197cc       0x22 C:\Users\Jeff\Documents\svn\reclone-sdk.git\branches\develop\bsp\discovery_m6plus_bsp\Debug\libDiscovery_m6plus_BSP.a(trace_impl.o)
 .debug_macro   0x000197ee      0x40e C:\Users\Jeff\Documents\svn\reclone-sdk.git\branches\develop\bsp\discovery_m6plus_bsp\Debug\libDiscovery_m6plus_BSP.a(_initialize_hardware.o)
 .debug_macro   0x00019bfc      0x45c C:\Users\Jeff\Documents\svn\reclone-sdk.git\branches\develop\bsp\discovery_m6plus_bsp\Debug\libDiscovery_m6plus_BSP.a(stm32f4xx_hal.o)
 .debug_macro   0x0001a058      0x40e C:\Users\Jeff\Documents\svn\reclone-sdk.git\branches\develop\bsp\discovery_m6plus_bsp\Debug\libDiscovery_m6plus_BSP.a(stm32f4xx_hal_cortex.o)
 .debug_macro   0x0001a466      0x446 C:\Users\Jeff\Documents\svn\reclone-sdk.git\branches\develop\bsp\discovery_m6plus_bsp\Debug\libDiscovery_m6plus_BSP.a(stm32f4xx_hal_gpio.o)
 .debug_macro   0x0001a8ac      0x438 C:\Users\Jeff\Documents\svn\reclone-sdk.git\branches\develop\bsp\discovery_m6plus_bsp\Debug\libDiscovery_m6plus_BSP.a(stm32f4xx_hal_rcc.o)
 .debug_macro   0x0001ace4      0x414 C:\Users\Jeff\Documents\svn\reclone-sdk.git\branches\develop\bsp\discovery_m6plus_bsp\Debug\libDiscovery_m6plus_BSP.a(system_stm32f4xx.o)
 .debug_macro   0x0001b0f8      0x11b C:\Users\Jeff\Documents\svn\reclone-sdk.git\branches\develop\bsp\discovery_m6plus_bsp\Debug\libDiscovery_m6plus_BSP.a(_exit.o)
 .debug_macro   0x0001b213       0x16 C:\Users\Jeff\Documents\svn\reclone-sdk.git\branches\develop\bsp\discovery_m6plus_bsp\Debug\libDiscovery_m6plus_BSP.a(_exit.o)
 .debug_macro   0x0001b229      0x10e C:\Users\Jeff\Documents\svn\reclone-sdk.git\branches\develop\bsp\discovery_m6plus_bsp\Debug\libDiscovery_m6plus_BSP.a(_exit.o)
 .debug_macro   0x0001b337       0x86 C:\Users\Jeff\Documents\svn\reclone-sdk.git\branches\develop\bsp\discovery_m6plus_bsp\Debug\libDiscovery_m6plus_BSP.a(_exit.o)
 .debug_macro   0x0001b3bd       0x16 C:\Users\Jeff\Documents\svn\reclone-sdk.git\branches\develop\bsp\discovery_m6plus_bsp\Debug\libDiscovery_m6plus_BSP.a(_exit.o)
 .debug_macro   0x0001b3d3       0x29 C:\Users\Jeff\Documents\svn\reclone-sdk.git\branches\develop\bsp\discovery_m6plus_bsp\Debug\libDiscovery_m6plus_BSP.a(_exit.o)
 .debug_macro   0x0001b3fc       0x10 C:\Users\Jeff\Documents\svn\reclone-sdk.git\branches\develop\bsp\discovery_m6plus_bsp\Debug\libDiscovery_m6plus_BSP.a(_exit.o)
 .debug_macro   0x0001b40c      0x137 C:\Users\Jeff\Documents\svn\reclone-sdk.git\branches\develop\bsp\discovery_m6plus_bsp\Debug\libDiscovery_m6plus_BSP.a(assert.o)
 .debug_macro   0x0001b543       0x1c C:\Users\Jeff\Documents\svn\reclone-sdk.git\branches\develop\bsp\discovery_m6plus_bsp\Debug\libDiscovery_m6plus_BSP.a(assert.o)
 .debug_macro   0x0001b55f      0x20f C:\Users\Jeff\Documents\svn\reclone-sdk.git\branches\develop\bsp\discovery_m6plus_bsp\Debug\libDiscovery_m6plus_BSP.a(assert.o)
